 zlibwapi

 Timestamp is 52a7366b (Tue Dec 10 16:42:35 2013)

 Preferred load address is 10000000

 Start         Length     Name                   Class
 0001:00000000 00018b4aH .text                   CODE
 0002:00000000 00000110H .idata$5                DATA
 0002:00000110 00000004H .CRT$XCA                DATA
 0002:00000114 00000004H .CRT$XCZ                DATA
 0002:00000118 00000004H .CRT$XIA                DATA
 0002:0000011c 00000010H .CRT$XIC                DATA
 0002:0000012c 00000004H .CRT$XIZ                DATA
 0002:00000130 00000004H .CRT$XPA                DATA
 0002:00000134 00000004H .CRT$XPX                DATA
 0002:00000138 00000004H .CRT$XPXA               DATA
 0002:0000013c 00000004H .CRT$XPZ                DATA
 0002:00000140 00000004H .CRT$XTA                DATA
 0002:00000144 00000004H .CRT$XTZ                DATA
 0002:00000148 00005d98H .rdata                  DATA
 0002:00005ee0 00000004H .rtc$IAA                DATA
 0002:00005ee4 00000004H .rtc$IZZ                DATA
 0002:00005ee8 00000004H .rtc$TAA                DATA
 0002:00005eec 00000004H .rtc$TZZ                DATA
 0002:00005ef0 0000041cH .xdata$x                DATA
 0002:0000630c 00000014H .idata$2                DATA
 0002:00006320 00000014H .idata$3                DATA
 0002:00006334 00000110H .idata$4                DATA
 0002:00006444 000004caH .idata$6                DATA
 0002:00006910 00000c11H .edata                  DATA
 0003:00000000 00000fd0H .data                   DATA
 0003:00000fe0 00001de4H .bss                    DATA
 0004:00000000 00000058H .rsrc$01                DATA
 0004:00000060 00000330H .rsrc$02                DATA

  Address         Publics by Value              Rva+Base       Lib:Object

 0000:00000000       ___safe_se_handler_count   00000000     <absolute>
 0000:00000000       __except_list              00000000     <absolute>
 0000:00000000       ___safe_se_handler_table   00000000     <absolute>
 0000:00000000       ___ImageBase               10000000     <linker-defined>
 0001:00000000       _adler32@12                10001000 f   adler32.obj
 0001:00000330       _adler32_combine@12        10001330 f   adler32.obj
 0001:00000350       _compress2@20              10001350 f   compress.obj
 0001:00000400       _compress@16               10001400 f   compress.obj
 0001:00000420       _compressBound@4           10001420 f   compress.obj
 0001:00000440       _get_crc_table@0           10001440 f   crc32.obj
 0001:00000450       _crc32@12                  10001450 f   crc32.obj
 0001:00000860       _crc32_combine@12          10001860 f   crc32.obj
 0001:00000880       _deflateInit_@16           10001880 f   deflate.obj
 0001:000008b0       _deflateInit2_@32          100018b0 f   deflate.obj
 0001:00000af0       _deflateSetDictionary@12   10001af0 f   deflate.obj
 0001:00000c80       _deflateResetKeep@4        10001c80 f   deflate.obj
 0001:00000d30       _deflateReset@4            10001d30 f   deflate.obj
 0001:00000d60       _deflateSetHeader@8        10001d60 f   deflate.obj
 0001:00000d90       _deflatePending@12         10001d90 f   deflate.obj
 0001:00000dd0       _deflatePrime@12           10001dd0 f   deflate.obj
 0001:00000e60       _deflateParams@12          10001e60 f   deflate.obj
 0001:00000f60       _deflateTune@20            10001f60 f   deflate.obj
 0001:00000fb0       _deflateBound@8            10001fb0 f   deflate.obj
 0001:00001110       _deflate@8                 10002110 f   deflate.obj
 0001:00001970       _deflateEnd@4              10002970 f   deflate.obj
 0001:00001a50       _deflateCopy@8             10002a50 f   deflate.obj
 0001:00002ba0       _gzclose@4                 10003ba0 f   gzclose.obj
 0001:00002ee0       _gzopen@8                  10003ee0 f   gzlib.obj
 0001:00002f00       _gzdopen@8                 10003f00 f   gzlib.obj
 0001:00002f50       _gzopen_w@8                10003f50 f   gzlib.obj
 0001:00002f70       _gzbuffer@8                10003f70 f   gzlib.obj
 0001:00002fb0       _gzrewind@4                10003fb0 f   gzlib.obj
 0001:00003010       _gzseek64@16               10004010 f   gzlib.obj
 0001:00003180       _gzseek@12                 10004180 f   gzlib.obj
 0001:000031c0       _gztell64@4                100041c0 f   gzlib.obj
 0001:00003210       _gztell@4                  10004210 f   gzlib.obj
 0001:00003240       _gzoffset64@4              10004240 f   gzlib.obj
 0001:00003290       _gzoffset@4                10004290 f   gzlib.obj
 0001:000032c0       _gzeof@4                   100042c0 f   gzlib.obj
 0001:000032f0       _gzerror@8                 100042f0 f   gzlib.obj
 0001:00003330       _gzclearerr@4              10004330 f   gzlib.obj
 0001:00003370       _gz_error                  10004370 f   gzlib.obj
 0001:000038c0       _gzread@12                 100048c0 f   gzread.obj
 0001:00003a40       _gzgetc@4                  10004a40 f   gzread.obj
 0001:00003aa0       _gzgetc_@4                 10004aa0 f   gzread.obj
 0001:00003ab0       _gzungetc@8                10004ab0 f   gzread.obj
 0001:00003ba0       _gzgets@12                 10004ba0 f   gzread.obj
 0001:00003cb0       _gzdirect@4                10004cb0 f   gzread.obj
 0001:00003cf0       _gzclose_r@4               10004cf0 f   gzread.obj
 0001:00004030       _gzwrite@12                10005030 f   gzwrite.obj
 0001:00004140       _gzputc@8                  10005140 f   gzwrite.obj
 0001:000041f0       _gzputs@8                  100051f0 f   gzwrite.obj
 0001:00004230       _gzprintf                  10005230 f   gzwrite.obj
 0001:00004300       _gzflush@8                 10005300 f   gzwrite.obj
 0001:00004380       _gzsetparams@12            10005380 f   gzwrite.obj
 0001:00004430       _gzclose_w@4               10005430 f   gzwrite.obj
 0001:000044f0       _inflateBackInit_@20       100054f0 f   infback.obj
 0001:000045e0       _inflateBack@20            100055e0 f   infback.obj
 0001:000052e0       _inflateBackEnd@4          100062e0 f   infback.obj
 0001:00005320       _inflateResetKeep@4        10006320 f   inflate.obj
 0001:000053a0       _inflateReset@4            100063a0 f   inflate.obj
 0001:000053d0       _inflateReset2@8           100063d0 f   inflate.obj
 0001:00005460       _inflateInit2_@16          10006460 f   inflate.obj
 0001:00005520       _inflateInit_@12           10006520 f   inflate.obj
 0001:00005540       _inflatePrime@12           10006540 f   inflate.obj
 0001:000056d0       _inflate@8                 100066d0 f   inflate.obj
 0001:00006bd0       _inflateEnd@4              10007bd0 f   inflate.obj
 0001:00006c30       _inflateSetDictionary@12   10007c30 f   inflate.obj
 0001:00006d00       _inflateGetHeader@8        10007d00 f   inflate.obj
 0001:00006da0       _inflateSync@4             10007da0 f   inflate.obj
 0001:00006e90       _inflateSyncPoint@4        10007e90 f   inflate.obj
 0001:00006ed0       _inflateCopy@8             10007ed0 f   inflate.obj
 0001:00007030       _inflateUndermine@8        10008030 f   inflate.obj
 0001:00007060       _inflateMark@4             10008060 f   inflate.obj
 0001:000070d0       _inflate_table             100080d0 f   inftrees.obj
 0001:000074c0       _call_zopen64              100084c0 f   ioapi.obj
 0001:000074e0       _call_zseek64              100084e0 f   ioapi.obj
 0001:00007540       _call_ztell64              10008540 f   ioapi.obj
 0001:00007570       _fill_zlib_filefunc64_32_def_from_filefunc32 10008570 f   ioapi.obj
 0001:000076f0       _fill_fopen64_filefunc     100086f0 f   ioapi.obj
 0001:000077e0       _win32_open64_file_funcA   100087e0 f   iowin32.obj
 0001:000077e0       _win32_open_file_func      100087e0 f   iowin32.obj
 0001:000077e0       _win32_open64_file_func    100087e0 f   iowin32.obj
 0001:00007840       _win32_open64_file_funcW   10008840 f   iowin32.obj
 0001:000078a0       _win32_read_file_func      100088a0 f   iowin32.obj
 0001:000078f0       _win32_write_file_func     100088f0 f   iowin32.obj
 0001:00007940       _win32_tell_file_func      10008940 f   iowin32.obj
 0001:00007980       _win32_tell64_file_func    10008980 f   iowin32.obj
 0001:000079f0       _win32_seek_file_func      100089f0 f   iowin32.obj
 0001:00007a50       _win32_seek64_file_func    10008a50 f   iowin32.obj
 0001:00007ab0       _win32_close_file_func     10008ab0 f   iowin32.obj
 0001:00007ae0       _win32_error_file_func     10008ae0 f   iowin32.obj
 0001:00007b00       _fill_win32_filefunc       10008b00 f   iowin32.obj
 0001:00007b40       _fill_win32_filefunc64A    10008b40 f   iowin32.obj
 0001:00007b40       _fill_win32_filefunc64     10008b40 f   iowin32.obj
 0001:00007b80       _fill_win32_filefunc64W    10008b80 f   iowin32.obj
 0001:00007bc0       __tr_init                  10008bc0 f   trees.obj
 0001:00008b60       __tr_stored_block          10009b60 f   trees.obj
 0001:00008bf0       __tr_flush_bits            10009bf0 f   trees.obj
 0001:00008c00       __tr_align                 10009c00 f   trees.obj
 0001:00008cf0       __tr_flush_block           10009cf0 f   trees.obj
 0001:000094c0       _uncompress@16             1000a4c0 f   uncompr.obj
 0001:00009830       _unzStringFileNameCompare@12 1000a830 f   unzip.obj
 0001:00009f20       _unzOpen2@8                1000af20 f   unzip.obj
 0001:00009f70       _unzOpen2_64@8             1000af70 f   unzip.obj
 0001:00009fd0       _unzOpen@4                 1000afd0 f   unzip.obj
 0001:00009ff0       _unzOpen64@4               1000aff0 f   unzip.obj
 0001:0000a010       _unzClose@4                1000b010 f   unzip.obj
 0001:0000a050       _unzGetGlobalInfo64@8      1000b050 f   unzip.obj
 0001:0000a090       _unzGetGlobalInfo@8        1000b090 f   unzip.obj
 0001:0000a680       _unzGetCurrentFileInfo64@32 1000b680 f   unzip.obj
 0001:0000a6b0       _unzGetCurrentFileInfo@32  1000b6b0 f   unzip.obj
 0001:0000a790       _unzGoToFirstFile@4        1000b790 f   unzip.obj
 0001:0000a800       _unzGoToNextFile@4         1000b800 f   unzip.obj
 0001:0000a8b0       _unzLocateFile@12          1000b8b0 f   unzip.obj
 0001:0000a9f0       _unzGetFilePos64@8         1000b9f0 f   unzip.obj
 0001:0000aa40       _unzGetFilePos@8           1000ba40 f   unzip.obj
 0001:0000aa70       _unzGoToFilePos64@8        1000ba70 f   unzip.obj
 0001:0000aae0       _unzGoToFilePos@8          1000bae0 f   unzip.obj
 0001:0000ad60       _unzOpenCurrentFile3@20    1000bd60 f   unzip.obj
 0001:0000afa0       _unzOpenCurrentFile@4      1000bfa0 f   unzip.obj
 0001:0000afc0       _unzOpenCurrentFilePassword@8 1000bfc0 f   unzip.obj
 0001:0000afe0       _unzOpenCurrentFile2@16    1000bfe0 f   unzip.obj
 0001:0000b000       _unzGetCurrentFileZStreamPos64@4 1000c000 f   unzip.obj
 0001:0000b040       _unzReadCurrentFile@12     1000c040 f   unzip.obj
 0001:0000b2e0       _unztell@4                 1000c2e0 f   unzip.obj
 0001:0000b310       _unztell64@4               1000c310 f   unzip.obj
 0001:0000b340       _unzeof@4                  1000c340 f   unzip.obj
 0001:0000b380       _unzGetLocalExtrafield@12  1000c380 f   unzip.obj
 0001:0000b440       _unzCloseCurrentFile@4     1000c440 f   unzip.obj
 0001:0000b4f0       _unzGetGlobalComment@12    1000c4f0 f   unzip.obj
 0001:0000bfc0       _LoadCentralDirectoryRecord 1000cfc0 f   zip.obj
 0001:0000c460       _zipOpen3@16               1000d460 f   zip.obj
 0001:0000c5c0       _zipOpen2@16               1000d5c0 f   zip.obj
 0001:0000c610       _zipOpen2_64@16            1000d610 f   zip.obj
 0001:0000c670       _zipOpen64@8               1000d670 f   zip.obj
 0001:0000c670       _zipOpen@8                 1000d670 f   zip.obj
 0001:0000c690       _Write_LocalFileHeader     1000d690 f   zip.obj
 0001:0000c8b0       _zipOpenNewFileInZip4_64@76 1000d8b0 f   zip.obj
 0001:0000cd80       _zipOpenNewFileInZip3@64   1000dd80 f   zip.obj
 0001:0000cde0       _zipOpenNewFileInZip3_64@68 1000dde0 f   zip.obj
 0001:0000ce40       _zipOpenNewFileInZip2@44   1000de40 f   zip.obj
 0001:0000ce90       _zipOpenNewFileInZip2_64@48 1000de90 f   zip.obj
 0001:0000cee0       _zipOpenNewFileInZip64@44  1000dee0 f   zip.obj
 0001:0000cf30       _zipOpenNewFileInZip@40    1000df30 f   zip.obj
 0001:0000d040       _zipWriteInFileInZip@12    1000e040 f   zip.obj
 0001:0000d140       _zipCloseFileInZipRaw@12   1000e140 f   zip.obj
 0001:0000d160       _zipCloseFileInZipRaw64@16 1000e160 f   zip.obj
 0001:0000d670       _zipCloseFileInZip@4       1000e670 f   zip.obj
 0001:0000d690       _Write_Zip64EndOfCentralDirectoryLocator 1000e690 f   zip.obj
 0001:0000d710       _Write_Zip64EndOfCentralDirectoryRecord 1000e710 f   zip.obj
 0001:0000d830       _Write_EndOfCentralDirectoryRecord 1000e830 f   zip.obj
 0001:0000d970       _Write_GlobalComment       1000e970 f   zip.obj
 0001:0000d9e0       _zipClose@8                1000e9e0 f   zip.obj
 0001:0000db60       _zlibVersion@0             1000eb60 f   zutil.obj
 0001:0000db70       _zlibCompileFlags@0        1000eb70 f   zutil.obj
 0001:0000db80       _zError@4                  1000eb80 f   zutil.obj
 0001:0000dba0       _zcalloc                   1000eba0 f   zutil.obj
 0001:0000dbc0       _zcfree                    1000ebc0 f   zutil.obj
 0001:0000dbe0       _longest_match             1000ebe0 f   match686.obj
 0001:0000ddc8       _match_init                1000edc8 f   match686.obj
 0001:0000ded0       _inflate_fast              1000eed0 f   inffas32.obj
 0001:0000e563       _sprintf                   1000f563 f   LIBCMT:sprintf.obj
 0001:0000e5e7       __lseeki64_nolock          1000f5e7 f   LIBCMT:lseeki64.obj
 0001:0000e66c       __lseeki64                 1000f66c f   LIBCMT:lseeki64.obj
 0001:0000ee8b       __wopen                    1000fe8b f   LIBCMT:wopen.obj
 0001:0000ef39       _free                      1000ff39 f   LIBCMT:free.obj
 0001:0000ef73       _malloc                    1000ff73 f   LIBCMT:malloc.obj
 0001:0000f007       ??0_LocaleUpdate@@QAE@PAUlocaleinfo_struct@@@Z 10010007 f i LIBCMT:wcstombs.obj
 0001:0000f08e       __wcstombs_l_helper        1001008e f   LIBCMT:wcstombs.obj
 0001:0000f2f5       _wcstombs                  100102f5 f   LIBCMT:wcstombs.obj
 0001:0000f30f       __get_sys_err_msg          1001030f f i LIBCMT:strerror.obj
 0001:0000f337       _strerror                  10010337 f   LIBCMT:strerror.obj
 0001:0000f3b0       _memchr                    100103b0 f   LIBCMT:memchr.obj
 0001:0000f45d       __get_errno_from_oserr     1001045d f   LIBCMT:dosmap.obj
 0001:0000f49f       __errno                    1001049f f   LIBCMT:dosmap.obj
 0001:0000f4b2       ___doserrno                100104b2 f   LIBCMT:dosmap.obj
 0001:0000f4c5       __dosmaperr                100104c5 f   LIBCMT:dosmap.obj
 0001:0000f4e8       __ftelli64_nolock          100104e8 f   LIBCMT:ftelli64.obj
 0001:0000f832       __ftelli64                 10010832 f   LIBCMT:ftelli64.obj
 0001:0000f89f       __fseeki64_nolock          1001089f f   LIBCMT:fseeki64.obj
 0001:0000f93b       __fseeki64                 1001093b f   LIBCMT:fseeki64.obj
 0001:0000f9ba       __fsopen                   100109ba f   LIBCMT:fopen.obj
 0001:0000fa76       _fopen                     10010a76 f   LIBCMT:fopen.obj
 0001:0000fa8d       __fread_nolock_s           10010a8d f   LIBCMT:fread.obj
 0001:0000fc49       _fread_s                   10010c49 f   LIBCMT:fread.obj
 0001:0000fcd7       _fread                     10010cd7 f   LIBCMT:fread.obj
 0001:0000fcf4       _ferror                    10010cf4 f   LIBCMT:feoferr.obj
 0001:0000fd1c       __fwrite_nolock            10010d1c f   LIBCMT:fwrite.obj
 0001:0000fe73       _fwrite                    10010e73 f   LIBCMT:fwrite.obj
 0001:0000feed       __fclose_nolock            10010eed f   LIBCMT:fclose.obj
 0001:0000ff5a       _fclose                    10010f5a f   LIBCMT:fclose.obj
 0001:0000ffce       _srand                     10010fce f   LIBCMT:rand.obj
 0001:0000ffe0       _rand                      10010fe0 f   LIBCMT:rand.obj
 0001:00010001       __time64                   10011001 f   LIBCMT:time64.obj
 0001:00010052       __CRT_INIT@12              10011052 f   LIBCMT:dllcrt0.obj
 0001:000102ac       __DllMainCRTStartup@12     100112ac f   LIBCMT:dllcrt0.obj
 0001:000102cf       __flsbuf                   100112cf f   LIBCMT:_flsbuf.obj
 0001:000104c8       __output_l                 100114c8 f   LIBCMT:output.obj
 0001:000110d0       __initp_misc_invarg        100120d0 f   LIBCMT:invarg.obj
 0001:000110df       __call_reportfault         100120df f   LIBCMT:invarg.obj
 0001:00011208       __invoke_watson            10012208 f   LIBCMT:invarg.obj
 0001:0001122d       __invalid_parameter        1001222d f   LIBCMT:invarg.obj
 0001:0001125a       __invalid_parameter_noinfo 1001225a f   LIBCMT:invarg.obj
 0001:0001126a       __ioinit                   1001226a f   LIBCMT:ioinit.obj
 0001:000114af       __ioterm                   100124af f   LIBCMT:ioinit.obj
 0001:00011502       __set_osfhnd               10012502 f   LIBCMT:osfinfo.obj
 0001:00011583       __free_osfhnd              10012583 f   LIBCMT:osfinfo.obj
 0001:00011609       __get_osfhandle            10012609 f   LIBCMT:osfinfo.obj
 0001:00011672       ___lock_fhandle            10012672 f   LIBCMT:osfinfo.obj
 0001:00011711       __unlock_fhandle           10012711 f   LIBCMT:osfinfo.obj
 0001:00011738       __alloc_osfhnd             10012738 f   LIBCMT:osfinfo.obj
 0001:000118e0       __SEH_prolog4              100128e0 f   LIBCMT:sehprolg4.obj
 0001:00011925       __SEH_epilog4              10012925 f   LIBCMT:sehprolg4.obj
 0001:00011940       __except_handler4          10012940 f   LIBCMT:chandler4.obj
 0001:00011acf       __write_nolock             10012acf f   LIBCMT:write.obj
 0001:000121cc       __write                    100131cc f   LIBCMT:write.obj
 0001:000121cc       _write                     100131cc f   LIBCMT:write.obj
 0001:000122a0       __chsize_nolock            100132a0 f   LIBCMT:chsize.obj
 0001:00012456       __read_nolock              10013456 f   LIBCMT:read.obj
 0001:00012a0d       _read                      10013a0d f   LIBCMT:read.obj
 0001:00012a0d       __read                     10013a0d f   LIBCMT:read.obj
 0001:00012b03       __close_nolock             10013b03 f   LIBCMT:close.obj
 0001:00012b9f       __close                    10013b9f f   LIBCMT:close.obj
 0001:00012b9f       _close                     10013b9f f   LIBCMT:close.obj
 0001:00012c63       __lseek_nolock             10013c63 f   LIBCMT:lseek.obj
 0001:00012cd8       ___crtCorExitProcess       10013cd8 f   LIBCMT:crt0dat.obj
 0001:00012d03       ___crtExitProcess          10013d03 f   LIBCMT:crt0dat.obj
 0001:00012d1b       __lockexit                 10013d1b f   LIBCMT:crt0dat.obj
 0001:00012d24       __unlockexit               10013d24 f   LIBCMT:crt0dat.obj
 0001:00012d2d       __init_pointers            10013d2d f   LIBCMT:crt0dat.obj
 0001:00012d60       __initterm_e               10013d60 f   LIBCMT:crt0dat.obj
 0001:00012d84       __cinit                    10013d84 f   LIBCMT:crt0dat.obj
 0001:00012f5b       __exit                     10013f5b f   LIBCMT:crt0dat.obj
 0001:00012f71       __cexit                    10013f71 f   LIBCMT:crt0dat.obj
 0001:00012f80       __amsg_exit                10013f80 f   LIBCMT:crt0dat.obj
 0001:00012f9e       __setmode_nolock           10013f9e f   LIBCMT:setmode.obj
 0001:00013059       __get_fmode                10014059 f   LIBCMT:setmode.obj
 0001:00013086       __heap_init                10014086 f   LIBCMT:heapinit.obj
 0001:000130a4       __heap_term                100140a4 f   LIBCMT:heapinit.obj
 0001:000130b8       __GET_RTERRMSG             100140b8 f   LIBCMT:crt0msg.obj
 0001:000130de       __NMSG_WRITE               100140de f   LIBCMT:crt0msg.obj
 0001:0001328d       __FF_MSGBANNER             1001428d f   LIBCMT:crt0msg.obj
 0001:000132c6       __initp_heap_handler       100142c6 f   LIBCMT:handler.obj
 0001:000132d5       __callnewh                 100142d5 f   LIBCMT:handler.obj
 0001:00013520       ___updatetmbcinfo          10014520 f   LIBCMT:mbctype.obj
 0001:00013640       __setmbcp_nolock           10014640 f   LIBCMT:mbctype.obj
 0001:00013829       __setmbcp                  10014829 f   LIBCMT:mbctype.obj
 0001:000139c3       ___initmbctable            100149c3 f   LIBCMT:mbctype.obj
 0001:000139e1       ___addlocaleref            100149e1 f   LIBCMT:localref.obj
 0001:00013a70       ___removelocaleref         10014a70 f   LIBCMT:localref.obj
 0001:00013b09       ___freetlocinfo            10014b09 f   LIBCMT:localref.obj
 0001:00013c54       __updatetlocinfoEx_nolock  10014c54 f   LIBCMT:localref.obj
 0001:00013ca1       ___updatetlocinfo          10014ca1 f   LIBCMT:localref.obj
 0001:00013d1a       __encoded_null             10014d1a f   LIBCMT:tidtable.obj
 0001:00013d23       ___crtTlsAlloc@4           10014d23 f   LIBCMT:tidtable.obj
 0001:00013d2c       ___set_flsgetvalue         10014d2c f   LIBCMT:tidtable.obj
 0001:00013d60       __mtterm                   10014d60 f   LIBCMT:tidtable.obj
 0001:00013d9d       __initptd                  10014d9d f   LIBCMT:tidtable.obj
 0001:00013e51       __getptd_noexit            10014e51 f   LIBCMT:tidtable.obj
 0001:00013eca       __getptd                   10014eca f   LIBCMT:tidtable.obj
 0001:00013ee4       __freefls@4                10014ee4 f   LIBCMT:tidtable.obj
 0001:00014013       __freeptd                  10015013 f   LIBCMT:tidtable.obj
 0001:00014081       __mtinit                   10015081 f   LIBCMT:tidtable.obj
 0001:000141fc       @__security_check_cookie@4 100151fc f   LIBCMT:secchk.obj
 0001:0001420b       ___sys_nerr                1001520b f   LIBCMT:syserr.obj
 0001:00014211       ___sys_errlist             10015211 f   LIBCMT:syserr.obj
 0001:00014217       _strcpy_s                  10015217 f   LIBCMT:strcpy_s.obj
 0001:00014276       __malloc_crt               10015276 f   LIBCMT:crtheap.obj
 0001:000142bb       __calloc_crt               100152bb f   LIBCMT:crtheap.obj
 0001:00014307       __realloc_crt              10015307 f   LIBCMT:crtheap.obj
 0001:00014355       __vsnprintf_l              10015355 f   LIBCMT:vsnprint.obj
 0001:00014401       _vsnprintf                 10015401 f   LIBCMT:vsnprint.obj
 0001:00014401       __vsnprintf                10015401 f   LIBCMT:vsnprint.obj
 0001:0001441e       __fileno                   1001541e f   LIBCMT:fileno.obj
 0001:00014450       __chkstk                   10015450 f   LIBCMT:chkstk.obj
 0001:00014450       __alloca_probe             10015450     LIBCMT:chkstk.obj
 0001:0001447b       ___iob_func                1001547b f   LIBCMT:_file.obj
 0001:00014481       ___initstdio               10015481 f   LIBCMT:_file.obj
 0001:00014532       ___endstdio                10015532 f   LIBCMT:_file.obj
 0001:00014552       __lock_file                10015552 f   LIBCMT:_file.obj
 0001:00014593       __lock_file2               10015593 f   LIBCMT:_file.obj
 0001:000145c5       __unlock_file              100155c5 f   LIBCMT:_file.obj
 0001:00014601       __unlock_file2             10015601 f   LIBCMT:_file.obj
 0001:00014630       __flush                    10015630 f   LIBCMT:fflush.obj
 0001:00014698       __fflush_nolock            10015698 f   LIBCMT:fflush.obj
 0001:000147ba       __flushall                 100157ba f   LIBCMT:fflush.obj
 0001:000147c3       __openfile                 100157c3 f   LIBCMT:_open.obj
 0001:00014a5a       __getstream                10015a5a f   LIBCMT:stream.obj
 0001:00014b90       __local_unwind4            10015b90 f   LIBCMT:exsup4.obj
 0001:00014c66       __seh_longjmp_unwind4@4    10015c66 f   LIBCMT:exsup4.obj
 0001:00014c82       @_EH4_CallFilterFunc@8     10015c82 f   LIBCMT:exsup4.obj
 0001:00014c99       @_EH4_TransferToHandler@8  10015c99 f   LIBCMT:exsup4.obj
 0001:00014cb2       @_EH4_GlobalUnwind2@8      10015cb2 f   LIBCMT:exsup4.obj
 0001:00014ccb       @_EH4_LocalUnwind@16       10015ccb f   LIBCMT:exsup4.obj
 0001:00014ce2       __filbuf                   10015ce2 f   LIBCMT:_filbuf.obj
 0001:00014e04       _memcpy_s                  10015e04 f   LIBCMT:memcpy_s.obj
 0001:00014e80       _memset                    10015e80 f   LIBCMT:memset.obj
 0001:00014f00       _memcpy                    10015f00 f   LIBCMT:memcpy.obj
 0001:00015261       __freebuf                  10016261 f   LIBCMT:_freebuf.obj
 0001:000152a0       __aulldiv                  100162a0 f   LIBCMT:ulldiv.obj
 0001:00015308       __setenvp                  10016308 f   LIBCMT:stdenvp.obj
 0001:0001557e       __setargv                  1001657e f   LIBCMT:stdargv.obj
 0001:00015639       ___crtGetEnvironmentStringsA 10016639 f   LIBCMT:a_env.obj
 0001:000156d0       __RTC_Initialize           100166d0 f   LIBCMT:_initsect_.obj
 0001:000156f6       __RTC_Terminate            100166f6 f   LIBCMT:_initsect_.obj
 0001:0001571c       __XcptFilter               1001671c f   LIBCMT:winxfltr.obj
 0001:00015866       ___CppXcptFilter           10016866 f   LIBCMT:winxfltr.obj
 0001:00015886       _DllMain@12                10016886 f   LIBCMT:dllmain.obj
 0001:0001588c       ___security_init_cookie    1001688c f   LIBCMT:gs_support.obj
 0001:00015927       __getbuf                   10016927 f   LIBCMT:_getbuf.obj
 0001:00015970       __isatty                   10016970 f   LIBCMT:isatty.obj
 0001:000159c6       __initp_misc_cfltcvt_tab   100169c6 f   LIBCMT:cmiscdat.obj
 0001:000159e9       __get_printf_count_output  100169e9 f   LIBCMT:printf.obj
 0001:00015a00       _strlen                    10016a00 f   LIBCMT:strlen.obj
 0001:00015a8b       __wctomb_s_l               10016a8b f   LIBCMT:wctomb.obj
 0001:00015be0       _wctomb_s                  10016be0 f   LIBCMT:wctomb.obj
 0001:00015bfd       __isleadbyte_l             10016bfd f i LIBCMT:_wctype.obj
 0001:00015c35       _isleadbyte                10016c35 f i LIBCMT:_wctype.obj
 0001:00015c50       __aulldvrm                 10016c50 f   LIBCMT:ulldvrm.obj
 0001:00015ce5       __crt_debugger_hook        10016ce5 f   LIBCMT:dbghook.obj
 0001:00015ced       __mtinitlocks              10016ced f   LIBCMT:mlock.obj
 0001:00015d37       __mtdeletelocks            10016d37 f   LIBCMT:mlock.obj
 0001:00015d8e       __unlock                   10016d8e f   LIBCMT:mlock.obj
 0001:00015da5       __mtinitlocknum            10016da5 f   LIBCMT:mlock.obj
 0001:00015e67       __lock                     10016e67 f   LIBCMT:mlock.obj
 0001:00015ea0       __ValidateImageBase        10016ea0 f   LIBCMT:pesect.obj
 0001:00015ee0       __FindPESection            10016ee0 f   LIBCMT:pesect.obj
 0001:00015f30       __IsNonwritableInCurrentImage 10016f30 f   LIBCMT:pesect.obj
 0001:00015fec       __putwch_nolock            10016fec f   LIBCMT:putwch.obj
 0001:0001602e       __mbtowc_l                 1001702e f   LIBCMT:mbtowc.obj
 0001:00016144       _mbtowc                    10017144 f   LIBCMT:mbtowc.obj
 0001:0001615e       ?terminate@@YAXXZ          1001715e f   LIBCMT:hooks.obj
 0001:00016197       __initp_eh_hooks           10017197 f   LIBCMT:hooks.obj
 0001:000161a8       __initp_misc_winsig        100171a8 f   LIBCMT:winsig.obj
 0001:000161fd       ___get_sigabrt             100171fd f   LIBCMT:winsig.obj
 0001:0001620a       _raise                     1001720a f   LIBCMT:winsig.obj
 0001:000163ad       __initp_misc_rand_s        100173ad f   LIBCMT:rand_s.obj
 0001:000163bc       __initp_misc_purevirt      100173bc f   LIBCMT:inithelp.obj
 0001:00016481       ___onexitinit              10017481 f   LIBCMT:onexit.obj
 0001:000164b2       __onexit                   100174b2 f   LIBCMT:onexit.obj
 0001:000164ee       _atexit                    100174ee f   LIBCMT:onexit.obj
 0001:00016505       ___crtMessageBoxW          10017505 f   LIBCMT:crtmboxw.obj
 0001:00016671       _wcscat_s                  10017671 f   LIBCMT:wcscat_s.obj
 0001:000166e6       _wcsncpy_s                 100176e6 f   LIBCMT:wcsncpy_s.obj
 0001:000167b3       _wcslen                    100177b3 f   LIBCMT:wcslen.obj
 0001:000167ce       _wcscpy_s                  100177ce f   LIBCMT:wcscpy_s.obj
 0001:00016831       __set_error_mode           10017831 f   LIBCMT:errmode.obj
 0001:00016870       __freea                    10017870 f i LIBCMT:a_map.obj
 0001:00016a77       ___crtLCMapStringA         10017a77 f   LIBCMT:a_map.obj
 0001:00016ba4       ___crtGetStringTypeA       10017ba4 f   LIBCMT:a_str.obj
 0001:00016be4       ___free_lc_time            10017be4 f   LIBCMT:inittime.obj
 0001:00016f5b       ___free_lconv_num          10017f5b f   LIBCMT:initnum.obj
 0001:00016fc4       ___free_lconv_mon          10017fc4 f   LIBCMT:initmon.obj
 0001:000170c2       ___report_gsfailure        100180c2 f   LIBCMT:gs_report.obj
 0001:000171c8       __calloc_impl              100181c8 f   LIBCMT:calloc_impl.obj
 0001:0001724a       _realloc                   1001824a f   LIBCMT:realloc.obj
 0001:000172f7       __fcloseall                100182f7 f   LIBCMT:closeall.obj
 0001:00017393       __commit                   10018393 f   LIBCMT:commit.obj
 0001:00017ba0       __open                     10018ba0 f   LIBCMT:open.obj
 0001:00017ba0       _open                      10018ba0 f   LIBCMT:open.obj
 0001:00017c4e       __sopen_helper             10018c4e f   LIBCMT:open.obj
 0001:00017d12       __sopen_s                  10018d12 f   LIBCMT:open.obj
 0001:00017d32       __mbsnbicmp_l              10018d32 f   LIBCMT:mbsnbicm.obj
 0001:00017f36       __mbsnbicmp                10018f36 f   LIBCMT:mbsnbicm.obj
 0001:00017f50       __mbsnbcmp_l               10018f50 f   LIBCMT:mbsnbcmp.obj
 0001:0001809c       __mbsnbcmp                 1001909c f   LIBCMT:mbsnbcmp.obj
 0001:000180c0       __global_unwind2           100190c0 f   LIBCMT:exsup.obj
 0001:00018125       __local_unwind2            10019125 f   LIBCMT:exsup.obj
 0001:000181a9       __abnormal_termination     100191a9 f   LIBCMT:exsup.obj
 0001:000181cc       __NLG_Notify1              100191cc f   LIBCMT:exsup.obj
 0001:000181d5       __NLG_Notify               100191d5 f   LIBCMT:exsup.obj
 0001:000181ec       __NLG_Dispatch2            100191ec     LIBCMT:exsup.obj
 0001:000181ec       __NLG_Dispatch             100191ec     LIBCMT:exsup.obj
 0001:000181f4       __NLG_Call                 100191f4 f   LIBCMT:exsup.obj
 0001:000181f6       __NLG_Return2              100191f6     LIBCMT:exsup.obj
 0001:000181f7       __VEC_memzero              100191f7 f   LIBCMT:p4_memset.obj
 0001:000182b1       ___sse2_available_init     100192b1 f   LIBCMT:cpu_disp.obj
 0001:000182c1       __VEC_memcpy               100192c1 f   LIBCMT:p4_memcpy.obj
 0001:00018417       __ismbblead                10019417 f   LIBCMT:ismbbyte.obj
 0001:0001842f       __fptrap                   1001942f f   LIBCMT:crt0fp.obj
 0001:00018438       ___initconout              10019438 f   LIBCMT:initcon.obj
 0001:00018457       ___termconout              10019457 f   LIBCMT:initcon.obj
 0001:0001846e       _abort                     1001946e f   LIBCMT:abort.obj
 0001:000184a1       __msize                    100194a1 f   LIBCMT:msize.obj
 0001:000184e0       __alloca_probe_16          100194e0 f   LIBCMT:alloca16.obj
 0001:000184f6       __alloca_probe_8           100194f6     LIBCMT:alloca16.obj
 0001:0001850c       __strnicmp_l               1001950c f   LIBCMT:strnicmp.obj
 0001:000185ee       __strnicmp                 100195ee f   LIBCMT:strnicmp.obj
 0001:00018641       _strncmp                   10019641 f   LIBCMT:strncmp.obj
 0001:00018701       __isctype_l                10019701 f   LIBCMT:isctype.obj
 0001:000187b9       __tolower_l                100197b9 f   LIBCMT:tolower.obj
 0001:000188d0       ___ascii_strnicmp          100198d0 f   LIBCMT:_strnicm.obj
 0001:00018940       _strcspn                   10019940 f   LIBCMT:strcspn.obj
 0001:00018990       _strcmp                    10019990 f   LIBCMT:strcmp.obj
 0001:00018a20       _strpbrk                   10019a20 f   LIBCMT:strpbrk.obj
 0001:00018a60       __allmul                   10019a60 f   LIBCMT:llmul.obj
 0001:00018a94       _RtlUnwind@16              10019a94 f   kernel32:KERNEL32.dll
 0001:00018aa0       __alldiv                   10019aa0 f   LIBCMT:lldiv.obj
 0002:00000000       __imp__CreateFileA@28      1001a000     kernel32:KERNEL32.dll
 0002:00000004       __imp__SetFilePointer@16   1001a004     kernel32:KERNEL32.dll
 0002:00000008       __imp__WriteFile@20        1001a008     kernel32:KERNEL32.dll
 0002:0000000c       __imp__ReadFile@20         1001a00c     kernel32:KERNEL32.dll
 0002:00000010       __imp__CreateFileW@28      1001a010     kernel32:KERNEL32.dll
 0002:00000014       __imp__GetLastError@0      1001a014     kernel32:KERNEL32.dll
 0002:00000018       __imp__CloseHandle@4       1001a018     kernel32:KERNEL32.dll
 0002:0000001c       __imp__GetFileType@4       1001a01c     kernel32:KERNEL32.dll
 0002:00000020       __imp__HeapFree@12         1001a020     kernel32:KERNEL32.dll
 0002:00000024       __imp__HeapAlloc@12        1001a024     kernel32:KERNEL32.dll
 0002:00000028       __imp__WideCharToMultiByte@32 1001a028     kernel32:KERNEL32.dll
 0002:0000002c       __imp__GetSystemTimeAsFileTime@4 1001a02c     kernel32:KERNEL32.dll
 0002:00000030       __imp__GetCurrentThreadId@0 1001a030     kernel32:KERNEL32.dll
 0002:00000034       __imp__DecodePointer@4     1001a034     kernel32:KERNEL32.dll
 0002:00000038       __imp__GetCommandLineA@0   1001a038     kernel32:KERNEL32.dll
 0002:0000003c       __imp__UnhandledExceptionFilter@4 1001a03c     kernel32:KERNEL32.dll
 0002:00000040       __imp__SetUnhandledExceptionFilter@4 1001a040     kernel32:KERNEL32.dll
 0002:00000044       __imp__IsDebuggerPresent@0 1001a044     kernel32:KERNEL32.dll
 0002:00000048       __imp__EncodePointer@4     1001a048     kernel32:KERNEL32.dll
 0002:0000004c       __imp__TerminateProcess@8  1001a04c     kernel32:KERNEL32.dll
 0002:00000050       __imp__GetCurrentProcess@0 1001a050     kernel32:KERNEL32.dll
 0002:00000054       __imp__SetHandleCount@4    1001a054     kernel32:KERNEL32.dll
 0002:00000058       __imp__GetStdHandle@4      1001a058     kernel32:KERNEL32.dll
 0002:0000005c       __imp__InitializeCriticalSectionAndSpinCount@8 1001a05c     kernel32:KERNEL32.dll
 0002:00000060       __imp__GetStartupInfoW@4   1001a060     kernel32:KERNEL32.dll
 0002:00000064       __imp__DeleteCriticalSection@4 1001a064     kernel32:KERNEL32.dll
 0002:00000068       __imp__SetStdHandle@8      1001a068     kernel32:KERNEL32.dll
 0002:0000006c       __imp__EnterCriticalSection@4 1001a06c     kernel32:KERNEL32.dll
 0002:00000070       __imp__LeaveCriticalSection@4 1001a070     kernel32:KERNEL32.dll
 0002:00000074       __imp__GetConsoleCP@0      1001a074     kernel32:KERNEL32.dll
 0002:00000078       __imp__GetConsoleMode@8    1001a078     kernel32:KERNEL32.dll
 0002:0000007c       __imp__SetEndOfFile@4      1001a07c     kernel32:KERNEL32.dll
 0002:00000080       __imp__GetProcessHeap@0    1001a080     kernel32:KERNEL32.dll
 0002:00000084       __imp__MultiByteToWideChar@24 1001a084     kernel32:KERNEL32.dll
 0002:00000088       __imp__GetProcAddress@8    1001a088     kernel32:KERNEL32.dll
 0002:0000008c       __imp__GetModuleHandleW@4  1001a08c     kernel32:KERNEL32.dll
 0002:00000090       __imp__ExitProcess@4       1001a090     kernel32:KERNEL32.dll
 0002:00000094       __imp__HeapCreate@12       1001a094     kernel32:KERNEL32.dll
 0002:00000098       __imp__HeapDestroy@4       1001a098     kernel32:KERNEL32.dll
 0002:0000009c       __imp__GetModuleFileNameW@12 1001a09c     kernel32:KERNEL32.dll
 0002:000000a0       __imp__GetCPInfo@8         1001a0a0     kernel32:KERNEL32.dll
 0002:000000a4       __imp__InterlockedIncrement@4 1001a0a4     kernel32:KERNEL32.dll
 0002:000000a8       __imp__InterlockedDecrement@4 1001a0a8     kernel32:KERNEL32.dll
 0002:000000ac       __imp__GetACP@0            1001a0ac     kernel32:KERNEL32.dll
 0002:000000b0       __imp__GetOEMCP@0          1001a0b0     kernel32:KERNEL32.dll
 0002:000000b4       __imp__IsValidCodePage@4   1001a0b4     kernel32:KERNEL32.dll
 0002:000000b8       __imp__TlsAlloc@0          1001a0b8     kernel32:KERNEL32.dll
 0002:000000bc       __imp__TlsGetValue@4       1001a0bc     kernel32:KERNEL32.dll
 0002:000000c0       __imp__TlsSetValue@8       1001a0c0     kernel32:KERNEL32.dll
 0002:000000c4       __imp__TlsFree@4           1001a0c4     kernel32:KERNEL32.dll
 0002:000000c8       __imp__SetLastError@4      1001a0c8     kernel32:KERNEL32.dll
 0002:000000cc       __imp__Sleep@4             1001a0cc     kernel32:KERNEL32.dll
 0002:000000d0       __imp__RtlUnwind@16        1001a0d0     kernel32:KERNEL32.dll
 0002:000000d4       __imp__GetModuleFileNameA@12 1001a0d4     kernel32:KERNEL32.dll
 0002:000000d8       __imp__FreeEnvironmentStringsW@4 1001a0d8     kernel32:KERNEL32.dll
 0002:000000dc       __imp__GetEnvironmentStringsW@0 1001a0dc     kernel32:KERNEL32.dll
 0002:000000e0       __imp__QueryPerformanceCounter@4 1001a0e0     kernel32:KERNEL32.dll
 0002:000000e4       __imp__GetTickCount@0      1001a0e4     kernel32:KERNEL32.dll
 0002:000000e8       __imp__GetCurrentProcessId@0 1001a0e8     kernel32:KERNEL32.dll
 0002:000000ec       __imp__WriteConsoleW@20    1001a0ec     kernel32:KERNEL32.dll
 0002:000000f0       __imp__LoadLibraryW@4      1001a0f0     kernel32:KERNEL32.dll
 0002:000000f4       __imp__LCMapStringW@24     1001a0f4     kernel32:KERNEL32.dll
 0002:000000f8       __imp__GetStringTypeW@16   1001a0f8     kernel32:KERNEL32.dll
 0002:000000fc       __imp__HeapReAlloc@16      1001a0fc     kernel32:KERNEL32.dll
 0002:00000100       __imp__FlushFileBuffers@4  1001a100     kernel32:KERNEL32.dll
 0002:00000104       __imp__IsProcessorFeaturePresent@4 1001a104     kernel32:KERNEL32.dll
 0002:00000108       __imp__HeapSize@12         1001a108     kernel32:KERNEL32.dll
 0002:0000010c       \177KERNEL32_NULL_THUNK_DATA 1001a10c     kernel32:KERNEL32.dll
 0002:00000110       ___xc_a                    1001a110     LIBCMT:crt0init.obj
 0002:00000114       ___xc_z                    1001a114     LIBCMT:crt0init.obj
 0002:00000118       ___xi_a                    1001a118     LIBCMT:crt0init.obj
 0002:0000012c       ___xi_z                    1001a12c     LIBCMT:crt0init.obj
 0002:00000130       ___xp_a                    1001a130     LIBCMT:crt0init.obj
 0002:0000013c       ___xp_z                    1001a13c     LIBCMT:crt0init.obj
 0002:00000140       ___xt_a                    1001a140     LIBCMT:crt0init.obj
 0002:00000144       ___xt_z                    1001a144     LIBCMT:crt0init.obj
 0002:00000148       ??_C@_0EA@FCLIIPNN@Visual?5C?$CL?$CL?5CRT?3?5Not?5enough?5memor@ 1001a148     LIBCMT:strerror.obj
 0002:00000188       __pRawDllMain              1001a188     LIBCMT:dllcrt0.obj
 0002:00000188       __pDefaultRawDllMain       1001a188     LIBCMT:dllcrt0.obj
 0002:0000018c       ??_C@_1O@CEDCILHN@?$AA?$CI?$AAn?$AAu?$AAl?$AAl?$AA?$CJ?$AA?$AA@ 1001a18c     LIBCMT:output.obj
 0002:0000019c       ??_C@_06OJHGLDPL@?$CInull?$CJ?$AA@ 1001a19c     LIBCMT:output.obj
 0002:000001a8       ___lookuptable             1001a1a8     LIBCMT:output.obj
 0002:00000204       ??_C@_0P@MIGLKIOC@CorExitProcess?$AA@ 1001a204     LIBCMT:crt0dat.obj
 0002:00000214       ??_C@_1BI@BGOHAHKC@?$AAm?$AAs?$AAc?$AAo?$AAr?$AAe?$AAe?$AA?4?$AAd?$AAl?$AAl?$AA?$AA@ 1001a214     LIBCMT:crt0dat.obj
 0002:0000022c       ??_C@_1BO@BKOMIGKJ@?$AAr?$AAu?$AAn?$AAt?$AAi?$AAm?$AAe?$AA?5?$AAe?$AAr?$AAr?$AAo?$AAr?$AA?5?$AA?$AA@ 1001a22c     LIBCMT:crt0msg.obj
 0002:0000024c       ??_C@_15JNBOKNOG@?$AA?$AN?$AA?6?$AA?$AA@ 1001a24c     LIBCMT:crt0msg.obj
 0002:00000254       ??_C@_1BM@JBBEPPHI@?$AAT?$AAL?$AAO?$AAS?$AAS?$AA?5?$AAe?$AAr?$AAr?$AAo?$AAr?$AA?$AN?$AA?6?$AA?$AA@ 1001a254     LIBCMT:crt0msg.obj
 0002:00000270       ??_C@_1BK@KMOMNAAI@?$AAS?$AAI?$AAN?$AAG?$AA?5?$AAe?$AAr?$AAr?$AAo?$AAr?$AA?$AN?$AA?6?$AA?$AA@ 1001a270     LIBCMT:crt0msg.obj
 0002:0000028c       ??_C@_1BO@BFCDCGC@?$AAD?$AAO?$AAM?$AAA?$AAI?$AAN?$AA?5?$AAe?$AAr?$AAr?$AAo?$AAr?$AA?$AN?$AA?6?$AA?$AA@ 1001a28c     LIBCMT:crt0msg.obj
 0002:000002b0       ??_C@_1BOO@KGEDBGAJ@?$AAR?$AA6?$AA0?$AA3?$AA3?$AA?$AN?$AA?6?$AA?9?$AA?5?$AAA?$AAt?$AAt?$AAe?$AAm?$AAp?$AAt?$AA?5?$AAt?$AAo?$AA?5?$AAu?$AAs?$AAe?$AA?5?$AAM?$AAS?$AAI?$AAL?$AA?5?$AAc?$AAo?$AAd@ 1001a2b0     LIBCMT:crt0msg.obj
 0002:000004a0       ??_C@_1GG@GOPILAJP@?$AAR?$AA6?$AA0?$AA3?$AA2?$AA?$AN?$AA?6?$AA?9?$AA?5?$AAn?$AAo?$AAt?$AA?5?$AAe?$AAn?$AAo?$AAu?$AAg?$AAh?$AA?5?$AAs?$AAp?$AAa?$AAc?$AAe?$AA?5?$AAf?$AAo?$AAr?$AA?5?$AAl?$AAo@ 1001a4a0     LIBCMT:crt0msg.obj
 0002:00000508       ??_C@_1MG@ENCOOIDF@?$AAR?$AA6?$AA0?$AA3?$AA1?$AA?$AN?$AA?6?$AA?9?$AA?5?$AAA?$AAt?$AAt?$AAe?$AAm?$AAp?$AAt?$AA?5?$AAt?$AAo?$AA?5?$AAi?$AAn?$AAi?$AAt?$AAi?$AAa?$AAl?$AAi?$AAz?$AAe?$AA?5?$AAt@ 1001a508     LIBCMT:crt0msg.obj
 0002:000005d0       ??_C@_1DO@BMFCDCD@?$AAR?$AA6?$AA0?$AA3?$AA0?$AA?$AN?$AA?6?$AA?9?$AA?5?$AAC?$AAR?$AAT?$AA?5?$AAn?$AAo?$AAt?$AA?5?$AAi?$AAn?$AAi?$AAt?$AAi?$AAa?$AAl?$AAi?$AAz?$AAe?$AAd?$AA?$AN?$AA?6?$AA?$AA@ 1001a5d0     LIBCMT:crt0msg.obj
 0002:00000610       ??_C@_1EK@HHFLMAOL@?$AAR?$AA6?$AA0?$AA2?$AA8?$AA?$AN?$AA?6?$AA?9?$AA?5?$AAu?$AAn?$AAa?$AAb?$AAl?$AAe?$AA?5?$AAt?$AAo?$AA?5?$AAi?$AAn?$AAi?$AAt?$AAi?$AAa?$AAl?$AAi?$AAz?$AAe?$AA?5?$AAh?$AAe@ 1001a610     LIBCMT:crt0msg.obj
 0002:00000660       ??_C@_1GK@MFGOKLAG@?$AAR?$AA6?$AA0?$AA2?$AA7?$AA?$AN?$AA?6?$AA?9?$AA?5?$AAn?$AAo?$AAt?$AA?5?$AAe?$AAn?$AAo?$AAu?$AAg?$AAh?$AA?5?$AAs?$AAp?$AAa?$AAc?$AAe?$AA?5?$AAf?$AAo?$AAr?$AA?5?$AAl?$AAo@ 1001a660     LIBCMT:crt0msg.obj
 0002:000006d0       ??_C@_1GK@MCAAGJMO@?$AAR?$AA6?$AA0?$AA2?$AA6?$AA?$AN?$AA?6?$AA?9?$AA?5?$AAn?$AAo?$AAt?$AA?5?$AAe?$AAn?$AAo?$AAu?$AAg?$AAh?$AA?5?$AAs?$AAp?$AAa?$AAc?$AAe?$AA?5?$AAf?$AAo?$AAr?$AA?5?$AAs?$AAt@ 1001a6d0     LIBCMT:crt0msg.obj
 0002:00000740       ??_C@_1EM@MAADIHMB@?$AAR?$AA6?$AA0?$AA2?$AA5?$AA?$AN?$AA?6?$AA?9?$AA?5?$AAp?$AAu?$AAr?$AAe?$AA?5?$AAv?$AAi?$AAr?$AAt?$AAu?$AAa?$AAl?$AA?5?$AAf?$AAu?$AAn?$AAc?$AAt?$AAi?$AAo?$AAn?$AA?5?$AAc@ 1001a740     LIBCMT:crt0msg.obj
 0002:00000790       ??_C@_1GK@FHCKBEFA@?$AAR?$AA6?$AA0?$AA2?$AA4?$AA?$AN?$AA?6?$AA?9?$AA?5?$AAn?$AAo?$AAt?$AA?5?$AAe?$AAn?$AAo?$AAu?$AAg?$AAh?$AA?5?$AAs?$AAp?$AAa?$AAc?$AAe?$AA?5?$AAf?$AAo?$AAr?$AA?5?$AA_?$AAo@ 1001a790     LIBCMT:crt0msg.obj
 0002:00000800       ??_C@_1FC@ECHBIFBC@?$AAR?$AA6?$AA0?$AA1?$AA9?$AA?$AN?$AA?6?$AA?9?$AA?5?$AAu?$AAn?$AAa?$AAb?$AAl?$AAe?$AA?5?$AAt?$AAo?$AA?5?$AAo?$AAp?$AAe?$AAn?$AA?5?$AAc?$AAo?$AAn?$AAs?$AAo?$AAl?$AAe?$AA?5@ 1001a800     LIBCMT:crt0msg.obj
 0002:00000858       ??_C@_1EC@JIBHAOPH@?$AAR?$AA6?$AA0?$AA1?$AA8?$AA?$AN?$AA?6?$AA?9?$AA?5?$AAu?$AAn?$AAe?$AAx?$AAp?$AAe?$AAc?$AAt?$AAe?$AAd?$AA?5?$AAh?$AAe?$AAa?$AAp?$AA?5?$AAe?$AAr?$AAr?$AAo?$AAr?$AA?$AN?$AA?6@ 1001a858     LIBCMT:crt0msg.obj
 0002:000008a0       ??_C@_1FK@BEOGODMC@?$AAR?$AA6?$AA0?$AA1?$AA7?$AA?$AN?$AA?6?$AA?9?$AA?5?$AAu?$AAn?$AAe?$AAx?$AAp?$AAe?$AAc?$AAt?$AAe?$AAd?$AA?5?$AAm?$AAu?$AAl?$AAt?$AAi?$AAt?$AAh?$AAr?$AAe?$AAa?$AAd?$AA?5@ 1001a8a0     LIBCMT:crt0msg.obj
 0002:00000900       ??_C@_1FI@LOGNIKDM@?$AAR?$AA6?$AA0?$AA1?$AA6?$AA?$AN?$AA?6?$AA?9?$AA?5?$AAn?$AAo?$AAt?$AA?5?$AAe?$AAn?$AAo?$AAu?$AAg?$AAh?$AA?5?$AAs?$AAp?$AAa?$AAc?$AAe?$AA?5?$AAf?$AAo?$AAr?$AA?5?$AAt?$AAh@ 1001a900     LIBCMT:crt0msg.obj
 0002:00000958       ??_C@_1EG@BEHAGFJD@?$AAR?$AA6?$AA0?$AA1?$AA0?$AA?$AN?$AA?6?$AA?9?$AA?5?$AAa?$AAb?$AAo?$AAr?$AAt?$AA?$CI?$AA?$CJ?$AA?5?$AAh?$AAa?$AAs?$AA?5?$AAb?$AAe?$AAe?$AAn?$AA?5?$AAc?$AAa?$AAl?$AAl?$AAe?$AAd@ 1001a958     LIBCMT:crt0msg.obj
 0002:000009a0       ??_C@_1FI@HONFMGBI@?$AAR?$AA6?$AA0?$AA0?$AA9?$AA?$AN?$AA?6?$AA?9?$AA?5?$AAn?$AAo?$AAt?$AA?5?$AAe?$AAn?$AAo?$AAu?$AAg?$AAh?$AA?5?$AAs?$AAp?$AAa?$AAc?$AAe?$AA?5?$AAf?$AAo?$AAr?$AA?5?$AAe?$AAn@ 1001a9a0     LIBCMT:crt0msg.obj
 0002:000009f8       ??_C@_1FE@LLNEDJMD@?$AAR?$AA6?$AA0?$AA0?$AA8?$AA?$AN?$AA?6?$AA?9?$AA?5?$AAn?$AAo?$AAt?$AA?5?$AAe?$AAn?$AAo?$AAu?$AAg?$AAh?$AA?5?$AAs?$AAp?$AAa?$AAc?$AAe?$AA?5?$AAf?$AAo?$AAr?$AA?5?$AAa?$AAr@ 1001a9f8     LIBCMT:crt0msg.obj
 0002:00000a50       ??_C@_1FK@PGACCAFB@?$AAR?$AA6?$AA0?$AA0?$AA2?$AA?$AN?$AA?6?$AA?9?$AA?5?$AAf?$AAl?$AAo?$AAa?$AAt?$AAi?$AAn?$AAg?$AA?5?$AAp?$AAo?$AAi?$AAn?$AAt?$AA?5?$AAs?$AAu?$AAp?$AAp?$AAo?$AAr?$AAt?$AA?5@ 1001aa50     LIBCMT:crt0msg.obj
 0002:00000b60       ??_C@_1EK@MBDPDCGA@?$AAM?$AAi?$AAc?$AAr?$AAo?$AAs?$AAo?$AAf?$AAt?$AA?5?$AAV?$AAi?$AAs?$AAu?$AAa?$AAl?$AA?5?$AAC?$AA?$CL?$AA?$CL?$AA?5?$AAR?$AAu?$AAn?$AAt?$AAi?$AAm?$AAe?$AA?5?$AAL?$AAi?$AAb@ 1001ab60     LIBCMT:crt0msg.obj
 0002:00000bac       ??_C@_15IABLJNFO@?$AA?6?$AA?6?$AA?$AA@ 1001abac     LIBCMT:crt0msg.obj
 0002:00000bb4       ??_C@_17LGKOMLJ@?$AA?4?$AA?4?$AA?4?$AA?$AA@ 1001abb4     LIBCMT:crt0msg.obj
 0002:00000bbc       ??_C@_1CO@EAEJAADC@?$AA?$DM?$AAp?$AAr?$AAo?$AAg?$AAr?$AAa?$AAm?$AA?5?$AAn?$AAa?$AAm?$AAe?$AA?5?$AAu?$AAn?$AAk?$AAn?$AAo?$AAw?$AAn?$AA?$DO?$AA?$AA@ 1001abbc     LIBCMT:crt0msg.obj
 0002:00000bec       ??_C@_1DE@JNGNBFGO@?$AAR?$AAu?$AAn?$AAt?$AAi?$AAm?$AAe?$AA?5?$AAE?$AAr?$AAr?$AAo?$AAr?$AA?$CB?$AA?6?$AA?6?$AAP?$AAr?$AAo?$AAg?$AAr?$AAa?$AAm?$AA?3?$AA?5?$AA?$AA@ 1001abec     LIBCMT:crt0msg.obj
 0002:00000c20       ??_C@_1BC@GDGBMEMK@?$AAH?$AAH?$AA?3?$AAm?$AAm?$AA?3?$AAs?$AAs?$AA?$AA@ 1001ac20     LIBCMT:nlsdata2.obj
 0002:00000c34       ??_C@_1CI@KNAKOEBC@?$AAd?$AAd?$AAd?$AAd?$AA?0?$AA?5?$AAM?$AAM?$AAM?$AAM?$AA?5?$AAd?$AAd?$AA?0?$AA?5?$AAy?$AAy?$AAy?$AAy?$AA?$AA@ 1001ac34     LIBCMT:nlsdata2.obj
 0002:00000c5c       ??_C@_1BC@IEBCMHCM@?$AAM?$AAM?$AA?1?$AAd?$AAd?$AA?1?$AAy?$AAy?$AA?$AA@ 1001ac5c     LIBCMT:nlsdata2.obj
 0002:00000c70       ??_C@_15CLMNNGEL@?$AAP?$AAM?$AA?$AA@ 1001ac70     LIBCMT:nlsdata2.obj
 0002:00000c78       ??_C@_15ODEHAHHF@?$AAA?$AAM?$AA?$AA@ 1001ac78     LIBCMT:nlsdata2.obj
 0002:00000c80       ??_C@_1BC@FEMKIFH@?$AAD?$AAe?$AAc?$AAe?$AAm?$AAb?$AAe?$AAr?$AA?$AA@ 1001ac80     LIBCMT:nlsdata2.obj
 0002:00000c94       ??_C@_1BC@BGLIFPF@?$AAN?$AAo?$AAv?$AAe?$AAm?$AAb?$AAe?$AAr?$AA?$AA@ 1001ac94     LIBCMT:nlsdata2.obj
 0002:00000ca8       ??_C@_1BA@EPANDLNG@?$AAO?$AAc?$AAt?$AAo?$AAb?$AAe?$AAr?$AA?$AA@ 1001aca8     LIBCMT:nlsdata2.obj
 0002:00000cb8       ??_C@_1BE@DKAAMBJL@?$AAS?$AAe?$AAp?$AAt?$AAe?$AAm?$AAb?$AAe?$AAr?$AA?$AA@ 1001acb8     LIBCMT:nlsdata2.obj
 0002:00000ccc       ??_C@_1O@PAHLKOAC@?$AAA?$AAu?$AAg?$AAu?$AAs?$AAt?$AA?$AA@ 1001accc     LIBCMT:nlsdata2.obj
 0002:00000cdc       ??_C@_19BIFMLPCD@?$AAJ?$AAu?$AAl?$AAy?$AA?$AA@ 1001acdc     LIBCMT:nlsdata2.obj
 0002:00000ce8       ??_C@_19EPFLPGAP@?$AAJ?$AAu?$AAn?$AAe?$AA?$AA@ 1001ace8     LIBCMT:nlsdata2.obj
 0002:00000cf4       ??_C@_1M@GJNLMHFD@?$AAA?$AAp?$AAr?$AAi?$AAl?$AA?$AA@ 1001acf4     LIBCMT:nlsdata2.obj
 0002:00000d00       ??_C@_1M@IKEENEDF@?$AAM?$AAa?$AAr?$AAc?$AAh?$AA?$AA@ 1001ad00     LIBCMT:nlsdata2.obj
 0002:00000d0c       ??_C@_1BC@JGDDFFAM@?$AAF?$AAe?$AAb?$AAr?$AAu?$AAa?$AAr?$AAy?$AA?$AA@ 1001ad0c     LIBCMT:nlsdata2.obj
 0002:00000d20       ??_C@_1BA@EFMEIEBA@?$AAJ?$AAa?$AAn?$AAu?$AAa?$AAr?$AAy?$AA?$AA@ 1001ad20     LIBCMT:nlsdata2.obj
 0002:00000d30       ??_C@_17EGKACKIF@?$AAD?$AAe?$AAc?$AA?$AA@ 1001ad30     LIBCMT:nlsdata2.obj
 0002:00000d38       ??_C@_17BBDMLCIG@?$AAN?$AAo?$AAv?$AA?$AA@ 1001ad38     LIBCMT:nlsdata2.obj
 0002:00000d40       ??_C@_17FNLKOI@?$AAO?$AAc?$AAt?$AA?$AA@ 1001ad40     LIBCMT:nlsdata2.obj
 0002:00000d48       ??_C@_17HCHCOKMG@?$AAS?$AAe?$AAp?$AA?$AA@ 1001ad48     LIBCMT:nlsdata2.obj
 0002:00000d50       ??_C@_17ICPELBCN@?$AAA?$AAu?$AAg?$AA?$AA@ 1001ad50     LIBCMT:nlsdata2.obj
 0002:00000d58       ??_C@_17IJPCKHK@?$AAJ?$AAu?$AAl?$AA?$AA@ 1001ad58     LIBCMT:nlsdata2.obj
 0002:00000d60       ??_C@_17KCJGOCPB@?$AAJ?$AAu?$AAn?$AA?$AA@ 1001ad60     LIBCMT:nlsdata2.obj
 0002:00000d68       ??_C@_17PNNKMEED@?$AAM?$AAa?$AAy?$AA?$AA@ 1001ad68     LIBCMT:nlsdata2.obj
 0002:00000d70       ??_C@_17LFPOIHDD@?$AAA?$AAp?$AAr?$AA?$AA@ 1001ad70     LIBCMT:nlsdata2.obj
 0002:00000d78       ??_C@_17CKNLEDEC@?$AAM?$AAa?$AAr?$AA?$AA@ 1001ad78     LIBCMT:nlsdata2.obj
 0002:00000d80       ??_C@_17LMDJEKJN@?$AAF?$AAe?$AAb?$AA?$AA@ 1001ad80     LIBCMT:nlsdata2.obj
 0002:00000d88       ??_C@_17DKNBKCHM@?$AAJ?$AAa?$AAn?$AA?$AA@ 1001ad88     LIBCMT:nlsdata2.obj
 0002:00000d90       ??_C@_1BC@ENMNNPAJ@?$AAS?$AAa?$AAt?$AAu?$AAr?$AAd?$AAa?$AAy?$AA?$AA@ 1001ad90     LIBCMT:nlsdata2.obj
 0002:00000da4       ??_C@_1O@PDICJHAG@?$AAF?$AAr?$AAi?$AAd?$AAa?$AAy?$AA?$AA@ 1001ada4     LIBCMT:nlsdata2.obj
 0002:00000db4       ??_C@_1BC@HHMNLIHE@?$AAT?$AAh?$AAu?$AAr?$AAs?$AAd?$AAa?$AAy?$AA?$AA@ 1001adb4     LIBCMT:nlsdata2.obj
 0002:00000dc8       ??_C@_1BE@EBOGMDOH@?$AAW?$AAe?$AAd?$AAn?$AAe?$AAs?$AAd?$AAa?$AAy?$AA?$AA@ 1001adc8     LIBCMT:nlsdata2.obj
 0002:00000ddc       ??_C@_1BA@ENFBFFEK@?$AAT?$AAu?$AAe?$AAs?$AAd?$AAa?$AAy?$AA?$AA@ 1001addc     LIBCMT:nlsdata2.obj
 0002:00000dec       ??_C@_1O@MMNBFLIA@?$AAM?$AAo?$AAn?$AAd?$AAa?$AAy?$AA?$AA@ 1001adec     LIBCMT:nlsdata2.obj
 0002:00000dfc       ??_C@_1O@IHNHDHPB@?$AAS?$AAu?$AAn?$AAd?$AAa?$AAy?$AA?$AA@ 1001adfc     LIBCMT:nlsdata2.obj
 0002:00000e0c       ??_C@_17GGIBDPIH@?$AAS?$AAa?$AAt?$AA?$AA@ 1001ae0c     LIBCMT:nlsdata2.obj
 0002:00000e14       ??_C@_17HFOLPPLP@?$AAF?$AAr?$AAi?$AA?$AA@ 1001ae14     LIBCMT:nlsdata2.obj
 0002:00000e1c       ??_C@_17PDPHAADD@?$AAT?$AAh?$AAu?$AA?$AA@ 1001ae1c     LIBCMT:nlsdata2.obj
 0002:00000e24       ??_C@_17CJEDCEPE@?$AAW?$AAe?$AAd?$AA?$AA@ 1001ae24     LIBCMT:nlsdata2.obj
 0002:00000e2c       ??_C@_17BMKGEGOJ@?$AAT?$AAu?$AAe?$AA?$AA@ 1001ae2c     LIBCMT:nlsdata2.obj
 0002:00000e34       ??_C@_17KBOMKBF@?$AAM?$AAo?$AAn?$AA?$AA@ 1001ae34     LIBCMT:nlsdata2.obj
 0002:00000e3c       ??_C@_17MBGCMIPB@?$AAS?$AAu?$AAn?$AA?$AA@ 1001ae3c     LIBCMT:nlsdata2.obj
 0002:00000e44       ??_C@_08JCCMCCIL@HH?3mm?3ss?$AA@ 1001ae44     LIBCMT:nlsdata2.obj
 0002:00000e50       ??_C@_0BE@CKGJFCPC@dddd?0?5MMMM?5dd?0?5yyyy?$AA@ 1001ae50     LIBCMT:nlsdata2.obj
 0002:00000e64       ??_C@_08BPBNCDIB@MM?1dd?1yy?$AA@ 1001ae64     LIBCMT:nlsdata2.obj
 0002:00000e70       ??_C@_02CJNFDJBF@PM?$AA@   1001ae70     LIBCMT:nlsdata2.obj
 0002:00000e74       ??_C@_02DEDBPAFC@AM?$AA@   1001ae74     LIBCMT:nlsdata2.obj
 0002:00000e78       ??_C@_08EDHMEBNP@December?$AA@ 1001ae78     LIBCMT:nlsdata2.obj
 0002:00000e84       ??_C@_08HCHEGEOA@November?$AA@ 1001ae84     LIBCMT:nlsdata2.obj
 0002:00000e90       ??_C@_07JJNFCEND@October?$AA@ 1001ae90     LIBCMT:nlsdata2.obj
 0002:00000e98       ??_C@_09BHHEALKD@September?$AA@ 1001ae98     LIBCMT:nlsdata2.obj
 0002:00000ea4       ??_C@_06LBBHFDDG@August?$AA@ 1001aea4     LIBCMT:nlsdata2.obj
 0002:00000eac       ??_C@_04MIEPOIFP@July?$AA@ 1001aeac     LIBCMT:nlsdata2.obj
 0002:00000eb4       ??_C@_04CNLMGBGM@June?$AA@ 1001aeb4     LIBCMT:nlsdata2.obj
 0002:00000ebc       ??_C@_05DMJDNLEJ@April?$AA@ 1001aebc     LIBCMT:nlsdata2.obj
 0002:00000ec4       ??_C@_05HPCKOFNC@March?$AA@ 1001aec4     LIBCMT:nlsdata2.obj
 0002:00000ecc       ??_C@_08GNJGEPFN@February?$AA@ 1001aecc     LIBCMT:nlsdata2.obj
 0002:00000ed8       ??_C@_07CGJPFGJA@January?$AA@ 1001aed8     LIBCMT:nlsdata2.obj
 0002:00000ee0       ??_C@_03MKABNOCG@Dec?$AA@  1001aee0     LIBCMT:nlsdata2.obj
 0002:00000ee4       ??_C@_03JPJOFNIA@Nov?$AA@  1001aee4     LIBCMT:nlsdata2.obj
 0002:00000ee8       ??_C@_03BMAOKBAD@Oct?$AA@  1001aee8     LIBCMT:nlsdata2.obj
 0002:00000eec       ??_C@_03GGCAPAJC@Sep?$AA@  1001aeec     LIBCMT:nlsdata2.obj
 0002:00000ef0       ??_C@_03IFJFEIGA@Aug?$AA@  1001aef0     LIBCMT:nlsdata2.obj
 0002:00000ef4       ??_C@_03LBGABGKK@Jul?$AA@  1001aef4     LIBCMT:nlsdata2.obj
 0002:00000ef8       ??_C@_03IDFGHECI@Jun?$AA@  1001aef8     LIBCMT:nlsdata2.obj
 0002:00000efc       ??_C@_03CNMDKL@May?$AA@    1001aefc     LIBCMT:nlsdata2.obj
 0002:00000f00       ??_C@_03LEOLGMJP@Apr?$AA@  1001af00     LIBCMT:nlsdata2.obj
 0002:00000f04       ??_C@_03ODNJBKGA@Mar?$AA@  1001af04     LIBCMT:nlsdata2.obj
 0002:00000f08       ??_C@_03HJBDCHOM@Feb?$AA@  1001af08     LIBCMT:nlsdata2.obj
 0002:00000f0c       ??_C@_03JIHJHPIE@Jan?$AA@  1001af0c     LIBCMT:nlsdata2.obj
 0002:00000f10       ??_C@_08INBOOONO@Saturday?$AA@ 1001af10     LIBCMT:nlsdata2.obj
 0002:00000f1c       ??_C@_06JECMNKMI@Friday?$AA@ 1001af1c     LIBCMT:nlsdata2.obj
 0002:00000f24       ??_C@_08HACCIKIA@Thursday?$AA@ 1001af24     LIBCMT:nlsdata2.obj
 0002:00000f30       ??_C@_09DLIGFAKA@Wednesday?$AA@ 1001af30     LIBCMT:nlsdata2.obj
 0002:00000f3c       ??_C@_07BAAGCFCM@Tuesday?$AA@ 1001af3c     LIBCMT:nlsdata2.obj
 0002:00000f44       ??_C@_06JLEDEDGH@Monday?$AA@ 1001af44     LIBCMT:nlsdata2.obj
 0002:00000f4c       ??_C@_06OOPIFAJ@Sunday?$AA@ 1001af4c     LIBCMT:nlsdata2.obj
 0002:00000f54       ??_C@_03FEFJNEK@Sat?$AA@   1001af54     LIBCMT:nlsdata2.obj
 0002:00000f58       ??_C@_03IDIOELNC@Fri?$AA@  1001af58     LIBCMT:nlsdata2.obj
 0002:00000f5c       ??_C@_03IOFIKPDN@Thu?$AA@  1001af5c     LIBCMT:nlsdata2.obj
 0002:00000f60       ??_C@_03MHOMLAJA@Wed?$AA@  1001af60     LIBCMT:nlsdata2.obj
 0002:00000f64       ??_C@_03NAGEINEP@Tue?$AA@  1001af64     LIBCMT:nlsdata2.obj
 0002:00000f68       ??_C@_03PDAGKDH@Mon?$AA@   1001af68     LIBCMT:nlsdata2.obj
 0002:00000f6c       ??_C@_03KOEHGMDN@Sun?$AA@  1001af6c     LIBCMT:nlsdata2.obj
 0002:00000f70       ??_C@_1BK@DBDEIDLH@?$AAK?$AAE?$AAR?$AAN?$AAE?$AAL?$AA3?$AA2?$AA?4?$AAD?$AAL?$AAL?$AA?$AA@ 1001af70     LIBCMT:tidtable.obj
 0002:00000f8c       ??_C@_07PEJMOBNF@FlsFree?$AA@ 1001af8c     LIBCMT:tidtable.obj
 0002:00000f94       ??_C@_0M@JCPCPOEF@FlsSetValue?$AA@ 1001af94     LIBCMT:tidtable.obj
 0002:00000fa0       ??_C@_0M@GDNOONDI@FlsGetValue?$AA@ 1001afa0     LIBCMT:tidtable.obj
 0002:00000fac       ??_C@_08KNHFBNJ@FlsAlloc?$AA@ 1001afac     LIBCMT:tidtable.obj
 0002:00000fb8       ??_C@_0BG@KLEAJEFJ@Illegal?5byte?5sequence?$AA@ 1001afb8     LIBCMT:syserr.obj
 0002:00000fd0       ??_C@_0BE@ICMCHPHH@Directory?5not?5empty?$AA@ 1001afd0     LIBCMT:syserr.obj
 0002:00000fe4       ??_C@_0BJ@IHEHINLI@Function?5not?5implemented?$AA@ 1001afe4     LIBCMT:syserr.obj
 0002:00001000       ??_C@_0BD@CLHBCGPB@No?5locks?5available?$AA@ 1001b000     LIBCMT:syserr.obj
 0002:00001014       ??_C@_0BC@BEDIHIDK@Filename?5too?5long?$AA@ 1001b014     LIBCMT:syserr.obj
 0002:00001028       ??_C@_0BK@JAEBMJJM@Resource?5deadlock?5avoided?$AA@ 1001b028     LIBCMT:syserr.obj
 0002:00001044       ??_C@_0BB@FCBJFCAJ@Result?5too?5large?$AA@ 1001b044     LIBCMT:syserr.obj
 0002:00001058       ??_C@_0N@MMJPGLJK@Domain?5error?$AA@ 1001b058     LIBCMT:syserr.obj
 0002:00001068       ??_C@_0M@LHEPIIOM@Broken?5pipe?$AA@ 1001b068     LIBCMT:syserr.obj
 0002:00001074       ??_C@_0P@PKCJJLLM@Too?5many?5links?$AA@ 1001b074     LIBCMT:syserr.obj
 0002:00001084       ??_C@_0BG@DDBFNKBH@Read?9only?5file?5system?$AA@ 1001b084     LIBCMT:syserr.obj
 0002:0000109c       ??_C@_0N@FEHLOILP@Invalid?5seek?$AA@ 1001b09c     LIBCMT:syserr.obj
 0002:000010ac       ??_C@_0BI@FEALHKLD@No?5space?5left?5on?5device?$AA@ 1001b0ac     LIBCMT:syserr.obj
 0002:000010c4       ??_C@_0P@LFMMIPAE@File?5too?5large?$AA@ 1001b0c4     LIBCMT:syserr.obj
 0002:000010d4       ??_C@_0CE@ONOKNLPF@Inappropriate?5I?1O?5control?5operat@ 1001b0d4     LIBCMT:syserr.obj
 0002:000010f8       ??_C@_0BE@INBJMKGG@Too?5many?5open?5files?$AA@ 1001b0f8     LIBCMT:syserr.obj
 0002:0000110c       ??_C@_0BO@IIFBODJE@Too?5many?5open?5files?5in?5system?$AA@ 1001b10c     LIBCMT:syserr.obj
 0002:0000112c       ??_C@_0BB@HMGGCEBG@Invalid?5argument?$AA@ 1001b12c     LIBCMT:syserr.obj
 0002:00001140       ??_C@_0P@NDHGCGKE@Is?5a?5directory?$AA@ 1001b140     LIBCMT:syserr.obj
 0002:00001150       ??_C@_0BA@CJBACOOL@Not?5a?5directory?$AA@ 1001b150     LIBCMT:syserr.obj
 0002:00001160       ??_C@_0P@NLEIANHE@No?5such?5device?$AA@ 1001b160     LIBCMT:syserr.obj
 0002:00001170       ??_C@_0O@OAMDNOCP@Improper?5link?$AA@ 1001b170     LIBCMT:syserr.obj
 0002:00001180       ??_C@_0M@NAAJNNGH@File?5exists?$AA@ 1001b180     LIBCMT:syserr.obj
 0002:0000118c       ??_C@_0BA@BIBLIOEK@Resource?5device?$AA@ 1001b18c     LIBCMT:syserr.obj
 0002:0000119c       ??_C@_0O@NIPGCINC@Unknown?5error?$AA@ 1001b19c     LIBCMT:syserr.obj
 0002:000011ac       ??_C@_0M@LOEHLCJD@Bad?5address?$AA@ 1001b1ac     LIBCMT:syserr.obj
 0002:000011b8       ??_C@_0BC@HFNFNKAI@Permission?5denied?$AA@ 1001b1b8     LIBCMT:syserr.obj
 0002:000011cc       ??_C@_0BB@IMDKMPFB@Not?5enough?5space?$AA@ 1001b1cc     LIBCMT:syserr.obj
 0002:000011e0       ??_C@_0CB@EPFKGNAK@Resource?5temporarily?5unavailable@ 1001b1e0     LIBCMT:syserr.obj
 0002:00001204       ??_C@_0BD@LOHELEP@No?5child?5processes?$AA@ 1001b204     LIBCMT:syserr.obj
 0002:00001218       ??_C@_0BE@NFGDDCEF@Bad?5file?5descriptor?$AA@ 1001b218     LIBCMT:syserr.obj
 0002:0000122c       ??_C@_0BC@HKPNECK@Exec?5format?5error?$AA@ 1001b22c     LIBCMT:syserr.obj
 0002:00001240       ??_C@_0BC@MFFGCDFL@Arg?5list?5too?5long?$AA@ 1001b240     LIBCMT:syserr.obj
 0002:00001254       ??_C@_0BK@DPKMCKJ@No?5such?5device?5or?5address?$AA@ 1001b254     LIBCMT:syserr.obj
 0002:00001270       ??_C@_0BD@KKNFOBBD@Input?1output?5error?$AA@ 1001b270     LIBCMT:syserr.obj
 0002:00001284       ??_C@_0BK@FJBOAFDK@Interrupted?5function?5call?$AA@ 1001b284     LIBCMT:syserr.obj
 0002:000012a0       ??_C@_0BA@FKIAIBGA@No?5such?5process?$AA@ 1001b2a0     LIBCMT:syserr.obj
 0002:000012b0       ??_C@_0BK@FMDHKPNF@No?5such?5file?5or?5directory?$AA@ 1001b2b0     LIBCMT:syserr.obj
 0002:000012cc       ??_C@_0BI@BJFCGOHL@Operation?5not?5permitted?$AA@ 1001b2cc     LIBCMT:syserr.obj
 0002:000012e4       ??_C@_08INEPGKHH@No?5error?$AA@ 1001b2e4     LIBCMT:syserr.obj
 0002:00001310       __XcptActTab               1001b310     LIBCMT:winxfltr.obj
 0002:000013a0       __First_FPE_Indx           1001b3a0     LIBCMT:winxfltr.obj
 0002:000013a4       __Num_FPE                  1001b3a4     LIBCMT:winxfltr.obj
 0002:000013a8       __XcptActTabSize           1001b3a8     LIBCMT:winxfltr.obj
 0002:000013ac       __XcptActTabCount          1001b3ac     LIBCMT:winxfltr.obj
 0002:000013b0       ___lookuptable_s           1001b3b0     LIBCMT:outputs.obj
 0002:0000140c       ??_C@_0BI@DFKBFLJE@GetProcessWindowStation?$AA@ 1001b40c     LIBCMT:crtmboxw.obj
 0002:00001424       ??_C@_0BK@DEKFELLI@GetUserObjectInformationW?$AA@ 1001b424     LIBCMT:crtmboxw.obj
 0002:00001440       ??_C@_0BD@HHGDFDBJ@GetLastActivePopup?$AA@ 1001b440     LIBCMT:crtmboxw.obj
 0002:00001454       ??_C@_0BA@HNOPNCHB@GetActiveWindow?$AA@ 1001b454     LIBCMT:crtmboxw.obj
 0002:00001464       ??_C@_0M@DLDCCGNP@MessageBoxW?$AA@ 1001b464     LIBCMT:crtmboxw.obj
 0002:00001470       ??_C@_1BG@GOEBHBDC@?$AAU?$AAS?$AAE?$AAR?$AA3?$AA2?$AA?4?$AAD?$AAL?$AAL?$AA?$AA@ 1001b470     LIBCMT:crtmboxw.obj
 0002:00001488       ___newctype                1001b488     LIBCMT:ctype.obj
 0002:00001788       __wctype                   1001b788     LIBCMT:ctype.obj
 0002:00001990       ___newclmap                1001b990     LIBCMT:ctype.obj
 0002:00001b10       ___newcumap                1001bb10     LIBCMT:ctype.obj
 0002:00001c98       ??_C@_1BA@BALFACEM@?$AAC?$AAO?$AAN?$AAO?$AAU?$AAT?$AA$?$AA?$AA@ 1001bc98     LIBCMT:initcon.obj
 0002:00001d28       ??_C@_05HBMOAMF@1?42?47?$AA@ 1001bd28     compress.obj
 0002:00001d30       _z_errmsg                  1001bd30     zutil.obj
 0002:00001d58       _zip_copyright             1001bd58     zip.obj
 0002:00001da8       _unz_copyright             1001bda8     unzip.obj
 0002:00002448       __dist_code                1001c448     trees.obj
 0002:00002648       __length_code              1001c648     trees.obj
 0002:00002838       _inflate_copyright         1001c838     inftrees.obj
 0002:00003ab8       _deflate_copyright         1001dab8     deflate.obj
 0002:00005b80       ??_C@_07EBNKNFJN@?$DMfd?3?$CFd?$DO?$AA@ 1001fb80     gzlib.obj
 0002:00005b88       ??_C@_00CNPNBAHC@?$AA@     1001fb88     gzlib.obj
 0002:00005b8c       ??_C@_0O@BNNCBLEN@out?5of?5memory?$AA@ 1001fb8c     gzlib.obj
 0002:00005b9c       ??_C@_02LMMGGCAJ@?3?5?$AA@ 1001fb9c     gzlib.obj
 0002:00005ba0       ??_C@_0BH@CFIIDOJD@unexpected?5end?5of?5file?$AA@ 1001fba0     gzread.obj
 0002:00005bb8       ??_C@_0CH@CPOLIEKA@internal?5error?3?5inflate?5stream?5c@ 1001fbb8     gzread.obj
 0002:00005be0       ??_C@_0BG@HCKBMIHF@compressed?5data?5error?$AA@ 1001fbe0     gzread.obj
 0002:00005bf8       ??_C@_0CF@MLPJFDMM@requested?5length?5does?5not?5fit?5in@ 1001fbf8     gzread.obj
 0002:00005c20       ??_C@_0BP@IIKIGMCC@out?5of?5room?5to?5push?5characters?$AA@ 1001fc20     gzread.obj
 0002:00005c40       ??_C@_0CH@DEEGAHIB@internal?5error?3?5deflate?5stream?5c@ 1001fc40     gzwrite.obj
 0002:00005c68       ??_C@_0BD@PJCBIDD@invalid?5block?5type?$AA@ 1001fc68     infback.obj
 0002:00005c7c       ??_C@_0BN@LGAADGOK@invalid?5stored?5block?5lengths?$AA@ 1001fc7c     infback.obj
 0002:00005c9c       ??_C@_0CE@GMIGFPBB@too?5many?5length?5or?5distance?5symb@ 1001fc9c     infback.obj
 0002:00005cc0       ??_C@_0BJ@HDEPPGOH@invalid?5code?5lengths?5set?$AA@ 1001fcc0     infback.obj
 0002:00005cdc       ??_C@_0BK@BMMPFBBH@invalid?5bit?5length?5repeat?$AA@ 1001fcdc     infback.obj
 0002:00005cf8       ??_C@_0CF@DGDMADCD@invalid?5code?5?9?9?5missing?5end?9of?9b@ 1001fcf8     infback.obj
 0002:00005d20       ??_C@_0BM@IIMGAINC@invalid?5literal?1lengths?5set?$AA@ 1001fd20     infback.obj
 0002:00005d3c       ??_C@_0BG@GMDFCBGP@invalid?5distances?5set?$AA@ 1001fd3c     infback.obj
 0002:00005d54       ??_C@_0BM@FFFLPBBC@invalid?5literal?1length?5code?$AA@ 1001fd54     infback.obj
 0002:00005d70       ??_C@_0BG@LBKINIKP@invalid?5distance?5code?$AA@ 1001fd70     infback.obj
 0002:00005d88       ??_C@_0BO@ECPMAOGG@invalid?5distance?5too?5far?5back?$AA@ 1001fd88     infback.obj
 0002:00005da8       ??_C@_0BH@LIBMMIGA@incorrect?5header?5check?$AA@ 1001fda8     inflate.obj
 0002:00005dc0       ??_C@_0BL@IHKGDAEE@unknown?5compression?5method?$AA@ 1001fdc0     inflate.obj
 0002:00005ddc       ??_C@_0BE@EMOGCLGO@invalid?5window?5size?$AA@ 1001fddc     inflate.obj
 0002:00005df0       ??_C@_0BJ@BLBBCOMO@unknown?5header?5flags?5set?$AA@ 1001fdf0     inflate.obj
 0002:00005e0c       ??_C@_0BE@GONKLEPM@header?5crc?5mismatch?$AA@ 1001fe0c     inflate.obj
 0002:00005e20       ??_C@_0BF@MEIGEHBE@incorrect?5data?5check?$AA@ 1001fe20     inflate.obj
 0002:00005e38       ??_C@_0BH@FGKKJGOC@incorrect?5length?5check?$AA@ 1001fe38     inflate.obj
 0002:00005e50       ??_C@_02JDPG@rb?$AA@       1001fe50     ioapi.obj
 0002:00005e54       ??_C@_03HMFOOINA@r?$CLb?$AA@ 1001fe54     ioapi.obj
 0002:00005e58       ??_C@_02GMLFBBN@wb?$AA@    1001fe58     ioapi.obj
 0002:00005e5c       ??_C@_01JOAMLHOP@?9?$AA@   1001fe5c     zip.obj
 0002:00005e60       ??_C@_0BF@CJFPCCEG@incompatible?5version?$AA@ 1001fe60     zutil.obj
 0002:00005e78       ??_C@_0N@DFPGLBGC@buffer?5error?$AA@ 1001fe78     zutil.obj
 0002:00005e88       ??_C@_0BE@OGGJBMCE@insufficient?5memory?$AA@ 1001fe88     zutil.obj
 0002:00005e9c       ??_C@_0L@HAHMBNLP@data?5error?$AA@ 1001fe9c     zutil.obj
 0002:00005ea8       ??_C@_0N@MKKNPMJD@stream?5error?$AA@ 1001fea8     zutil.obj
 0002:00005eb8       ??_C@_0L@KIJFAKBJ@file?5error?$AA@ 1001feb8     zutil.obj
 0002:00005ec4       ??_C@_0L@FNAOCBOG@stream?5end?$AA@ 1001fec4     zutil.obj
 0002:00005ed0       ??_C@_0BA@MOKMMFOD@need?5dictionary?$AA@ 1001fed0     zutil.obj
 0002:00005ee0       ___rtc_iaa                 1001fee0     LIBCMT:_initsect_.obj
 0002:00005ee4       ___rtc_izz                 1001fee4     LIBCMT:_initsect_.obj
 0002:00005ee8       ___rtc_taa                 1001fee8     LIBCMT:_initsect_.obj
 0002:00005eec       ___rtc_tzz                 1001feec     LIBCMT:_initsect_.obj
 0002:0000630c       __IMPORT_DESCRIPTOR_KERNEL32 1002030c     kernel32:KERNEL32.dll
 0002:00006320       __NULL_IMPORT_DESCRIPTOR   10020320     kernel32:KERNEL32.dll
 0003:00000180       ___nullstring              10022180     LIBCMT:output.obj
 0003:00000184       ___wnullstring             10022184     LIBCMT:output.obj
 0003:00000188       ___badioinfo               10022188     LIBCMT:ioinit.obj
 0003:000001d0       __lookuptrailbytes         100221d0     LIBCMT:read.obj
 0003:000002d0       ___initialmbcinfo          100222d0     LIBCMT:mbctype.obj
 0003:000004f0       __mbctype                  100224f0     LIBCMT:mbctype.obj
 0003:000005f8       __mbcasemap                100225f8     LIBCMT:mbctype.obj
 0003:000006f8       ___ptmbcinfo               100226f8     LIBCMT:mbctype.obj
 0003:000007f0       ___globallocalestatus      100227f0     LIBCMT:glstatus.obj
 0003:000007f4       ___clocalestr              100227f4     LIBCMT:nlsdata2.obj
 0003:000007f8       ___lc_time_c               100227f8     LIBCMT:nlsdata2.obj
 0003:00000960       ___initiallocinfo          10022960     LIBCMT:nlsdata2.obj
 0003:00000a38       ___ptlocinfo               10022a38     LIBCMT:nlsdata2.obj
 0003:00000a3c       ___flsindex                10022a3c     LIBCMT:tidtable.obj
 0003:00000a40       ___getvalueindex           10022a40     LIBCMT:tidtable.obj
 0003:00000a44       ___security_cookie         10022a44     LIBCMT:gs_cookie.obj
 0003:00000a48       ___security_cookie_complement 10022a48     LIBCMT:gs_cookie.obj
 0003:00000a50       __sys_errlist              10022a50     LIBCMT:syserr.obj
 0003:00000b00       __sys_nerr                 10022b00     LIBCMT:syserr.obj
 0003:00000b10       __iob                      10022b10     LIBCMT:_file.obj
 0003:00000d90       __cfltcvt_tab              10022d90     LIBCMT:cmiscdat.obj
 0003:00000ee0       ___lconv_static_decimal    10022ee0     LIBCMT:lconv.obj
 0003:00000ee4       ___lconv_static_W_decimal  10022ee4     LIBCMT:lconv.obj
 0003:00000ee8       ___lconv_c                 10022ee8     LIBCMT:lconv.obj
 0003:00000f38       ___lconv                   10022f38     LIBCMT:lconv.obj
 0003:00000f3c       __pctype                   10022f3c     LIBCMT:ctype.obj
 0003:00000f40       __pwctype                  10022f40     LIBCMT:ctype.obj
 0003:00000f50       __NLG_Destination          10022f50     LIBCMT:exsup.obj
 0003:00000f60       __confh                    10022f60     LIBCMT:initcon.obj
 0003:00000f64       ___abort_behavior          10022f64     LIBCMT:abort.obj
 0003:00000f80       ___mb_cur_max              10022f80     LIBCMT:nlsdata1.obj
 0003:00000f84       ___decimal_point           10022f84     LIBCMT:nlsdata1.obj
 0003:00000f88       ___decimal_point_length    10022f88     LIBCMT:nlsdata1.obj
 0003:00000fe4       __aenvptr                  10022fe4     LIBCMT:dllcrt0.obj
 0003:00000fe8       __wenvptr                  10022fe8     LIBCMT:dllcrt0.obj
 0003:00000fec       ___error_mode              10022fec     LIBCMT:dllcrt0.obj
 0003:00000ff0       ___app_type                10022ff0     LIBCMT:dllcrt0.obj
 0003:00000ff4       ___pInvalidArgHandler      10022ff4     LIBCMT:invarg.obj
 0003:00000ff8       __umaskval                 10022ff8     LIBCMT:crt0dat.obj
 0003:00000ffc       ___argc                    10022ffc     LIBCMT:crt0dat.obj
 0003:00001000       ___argv                    10023000     LIBCMT:crt0dat.obj
 0003:00001004       ___wargv                   10023004     LIBCMT:crt0dat.obj
 0003:00001008       __environ                  10023008     LIBCMT:crt0dat.obj
 0003:0000100c       ___initenv                 1002300c     LIBCMT:crt0dat.obj
 0003:00001010       __wenviron                 10023010     LIBCMT:crt0dat.obj
 0003:00001014       ___winitenv                10023014     LIBCMT:crt0dat.obj
 0003:00001018       __pgmptr                   10023018     LIBCMT:crt0dat.obj
 0003:0000101c       __wpgmptr                  1002301c     LIBCMT:crt0dat.obj
 0003:00001020       __exitflag                 10023020     LIBCMT:crt0dat.obj
 0003:00001024       __C_Termination_Done       10023024     LIBCMT:crt0dat.obj
 0003:00001028       __C_Exit_Done              10023028     LIBCMT:crt0dat.obj
 0003:0000102c       __crtheap                  1002302c     LIBCMT:heapinit.obj
 0003:00001658       ?_pnhHeap@@3P6AHI@ZA       10023658     LIBCMT:handler.obj
 0003:0000165c       __newmode                  1002365c     LIBCMT:_newmode.obj
 0003:00001664       ___mbulinfo                10023664     LIBCMT:mbctype.obj
 0003:00001670       ___mbcodepage              10023670     LIBCMT:mbctype.obj
 0003:00001674       ___ismbcodepage            10023674     LIBCMT:mbctype.obj
 0003:00001678       ___mblcid                  10023678     LIBCMT:mbctype.obj
 0003:0000167c       _gpFlsAlloc                1002367c     LIBCMT:tidtable.obj
 0003:00001680       _gpFlsGetValue             10023680     LIBCMT:tidtable.obj
 0003:00001684       _gpFlsSetValue             10023684     LIBCMT:tidtable.obj
 0003:00001688       _gpFlsFree                 10023688     LIBCMT:tidtable.obj
 0003:0000168c       __maxwait                  1002368c     LIBCMT:crtheap.obj
 0003:00001690       __cflush                   10023690     LIBCMT:_file.obj
 0003:000018f8       ?__pInconsistency@@3P6AXXZA 100238f8     LIBCMT:hooks.obj
 0003:00001914       ___pPurecall               10023914     LIBCMT:inithelp.obj
 0003:00001918       __fmode                    10023918     LIBCMT:txtmode.obj
 0003:00001930       ___lconv_static_null       10023930     LIBCMT:lconv.obj
 0003:00001934       ___lconv_static_W_null     10023934     LIBCMT:lconv.obj
 0003:00001c5c       __commode                  10023c5c     LIBCMT:ncommode.obj
 0003:00001c60       __stdbuf                   10023c60     LIBCMT:_sftbuf.obj
 0003:00001c68       ___locale_changed          10023c68     LIBCMT:setlocal.obj
 0003:00001c70       ___sse2_available          10023c70     <common>
 0003:00001c74       __debugger_hook_dummy      10023c74     <common>
 0003:00001c78       ___piob                    10023c78     <common>
 0003:00001c80       __bufin                    10023c80     <common>
 0003:00002c80       __nstream                  10024c80     <common>
 0003:00002c84       ___env_initialized         10024c84     <common>
 0003:00002c88       ___onexitend               10024c88     <common>
 0003:00002c8c       ___onexitbegin             10024c8c     <common>
 0003:00002c90       ___mbctype_initialized     10024c90     <common>
 0003:00002c94       __FPinit                   10024c94     <common>
 0003:00002c98       ___dyn_tls_init_callback   10024c98     <common>
 0003:00002c9c       __pDestructExceptionObject 10024c9c     <common>
 0003:00002ca0       __nhandle                  10024ca0     <common>
 0003:00002cc0       ___pioinfo                 10024cc0     <common>
 0003:00002dc0       __acmdln                   10024dc0     <common>

 entry point at        0001:000102ac

 Static symbols

 0001:00000270       _adler32_combine_          10001270 f    CIL library: CIL module
 0001:00000470       _crc32_little              10001470 f    CIL library: CIL module
 0001:00000730       _gf2_matrix_times          10001730 f    CIL library: CIL module
 0001:00000750       _gf2_matrix_square         10001750 f    CIL library: CIL module
 0001:00000780       _crc32_combine_            10001780 f    CIL library: CIL module
 0001:00001090       _putShortMSB               10002090 f    CIL library: CIL module
 0001:000010c0       _flush_pending             100020c0 f    CIL library: CIL module
 0001:00001bf0       _read_buf                  10002bf0 f    CIL library: CIL module
 0001:00001c60       _lm_init                   10002c60 f    CIL library: CIL module
 0001:00001d00       _fill_window               10002d00 f    CIL library: CIL module
 0001:00001ed0       _deflate_stored            10002ed0 f    CIL library: CIL module
 0001:00002060       _deflate_fast              10003060 f    CIL library: CIL module
 0001:00002390       _deflate_slow              10003390 f    CIL library: CIL module
 0001:00002790       _deflate_rle               10003790 f    CIL library: CIL module
 0001:00002a40       _deflate_huff              10003a40 f    CIL library: CIL module
 0001:00002bd0       _gz_reset                  10003bd0 f    CIL library: CIL module
 0001:00002c10       _gz_open                   10003c10 f    CIL library: CIL module
 0001:00003470       _gz_load                   10004470 f    CIL library: CIL module
 0001:000034e0       _gz_avail                  100044e0 f    CIL library: CIL module
 0001:00003550       _gz_look                   10004550 f    CIL library: CIL module
 0001:000036d0       _gz_decomp                 100046d0 f    CIL library: CIL module
 0001:000037d0       _gz_fetch                  100047d0 f    CIL library: CIL module
 0001:00003850       _gz_skip                   10004850 f    CIL library: CIL module
 0001:00003d80       _gz_init                   10004d80 f    CIL library: CIL module
 0001:00003e70       _gz_comp                   10004e70 f    CIL library: CIL module
 0001:00003f80       _gz_zero                   10004f80 f    CIL library: CIL module
 0001:000045c0       _fixedtables               100055c0 f    CIL library: CIL module
 0001:000055b0       _fixedtables               100065b0 f    CIL library: CIL module
 0001:000055d0       _updatewindow              100065d0 f    CIL library: CIL module
 0001:00006d40       _syncsearch                10007d40 f    CIL library: CIL module
 0001:000075b0       _fopen64_file_func         100085b0 f    CIL library: CIL module
 0001:00007600       _fread_file_func           10008600 f    CIL library: CIL module
 0001:00007620       _fwrite_file_func          10008620 f    CIL library: CIL module
 0001:00007640       _ftell64_file_func         10008640 f    CIL library: CIL module
 0001:00007660       _fseek64_file_func         10008660 f    CIL library: CIL module
 0001:000076b0       _fclose_file_func          100086b0 f    CIL library: CIL module
 0001:000076d0       _ferror_file_func          100086d0 f    CIL library: CIL module
 0001:00007730       _win32_translate_open_mode 10008730 f    CIL library: CIL module
 0001:000077a0       _win32_build_iowin         100087a0 f    CIL library: CIL module
 0001:00007c20       _init_block                10008c20 f    CIL library: CIL module
 0001:00007ca0       _pqdownheap                10008ca0 f    CIL library: CIL module
 0001:00007d80       _gen_bitlen                10008d80 f    CIL library: CIL module
 0001:00007f80       _gen_codes                 10008f80 f    CIL library: CIL module
 0001:00007fe0       _build_tree                10008fe0 f    CIL library: CIL module
 0001:000081e0       _scan_tree                 100091e0 f    CIL library: CIL module
 0001:000082c0       _send_tree                 100092c0 f    CIL library: CIL module
 0001:00008840       _build_bl_tree             10009840 f    CIL library: CIL module
 0001:00008910       _send_all_trees            10009910 f    CIL library: CIL module
 0001:00008f00       _compress_block            10009f00 f    CIL library: CIL module
 0001:000092e0       _detect_data_type          1000a2e0 f    CIL library: CIL module
 0001:00009350       _bi_reverse                1000a350 f    CIL library: CIL module
 0001:00009370       _bi_flush                  1000a370 f    CIL library: CIL module
 0001:000093f0       _bi_windup                 1000a3f0 f    CIL library: CIL module
 0001:00009450       _copy_block                1000a450 f    CIL library: CIL module
 0001:00009570       _unz64local_getByte        1000a570 f    CIL library: CIL module
 0001:00009570       _zip64local_getByte        1000a570 f    CIL library: CIL module
 0001:000095b0       _unz64local_getShort       1000a5b0 f    CIL library: CIL module
 0001:00009610       _unz64local_getLong        1000a610 f    CIL library: CIL module
 0001:000096a0       _unz64local_getLong64      1000a6a0 f    CIL library: CIL module
 0001:000097e0       _strcmpcasenosensitive_internal 1000a7e0 f    CIL library: CIL module
 0001:00009880       _unz64local_SearchCentralDir64 1000a880 f    CIL library: CIL module
 0001:00009b10       _unzOpenInternal           1000ab10 f    CIL library: CIL module
 0001:0000a0c0       _unz64local_DosDateToTmuDate 1000b0c0 f    CIL library: CIL module
 0001:0000a140       _unz64local_GetCurrentFileInfoInternal 1000b140 f    CIL library: CIL module
 0001:0000ab30       _unz64local_CheckCurrentFileCoherencyHeader 1000bb30 f    CIL library: CIL module
 0001:0000b580       _decrypt_byte              1000c580 f    CIL library: CIL module
 0001:0000b5a0       _update_keys               1000c5a0 f    CIL library: CIL module
 0001:0000b5e0       _init_keys                 1000c5e0 f    CIL library: CIL module
 0001:0000b620       _crypthead                 1000c620 f    CIL library: CIL module
 0001:0000b730       _allocate_new_datablock    1000c730 f    CIL library: CIL module
 0001:0000b760       _free_datablock            1000c760 f    CIL library: CIL module
 0001:0000b780       _init_linkedlist           1000c780 f    CIL library: CIL module
 0001:0000b790       _free_linkedlist           1000c790 f    CIL library: CIL module
 0001:0000b7b0       _add_data_in_datablock     1000c7b0 f    CIL library: CIL module
 0001:0000b860       _zip64local_putValue       1000c860 f    CIL library: CIL module
 0001:0000b8c0       _zip64local_putValue_inmemory 1000c8c0 f    CIL library: CIL module
 0001:0000b900       _zip64local_TmzDateToDosDate 1000c900 f    CIL library: CIL module
 0001:0000b950       _zip64local_getShort       1000c950 f    CIL library: CIL module
 0001:0000b9b0       _zip64local_getLong        1000c9b0 f    CIL library: CIL module
 0001:0000ba40       _zip64local_getLong64      1000ca40 f    CIL library: CIL module
 0001:0000bb80       _unz64local_SearchCentralDir 1000cb80 f    CIL library: CIL module
 0001:0000bb80       _zip64local_SearchCentralDir 1000cb80 f    CIL library: CIL module
 0001:0000bd30       _zip64local_SearchCentralDir64 1000cd30 f    CIL library: CIL module
 0001:0000cf80       _zip64FlushWriteBuffer     1000df80 f    CIL library: CIL module
 0001:0000e756       __tsopen_nolock            1000f756 f   LIBCMT:wopen.obj
 0001:000101b6       ___DllMainCRTStartup       100111b6 f   LIBCMT:dllcrt0.obj
 0001:00010433       _write_char                10011433 f   LIBCMT:output.obj
 0001:00010466       _write_string              10011466 f   LIBCMT:output.obj
 0001:00012e1b       _doexit                    10013e1b f   LIBCMT:crt0dat.obj
 0001:000132fd       ?CPtoLCID@@YAHH@Z          100142fd f   LIBCMT:mbctype.obj
 0001:0001332c       ?setSBCS@@YAXPAUthreadmbcinfostruct@@@Z 1001432c f   LIBCMT:mbctype.obj
 0001:00013390       ?setSBUpLow@@YAXPAUthreadmbcinfostruct@@@Z 10014390 f   LIBCMT:mbctype.obj
 0001:000135c4       ?getSystemCP@@YAHH@Z       100145c4 f   LIBCMT:mbctype.obj
 0001:000146e0       _flsall                    100156e0 f   LIBCMT:fflush.obj
 0001:00014c20       __unwind_handler4          10015c20 f   LIBCMT:exsup4.obj
 0001:000153e4       _parse_cmdline             100163e4 f   LIBCMT:stdargv.obj
 0001:000161c6       _siglookup                 100171c6 f   LIBCMT:winsig.obj
 0001:000163cb       __onexit_nolock            100173cb f   LIBCMT:onexit.obj
 0001:00016890       ?__crtLCMapStringA_stat@@YAHPAUlocaleinfo_struct@@KKPBDHPADHHH@Z 10017890 f   LIBCMT:a_map.obj
 0001:00016abd       ?__crtGetStringTypeA_stat@@YAHPAUlocaleinfo_struct@@KPBDHPAGHHH@Z 10017abd f   LIBCMT:a_str.obj
 0001:0001746c       __tsopen_nolock            1001846c f   LIBCMT:open.obj
 0001:000180e0       __unwind_handler           100190e0 f   LIBCMT:exsup.obj
 0001:000183c4       ?x_ismbbtype_l@@YAHPAUlocaleinfo_struct@@IHH@Z 100193c4 f   LIBCMT:ismbbyte.obj
