 zlibwapi

 Timestamp is 52a73243 (Tue Dec 10 16:24:51 2013)

 Preferred load address is 10000000

 Start         Length     Name                   Class
 0001:00000000 0003b23dH .textbss                DATA
 0002:00000000 00079995H .text                   CODE
 0002:000799a0 0000116bH .text$x                 CODE
 0003:00000000 00000104H .CRT$XCA                DATA
 0003:00000104 00000104H .CRT$XCZ                DATA
 0003:00000208 00000104H .CRT$XIA                DATA
 0003:0000030c 00000113H .CRT$XIC                DATA
 0003:00000420 00000104H .CRT$XIZ                DATA
 0003:00000524 00000104H .CRT$XPA                DATA
 0003:00000628 00000109H .CRT$XPX                DATA
 0003:00000734 00000104H .CRT$XPXA               DATA
 0003:00000838 00000104H .CRT$XPZ                DATA
 0003:0000093c 00000104H .CRT$XTA                DATA
 0003:00000a40 00000104H .CRT$XTZ                DATA
 0003:00000b50 0001424cH .rdata                  DATA
 0003:00014d9c 000001dcH .rdata$debug            DATA
 0003:00014f78 00000563H .rdata$r                DATA
 0003:000154dc 00000104H .rtc$IAA                DATA
 0003:000155e0 00000104H .rtc$IZZ                DATA
 0003:000156e4 00000104H .rtc$TAA                DATA
 0003:000157e8 00000104H .rtc$TZZ                DATA
 0003:000158f0 00000f6eH .xdata$x                DATA
 0003:00016860 00000f7aH .edata                  DATA
 0004:00000000 000014e1H .data                   DATA
 0004:00001500 0000254cH .bss                    DATA
 0005:00000000 00000014H .idata$2                DATA
 0005:00000014 00000014H .idata$3                DATA
 0005:00000028 000001d0H .idata$4                DATA
 0005:000001f8 000001d0H .idata$5                DATA
 0005:000003c8 00000826H .idata$6                DATA
 0006:00000000 00000169H .rsrc$01                DATA
 0006:00000170 000004d3H .rsrc$02                DATA

  Address         Publics by Value              Rva+Base       Lib:Object

 0000:00000000       ___safe_se_handler_count   00000000     <absolute>
 0000:00000000       __except_list              00000000     <absolute>
 0000:00000000       ___safe_se_handler_table   00000000     <absolute>
 0000:00000000       ___ImageBase               10000000     <linker-defined>
 0001:00000000       __enc$textbss$begin        10001000     <linker-defined>
 0001:0003b23d       __enc$textbss$end          1003c23d     <linker-defined>
 0002:00002c10       _longest_match             1003fc10 f   match686.obj
 0002:00002df8       _match_init                1003fdf8 f   match686.obj
 0002:00002f80       _inflate_fast              1003ff80 f   inffas32.obj
 0002:00003800       _adler32@12                10040800 f   adler32.obj
 0002:00003f10       _adler32_combine64@16      10040f10 f   adler32.obj
 0002:00003f50       _adler32_combine@12        10040f50 f   adler32.obj
 0002:000040d0       _compress2@20              100410d0 f   compress.obj
 0002:000041d0       _compress@16               100411d0 f   compress.obj
 0002:00004210       _compressBound@4           10041210 f   compress.obj
 0002:00004250       _crc32@12                  10041250 f   crc32.obj
 0002:00004c60       _crc32_combine64@16        10041c60 f   crc32.obj
 0002:00004ca0       _crc32_combine@12          10041ca0 f   crc32.obj
 0002:00005550       _get_crc_table@0           10042550 f   crc32.obj
 0002:00006ab0       _deflate@8                 10043ab0 f   deflate.obj
 0002:00007df0       _deflateBound@8            10044df0 f   deflate.obj
 0002:00007ff0       _deflateCopy@8             10044ff0 f   deflate.obj
 0002:000082f0       _deflateEnd@4              100452f0 f   deflate.obj
 0002:00008490       _deflateInit2_@32          10045490 f   deflate.obj
 0002:000088c0       _deflateInit_@16           100458c0 f   deflate.obj
 0002:00008900       _deflateParams@12          10045900 f   deflate.obj
 0002:00008a80       _deflatePending@12         10045a80 f   deflate.obj
 0002:00008af0       _deflatePrime@12           10045af0 f   deflate.obj
 0002:00008c10       _deflateReset@4            10045c10 f   deflate.obj
 0002:00008c60       _deflateResetKeep@4        10045c60 f   deflate.obj
 0002:00008db0       _deflateSetDictionary@12   10045db0 f   deflate.obj
 0002:000090c0       _deflateSetHeader@8        100460c0 f   deflate.obj
 0002:00009120       _deflateTune@20            10046120 f   deflate.obj
 0002:0000a450       _gzclose@4                 10047450 f   gzclose.obj
 0002:0000a4c0       _gz_error                  100474c0 f   gzlib.obj
 0002:0000ac00       _gzbuffer@8                10047c00 f   gzlib.obj
 0002:0000ac80       _gzclearerr@4              10047c80 f   gzlib.obj
 0002:0000ad10       _gzdopen@8                 10047d10 f   gzlib.obj
 0002:0000ada0       _gzeof@4                   10047da0 f   gzlib.obj
 0002:0000ae20       _gzerror@8                 10047e20 f   gzlib.obj
 0002:0000aeb0       _gzoffset64@4              10047eb0 f   gzlib.obj
 0002:0000af80       _gzoffset@4                10047f80 f   gzlib.obj
 0002:0000afe0       _gzopen64@8                10047fe0 f   gzlib.obj
 0002:0000b010       _gzopen@8                  10048010 f   gzlib.obj
 0002:0000b040       _gzopen_w@8                10048040 f   gzlib.obj
 0002:0000b070       _gzrewind@4                10048070 f   gzlib.obj
 0002:0000b120       _gzseek64@16               10048120 f   gzlib.obj
 0002:0000b4c0       _gzseek@12                 100484c0 f   gzlib.obj
 0002:0000b530       _gztell64@4                10048530 f   gzlib.obj
 0002:0000b5d0       _gztell@4                  100485d0 f   gzlib.obj
 0002:0000bee0       _gzclose_r@4               10048ee0 f   gzread.obj
 0002:0000c000       _gzdirect@4                10049000 f   gzread.obj
 0002:0000c070       _gzgetc@4                  10049070 f   gzread.obj
 0002:0000c170       _gzgetc_@4                 10049170 f   gzread.obj
 0002:0000c1a0       _gzgets@12                 100491a0 f   gzread.obj
 0002:0000c3c0       _gzread@12                 100493c0 f   gzread.obj
 0002:0000c670       _gzungetc@8                10049670 f   gzread.obj
 0002:0000ce00       _gzclose_w@4               10049e00 f   gzwrite.obj
 0002:0000cf70       _gzflush@8                 10049f70 f   gzwrite.obj
 0002:0000d040       _gzprintf                  1004a040 f   gzwrite.obj
 0002:0000d1f0       _gzputc@8                  1004a1f0 f   gzwrite.obj
 0002:0000d350       _gzputs@8                  1004a350 f   gzwrite.obj
 0002:0000d3c0       _gzsetparams@12            1004a3c0 f   gzwrite.obj
 0002:0000d4f0       _gzwrite@12                1004a4f0 f   gzwrite.obj
 0002:0000d7b0       _inflateBack@20            1004a7b0 f   infback.obj
 0002:0000f050       _inflateBackEnd@4          1004c050 f   infback.obj
 0002:0000f0c0       _inflateBackInit_@20       1004c0c0 f   infback.obj
 0002:0000f270       _inflate@8                 1004c270 f   inflate.obj
 0002:00011c10       _inflateCopy@8             1004ec10 f   inflate.obj
 0002:00011e50       _inflateEnd@4              1004ee50 f   inflate.obj
 0002:00011f00       _inflateGetHeader@8        1004ef00 f   inflate.obj
 0002:00011f70       _inflateInit2_@16          1004ef70 f   inflate.obj
 0002:000120c0       _inflateInit_@12           1004f0c0 f   inflate.obj
 0002:000120f0       _inflateMark@4             1004f0f0 f   inflate.obj
 0002:00012190       _inflatePrime@12           1004f190 f   inflate.obj
 0002:00012260       _inflateReset2@8           1004f260 f   inflate.obj
 0002:00012370       _inflateReset@4            1004f370 f   inflate.obj
 0002:000123e0       _inflateResetKeep@4        1004f3e0 f   inflate.obj
 0002:00012520       _inflateSetDictionary@12   1004f520 f   inflate.obj
 0002:00012660       _inflateSync@4             1004f660 f   inflate.obj
 0002:00012850       _inflateSyncPoint@4        1004f850 f   inflate.obj
 0002:000128c0       _inflateUndermine@8        1004f8c0 f   inflate.obj
 0002:00012c10       _inflate_table             1004fc10 f   inftrees.obj
 0002:00013350       _call_zopen64              10050350 f   ioapi.obj
 0002:000133c0       _call_zseek64              100503c0 f   ioapi.obj
 0002:00013470       _call_ztell64              10050470 f   ioapi.obj
 0002:00013550       _fill_fopen64_filefunc     10050550 f   ioapi.obj
 0002:000135d0       _fill_fopen_filefunc       100505d0 f   ioapi.obj
 0002:00013650       _fill_zlib_filefunc64_32_def_from_filefunc32 10050650 f   ioapi.obj
 0002:00013a80       _fill_win32_filefunc       10050a80 f   iowin32.obj
 0002:00013b00       _fill_win32_filefunc64     10050b00 f   iowin32.obj
 0002:00013b80       _fill_win32_filefunc64A    10050b80 f   iowin32.obj
 0002:00013c00       _fill_win32_filefunc64W    10050c00 f   iowin32.obj
 0002:00013d00       _win32_close_file_func     10050d00 f   iowin32.obj
 0002:00013d60       _win32_error_file_func     10050d60 f   iowin32.obj
 0002:00013da0       _win32_open64_file_func    10050da0 f   iowin32.obj
 0002:00013e30       _win32_open64_file_funcA   10050e30 f   iowin32.obj
 0002:00013ec0       _win32_open64_file_funcW   10050ec0 f   iowin32.obj
 0002:00013f50       _win32_open_file_func      10050f50 f   iowin32.obj
 0002:00013fe0       _win32_read_file_func      10050fe0 f   iowin32.obj
 0002:00014070       _win32_seek64_file_func    10051070 f   iowin32.obj
 0002:00014170       _win32_seek_file_func      10051170 f   iowin32.obj
 0002:00014260       _win32_tell64_file_func    10051260 f   iowin32.obj
 0002:00014330       _win32_tell_file_func      10051330 f   iowin32.obj
 0002:00014480       _win32_write_file_func     10051480 f   iowin32.obj
 0002:00014510       __tr_align                 10051510 f   trees.obj
 0002:00014820       __tr_flush_bits            10051820 f   trees.obj
 0002:00014850       __tr_flush_block           10051850 f   trees.obj
 0002:00014d10       __tr_init                  10051d10 f   trees.obj
 0002:00014dd0       __tr_stored_block          10051dd0 f   trees.obj
 0002:00014f60       __tr_tally                 10051f60 f   trees.obj
 0002:00018400       _uncompress@16             10055400 f   uncompr.obj
 0002:00019f90       _unzClose@4                10056f90 f   unzip.obj
 0002:0001a010       _unzCloseCurrentFile@4     10057010 f   unzip.obj
 0002:0001a130       _unzGetCurrentFileInfo64@32 10057130 f   unzip.obj
 0002:0001a180       _unzGetCurrentFileInfo@32  10057180 f   unzip.obj
 0002:0001a2c0       _unzGetCurrentFileZStreamPos64@4 100572c0 f   unzip.obj
 0002:0001a330       _unzGetFilePos64@8         10057330 f   unzip.obj
 0002:0001a3c0       _unzGetFilePos@8           100573c0 f   unzip.obj
 0002:0001a410       _unzGetGlobalComment@12    10057410 f   unzip.obj
 0002:0001a510       _unzGetGlobalInfo64@8      10057510 f   unzip.obj
 0002:0001a570       _unzGetGlobalInfo@8        10057570 f   unzip.obj
 0002:0001a5c0       _unzGetLocalExtrafield@12  100575c0 f   unzip.obj
 0002:0001a720       _unzGetOffset64@4          10057720 f   unzip.obj
 0002:0001a7f0       _unzGetOffset@4            100577f0 f   unzip.obj
 0002:0001a830       _unzGoToFilePos64@8        10057830 f   unzip.obj
 0002:0001a900       _unzGoToFilePos@8          10057900 f   unzip.obj
 0002:0001a960       _unzGoToFirstFile@4        10057960 f   unzip.obj
 0002:0001aa30       _unzGoToNextFile@4         10057a30 f   unzip.obj
 0002:0001abc0       _unzLocateFile@12          10057bc0 f   unzip.obj
 0002:0001ad80       _unzOpen2@8                10057d80 f   unzip.obj
 0002:0001adf0       _unzOpen2_64@8             10057df0 f   unzip.obj
 0002:0001ae60       _unzOpen64@4               10057e60 f   unzip.obj
 0002:0001ae90       _unzOpen@4                 10057e90 f   unzip.obj
 0002:0001aec0       _unzOpenCurrentFile2@16    10057ec0 f   unzip.obj
 0002:0001af00       _unzOpenCurrentFile3@20    10057f00 f   unzip.obj
 0002:0001b350       _unzOpenCurrentFile@4      10058350 f   unzip.obj
 0002:0001b380       _unzOpenCurrentFilePassword@8 10058380 f   unzip.obj
 0002:0001bb90       _unzReadCurrentFile@12     10058b90 f   unzip.obj
 0002:0001c1e0       _unzSetOffset64@12         100591e0 f   unzip.obj
 0002:0001c2a0       _unzSetOffset@8            100592a0 f   unzip.obj
 0002:0001c2d0       _unzStringFileNameCompare@12 100592d0 f   unzip.obj
 0002:0001c330       _unzeof@4                  10059330 f   unzip.obj
 0002:0001c3b0       _unztell64@4               100593b0 f   unzip.obj
 0002:0001c410       _unztell@4                 10059410 f   unzip.obj
 0002:0001c470       _LoadCentralDirectoryRecord 10059470 f   zip.obj
 0002:0001cc60       _Write_EndOfCentralDirectoryRecord 10059c60 f   zip.obj
 0002:0001cee0       _Write_GlobalComment       10059ee0 f   zip.obj
 0002:0001cfa0       _Write_LocalFileHeader     10059fa0 f   zip.obj
 0002:0001d400       _Write_Zip64EndOfCentralDirectoryLocator 1005a400 f   zip.obj
 0002:0001d4f0       _Write_Zip64EndOfCentralDirectoryRecord 1005a4f0 f   zip.obj
 0002:0001ed30       _zipClose@8                1005bd30 f   zip.obj
 0002:0001efe0       _zipCloseFileInZip@4       1005bfe0 f   zip.obj
 0002:0001f010       _zipCloseFileInZipRaw64@16 1005c010 f   zip.obj
 0002:0001f8e0       _zipCloseFileInZipRaw@12   1005c8e0 f   zip.obj
 0002:0001f910       _zipOpen2@16               1005c910 f   zip.obj
 0002:0001f980       _zipOpen2_64@16            1005c980 f   zip.obj
 0002:0001fa00       _zipOpen3@16               1005ca00 f   zip.obj
 0002:0001fc60       _zipOpen64@8               1005cc60 f   zip.obj
 0002:0001fc90       _zipOpen@8                 1005cc90 f   zip.obj
 0002:0001fcc0       _zipOpenNewFileInZip2@44   1005ccc0 f   zip.obj
 0002:0001fd30       _zipOpenNewFileInZip2_64@48 1005cd30 f   zip.obj
 0002:0001fda0       _zipOpenNewFileInZip3@64   1005cda0 f   zip.obj
 0002:0001fe20       _zipOpenNewFileInZip3_64@68 1005ce20 f   zip.obj
 0002:0001fea0       _zipOpenNewFileInZip4@72   1005cea0 f   zip.obj
 0002:0001ff20       _zipOpenNewFileInZip4_64@76 1005cf20 f   zip.obj
 0002:00020850       _zipOpenNewFileInZip64@44  1005d850 f   zip.obj
 0002:000208c0       _zipOpenNewFileInZip@40    1005d8c0 f   zip.obj
 0002:00020930       _zipRemoveExtraInfoBlock@12 1005d930 f   zip.obj
 0002:00020ab0       _zipWriteInFileInZip@12    1005dab0 f   zip.obj
 0002:00020d30       _zError@4                  1005dd30 f   zutil.obj
 0002:00020d60       _zcalloc                   1005dd60 f   zutil.obj
 0002:00020da0       _zcfree                    1005dda0 f   zutil.obj
 0002:00020dd0       _zlibCompileFlags@0        1005ddd0 f   zutil.obj
 0002:00020f40       _zlibVersion@0             1005df40 f   zutil.obj
 0002:00020f5a       _CreateFileA@28            1005df5a f   kernel32:KERNEL32.dll
 0002:00020f60       _CreateFileW@28            1005df60 f   kernel32:KERNEL32.dll
 0002:00020f66       _ReadFile@20               1005df66 f   kernel32:KERNEL32.dll
 0002:00020f6c       _SetFilePointer@16         1005df6c f   kernel32:KERNEL32.dll
 0002:00020f72       _WriteFile@20              1005df72 f   kernel32:KERNEL32.dll
 0002:00020f78       _CloseHandle@4             1005df78 f   kernel32:KERNEL32.dll
 0002:00020f7e       _GetLastError@0            1005df7e f   kernel32:KERNEL32.dll
 0002:00020f90       __allrem                   1005df90 f   LIBCMTD:llrem.obj
 0002:00021070       __allshr                   1005e070 f   LIBCMTD:llshr.obj
 0002:000210a0       _memcpy                    1005e0a0 f   LIBCMTD:memcpy.obj
 0002:00021880       _memset                    1005e880 f   LIBCMTD:memset.obj
 0002:00021940       __scprintf                 1005e940 f   LIBCMTD:sprintf.obj
 0002:00021970       __scprintf_l               1005e970 f   LIBCMTD:sprintf.obj
 0002:000219a0       __scprintf_p               1005e9a0 f   LIBCMTD:sprintf.obj
 0002:000219d0       __scprintf_p_l             1005e9d0 f   LIBCMTD:sprintf.obj
 0002:00021a00       __snprintf_s               1005ea00 f   LIBCMTD:sprintf.obj
 0002:00021a40       __snprintf_s_l             1005ea40 f   LIBCMTD:sprintf.obj
 0002:00021a80       __sprintf_l                1005ea80 f   LIBCMTD:sprintf.obj
 0002:00021ab0       __sprintf_p                1005eab0 f   LIBCMTD:sprintf.obj
 0002:00021af0       __sprintf_p_l              1005eaf0 f   LIBCMTD:sprintf.obj
 0002:00021b30       __sprintf_s_l              1005eb30 f   LIBCMTD:sprintf.obj
 0002:00021b70       _sprintf                   1005eb70 f   LIBCMTD:sprintf.obj
 0002:00021da0       _sprintf_s                 1005eda0 f   LIBCMTD:sprintf.obj
 0002:00021de0       _strcpy                    1005ede0 f   LIBCMTD:strcat.obj
 0002:00021df0       _strcat                    1005edf0 f   LIBCMTD:strcat.obj
 0002:00021f20       _strlen                    1005ef20 f   LIBCMTD:strlen.obj
 0002:00021fd0       ??0_LocaleUpdate@@QAE@PAUlocaleinfo_struct@@@Z 1005efd0 f i LIBCMTD:wcstombs.obj
 0002:000220e0       ??1_LocaleUpdate@@QAE@XZ   1005f0e0 f i LIBCMTD:wcstombs.obj
 0002:00022120       ?GetLocaleT@_LocaleUpdate@@QAEPAUlocaleinfo_struct@@XZ 1005f120 f i LIBCMTD:wcstombs.obj
 0002:000221b0       __wcstombs_l               1005f1b0 f   LIBCMTD:wcstombs.obj
 0002:000221e0       __wcstombs_l_helper        1005f1e0 f   LIBCMTD:wcstombs.obj
 0002:00022830       __wcstombs_s_l             1005f830 f   LIBCMTD:wcstombs.obj
 0002:00022c70       _wcstombs                  1005fc70 f   LIBCMTD:wcstombs.obj
 0002:00022ca0       _wcstombs_s                1005fca0 f   LIBCMTD:wcstombs.obj
 0002:00022cd0       _free                      1005fcd0 f   LIBCMTD:dbgfree.obj
 0002:00022cf0       _malloc                    1005fcf0 f   LIBCMTD:dbgmalloc.obj
 0002:00022d20       __lseeki64                 1005fd20 f   LIBCMTD:lseeki64.obj
 0002:00023040       __lseeki64_nolock          10060040 f   LIBCMTD:lseeki64.obj
 0002:00023210       __invoke_watson_if_error   10060210 f i LIBCMTD:wopen.obj
 0002:00023240       __wopen                    10060240 f   LIBCMTD:wopen.obj
 0002:00023440       __wsopen                   10060440 f   LIBCMTD:wopen.obj
 0002:000234d0       __wsopen_helper            100604d0 f   LIBCMTD:wopen.obj
 0002:00023800       __wsopen_nolock            10060800 f   LIBCMTD:wopen.obj
 0002:00024cd0       __wsopen_s                 10061cd0 f   LIBCMTD:wopen.obj
 0002:00024d00       _memchr                    10061d00 f   LIBCMTD:memchr.obj
 0002:00024de0       __get_sys_err_msg          10061de0 f i LIBCMTD:strerror.obj
 0002:00024e30       _strerror                  10061e30 f   LIBCMTD:strerror.obj
 0002:00024f00       _strerror_s                10061f00 f   LIBCMTD:strerror.obj
 0002:000250a0       ___doserrno                100620a0 f   LIBCMTD:dosmap.obj
 0002:000250d0       __dosmaperr                100620d0 f   LIBCMTD:dosmap.obj
 0002:00025100       __errno                    10062100 f   LIBCMTD:dosmap.obj
 0002:00025130       __get_doserrno             10062130 f   LIBCMTD:dosmap.obj
 0002:000251e0       __get_errno                100621e0 f   LIBCMTD:dosmap.obj
 0002:00025290       __get_errno_from_oserr     10062290 f   LIBCMTD:dosmap.obj
 0002:00025320       __set_doserrno             10062320 f   LIBCMTD:dosmap.obj
 0002:00025360       __set_errno                10062360 f   LIBCMTD:dosmap.obj
 0002:000253a0       __fclose_nolock            100623a0 f   LIBCMTD:fclose.obj
 0002:000254f0       _fclose                    100624f0 f   LIBCMTD:fclose.obj
 0002:00025650       _feof                      10062650 f   LIBCMTD:feoferr.obj
 0002:00025700       _ferror                    10062700 f   LIBCMTD:feoferr.obj
 0002:000257b0       __fsopen                   100627b0 f   LIBCMTD:fopen.obj
 0002:00025a90       _fopen                     10062a90 f   LIBCMTD:fopen.obj
 0002:00025ab0       _fopen_s                   10062ab0 f   LIBCMTD:fopen.obj
 0002:00025ba0       __fread_nolock             10062ba0 f   LIBCMTD:fread.obj
 0002:00025bd0       __fread_nolock_s           10062bd0 f   LIBCMTD:fread.obj
 0002:00026390       _fread                     10063390 f   LIBCMTD:fread.obj
 0002:000263c0       _fread_s                   100633c0 f   LIBCMTD:fread.obj
 0002:00026560       __fseek_nolock             10063560 f   LIBCMTD:fseek.obj
 0002:00026690       _fseek                     10063690 f   LIBCMTD:fseek.obj
 0002:00026880       __ftell_nolock             10063880 f   LIBCMTD:ftell.obj
 0002:000270f0       _ftell                     100640f0 f   LIBCMTD:ftell.obj
 0002:00027230       __fseeki64                 10064230 f   LIBCMTD:fseeki64.obj
 0002:00027420       __fseeki64_nolock          10064420 f   LIBCMTD:fseeki64.obj
 0002:000275b0       __ftelli64                 100645b0 f   LIBCMTD:ftelli64.obj
 0002:00027710       __ftelli64_nolock          10064710 f   LIBCMTD:ftelli64.obj
 0002:00028000       __fwrite_nolock            10065000 f   LIBCMTD:fwrite.obj
 0002:00028510       _fwrite                    10065510 f   LIBCMTD:fwrite.obj
 0002:00028670       _strcmp                    10065670 f   LIBCMTD:strcmp.obj
 0002:00028720       __allmul                   10065720 f   LIBCMTD:llmul.obj
 0002:00028770       __allshl                   10065770 f   LIBCMTD:llshl.obj
 0002:000287a0       __aulldiv                  100657a0 f   LIBCMTD:ulldiv.obj
 0002:00028830       __aullshr                  10065830 f   LIBCMTD:ullshr.obj
 0002:00028860       _rand                      10065860 f   LIBCMTD:rand.obj
 0002:000288b0       _srand                     100658b0 f   LIBCMTD:rand.obj
 0002:000288d0       __time64                   100658d0 f   LIBCMTD:time64.obj
 0002:00028960       __chkstk                   10065960 f   LIBCMTD:chkstk.obj
 0002:00028960       __alloca_probe             10065960     LIBCMTD:chkstk.obj
 0002:000289a0       __CRT_INIT@12              100659a0 f   LIBCMTD:dllcrt0.obj
 0002:00028c30       __DllMainCRTStartup@12     10065c30 f   LIBCMTD:dllcrt0.obj
 0002:00028e90       ___DllXcptFilter           10065e90 f   LIBCMTD:dllcrt0.obj
 0002:00028ed0       ___isa_available_init      10065ed0 f   LIBCMTD:cpu_disp.obj
 0002:00029150       __VEC_memset               10066150 f   LIBCMTD:p4_memset.obj
 0002:00029250       ?_invalid_parameter@@YAXPBG00II@Z 10066250 f   LIBCMTD:invarg.obj
 0002:00029280       ?_invoke_watson@@YAXPBG00II@Z 10066280 f   LIBCMTD:invarg.obj
 0002:000292b0       __call_reportfault         100662b0 f   LIBCMTD:invarg.obj
 0002:00029460       __get_invalid_parameter_handler 10066460 f   LIBCMTD:invarg.obj
 0002:00029490       __initp_misc_invarg        10066490 f   LIBCMTD:invarg.obj
 0002:000294a0       __invalid_parameter        100664a0 f   LIBCMTD:invarg.obj
 0002:00029510       __invoke_watson            10066510 f   LIBCMTD:invarg.obj
 0002:00029560       __set_invalid_parameter_handler 10066560 f   LIBCMTD:invarg.obj
 0002:000295b0       __flsbuf                   100665b0 f   LIBCMTD:_flsbuf.obj
 0002:00029950       __vscprintf                10066950 f   LIBCMTD:vsprintf.obj
 0002:00029980       __vscprintf_helper         10066980 f   LIBCMTD:vsprintf.obj
 0002:00029ab0       __vscprintf_l              10066ab0 f   LIBCMTD:vsprintf.obj
 0002:00029ae0       __vscprintf_p              10066ae0 f   LIBCMTD:vsprintf.obj
 0002:00029b10       __vscprintf_p_l            10066b10 f   LIBCMTD:vsprintf.obj
 0002:00029b40       __vsprintf_l               10066b40 f   LIBCMTD:vsprintf.obj
 0002:00029d70       _vsprintf                  10066d70 f   LIBCMTD:vsprintf.obj
 0002:00029da0       __vsnprintf_c              10066da0 f   LIBCMTD:vsnprnc.obj
 0002:00029e00       __vsnprintf_c_l            10066e00 f   LIBCMTD:vsnprnc.obj
 0002:00029e60       __vsnprintf_helper         10066e60 f   LIBCMTD:vsnprnc.obj
 0002:0002a0e0       __vsnprintf_s              100670e0 f   LIBCMTD:vsnprnc.obj
 0002:0002a110       __vsnprintf_s_l            10067110 f   LIBCMTD:vsnprnc.obj
 0002:0002a5c0       __vsprintf_p               100675c0 f   LIBCMTD:vsnprnc.obj
 0002:0002a620       __vsprintf_p_l             10067620 f   LIBCMTD:vsnprnc.obj
 0002:0002a680       __vsprintf_s_l             10067680 f   LIBCMTD:vsnprnc.obj
 0002:0002a9b0       _vsprintf_s                100679b0 f   LIBCMTD:vsnprnc.obj
 0002:0002a9e0       ?_CrtDbgReportW@@YAHHPBGH00ZZ 100679e0 f   LIBCMTD:dbgrptw.obj
 0002:0002aa40       __CrtDbgReportW            10067a40 f   LIBCMTD:dbgrptw.obj
 0002:0002aaa0       __CrtDbgReportWV           10067aa0 f i LIBCMTD:dbgrptw.obj
 0002:0002aae0       __CrtSetReportHookW2       10067ae0 f   LIBCMTD:dbgrptw.obj
 0002:0002af00       ___crtMessageWindowW       10067f00 f   LIBCMTD:dbgrptw.obj
 0002:0002b4d0       __invoke_watson_if_oneof   100684d0 f i LIBCMTD:dbgrptw.obj
 0002:0002b520       __output_l                 10068520 f   LIBCMTD:output.obj
 0002:0002d190       _get_int64_arg             1006a190 f i LIBCMTD:output.obj
 0002:0002d1c0       _get_int_arg               1006a1c0 f i LIBCMTD:output.obj
 0002:0002d1e0       _get_short_arg             1006a1e0 f i LIBCMTD:output.obj
 0002:0002d410       ___addlocaleref            1006a410 f   LIBCMTD:localref.obj
 0002:0002d570       ___freetlocinfo            1006a570 f   LIBCMTD:localref.obj
 0002:0002d920       ___removelocaleref         1006a920 f   LIBCMTD:localref.obj
 0002:0002da90       ___updatetlocinfo          1006aa90 f   LIBCMTD:localref.obj
 0002:0002db90       __updatetlocinfoEx_nolock  1006ab90 f   LIBCMTD:localref.obj
 0002:0002dc30       ___initmbctable            1006ac30 f   LIBCMTD:mbctype.obj
 0002:0002e3c0       ___updatetmbcinfo          1006b3c0 f   LIBCMTD:mbctype.obj
 0002:0002e510       __getmbcp                  1006b510 f   LIBCMTD:mbctype.obj
 0002:0002e5a0       __setmbcp                  1006b5a0 f   LIBCMTD:mbctype.obj
 0002:0002e8e0       __setmbcp_nolock           1006b8e0 f   LIBCMTD:mbctype.obj
 0002:0002ed40       ___get_flsindex            1006bd40 f   LIBCMTD:tidtable.obj
 0002:0002ed50       ___threadhandle            1006bd50 f   LIBCMTD:tidtable.obj
 0002:0002ed60       ___threadid                1006bd60 f   LIBCMTD:tidtable.obj
 0002:0002ed70       __freefls@4                1006bd70 f   LIBCMTD:tidtable.obj
 0002:0002eff0       __freeptd                  1006bff0 f   LIBCMTD:tidtable.obj
 0002:0002f040       __getptd                   1006c040 f   LIBCMTD:tidtable.obj
 0002:0002f070       __getptd_noexit            1006c070 f   LIBCMTD:tidtable.obj
 0002:0002f150       __initptd                  1006c150 f   LIBCMTD:tidtable.obj
 0002:0002f2d0       __mtinit                   1006c2d0 f   LIBCMTD:tidtable.obj
 0002:0002f3b0       __mtterm                   1006c3b0 f   LIBCMTD:tidtable.obj
 0002:0002f3f0       @__security_check_cookie@4 1006c3f0 f   LIBCMTD:secchk.obj
 0002:0002f9c0       __CrtCheckMemory           1006c9c0 f   LIBCMTD:dbgheap.obj
 0002:0002ff30       __CrtDoForAllClientObjects 1006cf30 f   LIBCMTD:dbgheap.obj
 0002:000300b0       __CrtDumpMemoryLeaks       1006d0b0 f   LIBCMTD:dbgheap.obj
 0002:00030170       __CrtGetAllocHook          1006d170 f   LIBCMTD:dbgheap.obj
 0002:00030180       __CrtGetCheckCount         1006d180 f   LIBCMTD:dbgheap.obj
 0002:00030190       __CrtGetDumpClient         1006d190 f   LIBCMTD:dbgheap.obj
 0002:000301a0       __CrtIsMemoryBlock         1006d1a0 f   LIBCMTD:dbgheap.obj
 0002:00030370       __CrtIsValidHeapPointer    1006d370 f   LIBCMTD:dbgheap.obj
 0002:000303c0       __CrtIsValidPointer        1006d3c0 f   LIBCMTD:dbgheap.obj
 0002:000303f0       __CrtMemCheckpoint         1006d3f0 f   LIBCMTD:dbgheap.obj
 0002:000306b0       __CrtMemDifference         1006d6b0 f   LIBCMTD:dbgheap.obj
 0002:000309a0       __CrtMemDumpAllObjectsSince 1006d9a0 f   LIBCMTD:dbgheap.obj
 0002:000309f0       __CrtMemDumpStatistics     1006d9f0 f   LIBCMTD:dbgheap.obj
 0002:00030b60       __CrtReportBlockType       1006db60 f   LIBCMTD:dbgheap.obj
 0002:00030ba0       __CrtSetAllocHook          1006dba0 f   LIBCMTD:dbgheap.obj
 0002:00030bd0       __CrtSetBreakAlloc         1006dbd0 f   LIBCMTD:dbgheap.obj
 0002:00030c00       __CrtSetCheckCount         1006dc00 f   LIBCMTD:dbgheap.obj
 0002:00030c20       __CrtSetDbgBlockType       1006dc20 f   LIBCMTD:dbgheap.obj
 0002:00030d40       __CrtSetDbgFlag            1006dd40 f   LIBCMTD:dbgheap.obj
 0002:00030ee0       __CrtSetDebugFillThreshold 1006dee0 f   LIBCMTD:dbgheap.obj
 0002:00030f10       __CrtSetDumpClient         1006df10 f   LIBCMTD:dbgheap.obj
 0002:00030f40       __aligned_free             1006df40 f   LIBCMTD:dbgheap.obj
 0002:00030f60       __aligned_free_dbg         1006df60 f   LIBCMTD:dbgheap.obj
 0002:00031040       __aligned_malloc           1006e040 f   LIBCMTD:dbgheap.obj
 0002:00031070       __aligned_malloc_dbg       1006e070 f   LIBCMTD:dbgheap.obj
 0002:000310a0       __aligned_msize            1006e0a0 f   LIBCMTD:dbgheap.obj
 0002:000310c0       __aligned_msize_dbg        1006e0c0 f   LIBCMTD:dbgheap.obj
 0002:00031230       __aligned_offset_malloc    1006e230 f   LIBCMTD:dbgheap.obj
 0002:00031260       __aligned_offset_malloc_dbg 1006e260 f   LIBCMTD:dbgheap.obj
 0002:000314b0       __aligned_offset_realloc   1006e4b0 f   LIBCMTD:dbgheap.obj
 0002:000314e0       __aligned_offset_realloc_dbg 1006e4e0 f   LIBCMTD:dbgheap.obj
 0002:000318b0       __aligned_offset_recalloc  1006e8b0 f   LIBCMTD:dbgheap.obj
 0002:000318e0       __aligned_offset_recalloc_dbg 1006e8e0 f   LIBCMTD:dbgheap.obj
 0002:000319d0       __aligned_realloc          1006e9d0 f   LIBCMTD:dbgheap.obj
 0002:00031a00       __aligned_realloc_dbg      1006ea00 f   LIBCMTD:dbgheap.obj
 0002:00031a30       __aligned_recalloc         1006ea30 f   LIBCMTD:dbgheap.obj
 0002:00031a60       __aligned_recalloc_dbg     1006ea60 f   LIBCMTD:dbgheap.obj
 0002:00031a90       __calloc_dbg               1006ea90 f   LIBCMTD:dbgheap.obj
 0002:00031b00       __calloc_dbg_impl          1006eb00 f   LIBCMTD:dbgheap.obj
 0002:00031ba0       __expand                   1006eba0 f   LIBCMTD:dbgheap.obj
 0002:00031bd0       __expand_dbg               1006ebd0 f   LIBCMTD:dbgheap.obj
 0002:00031d40       __free_dbg                 1006ed40 f   LIBCMTD:dbgheap.obj
 0002:00031de0       __free_dbg_nolock          1006ede0 f   LIBCMTD:dbgheap.obj
 0002:00032420       __free_nolock              1006f420 f   LIBCMTD:dbgheap.obj
 0002:00032440       __heap_alloc               1006f440 f   LIBCMTD:dbgheap.obj
 0002:00032460       __heap_alloc_dbg           1006f460 f   LIBCMTD:dbgheap.obj
 0002:00032980       __malloc_dbg               1006f980 f   LIBCMTD:dbgheap.obj
 0002:000329c0       __msize                    1006f9c0 f   LIBCMTD:dbgheap.obj
 0002:000329e0       __msize_dbg                1006f9e0 f   LIBCMTD:dbgheap.obj
 0002:00032c70       __nh_malloc                1006fc70 f   LIBCMTD:dbgheap.obj
 0002:00032ca0       __nh_malloc_dbg            1006fca0 f   LIBCMTD:dbgheap.obj
 0002:00032fc0       __realloc_dbg              1006ffc0 f   LIBCMTD:dbgheap.obj
 0002:00033080       __recalloc                 10070080 f   LIBCMTD:dbgheap.obj
 0002:000330c0       __recalloc_dbg             100700c0 f   LIBCMTD:dbgheap.obj
 0002:00033930       ___lock_fhandle            10070930 f   LIBCMTD:osfinfo.obj
 0002:00033a60       __alloc_osfhnd             10070a60 f   LIBCMTD:osfinfo.obj
 0002:00033dc0       __free_osfhnd              10070dc0 f   LIBCMTD:osfinfo.obj
 0002:00033ee0       __get_osfhandle            10070ee0 f   LIBCMTD:osfinfo.obj
 0002:000340e0       __open_osfhandle           100710e0 f   LIBCMTD:osfinfo.obj
 0002:00034390       __set_osfhnd               10071390 f   LIBCMTD:osfinfo.obj
 0002:00034490       __unlock_fhandle           10071490 f   LIBCMTD:osfinfo.obj
 0002:000344c0       __ioinit                   100714c0 f   LIBCMTD:ioinit.obj
 0002:000344f0       __ioinit0                  100714f0 f   LIBCMTD:ioinit.obj
 0002:00034520       __ioinitCallback@12        10071520 f   LIBCMTD:ioinit.obj
 0002:00034b70       __ioterm                   10071b70 f   LIBCMTD:ioinit.obj
 0002:00034cc0       __except_handler4          10071cc0 f   LIBCMTD:chandler4.obj
 0002:00034ef0       _write                     10071ef0 f   LIBCMTD:write.obj
 0002:00034ef0       __write                    10071ef0 f   LIBCMTD:write.obj
 0002:000351e0       __write_nolock             100721e0 f   LIBCMTD:write.obj
 0002:00036370       __chsize                   10073370 f   LIBCMTD:chsize.obj
 0002:000363c0       __chsize_nolock            100733c0 f   LIBCMTD:chsize.obj
 0002:00036710       __chsize_s                 10073710 f   LIBCMTD:chsize.obj
 0002:00036aa0       __close                    10073aa0 f   LIBCMTD:close.obj
 0002:00036aa0       _close                     10073aa0 f   LIBCMTD:close.obj
 0002:00036d70       __close_nolock             10073d70 f   LIBCMTD:close.obj
 0002:00036ea0       __read                     10073ea0 f   LIBCMTD:read.obj
 0002:00036ea0       _read                      10073ea0 f   LIBCMTD:read.obj
 0002:00037230       __read_nolock              10074230 f   LIBCMTD:read.obj
 0002:00038910       __get_fmode                10075910 f   LIBCMTD:setmode.obj
 0002:000389d0       __set_fmode                100759d0 f   LIBCMTD:setmode.obj
 0002:00038ab0       __setmode                  10075ab0 f   LIBCMTD:setmode.obj
 0002:00038e30       __setmode_nolock           10075e30 f   LIBCMTD:setmode.obj
 0002:000391a0       ___crtFlsAlloc             100761a0 f   LIBCMTD:winapisupp.obj
 0002:000391c0       ___crtFlsFree              100761c0 f   LIBCMTD:winapisupp.obj
 0002:000391e0       ___crtFlsGetValue          100761e0 f   LIBCMTD:winapisupp.obj
 0002:00039200       ___crtFlsSetValue          10076200 f   LIBCMTD:winapisupp.obj
 0002:00039220       ___crtGetShowWindowMode    10076220 f   LIBCMTD:winapisupp.obj
 0002:00039260       ___crtIsPackagedApp        10076260 f   LIBCMTD:winapisupp.obj
 0002:000392b0       ___crtSetUnhandledExceptionFilter 100762b0 f   LIBCMTD:winapisupp.obj
 0002:000392d0       ___crtTerminateProcess     100762d0 f   LIBCMTD:winapisupp.obj
 0002:000392f0       ___crtUnhandledException   100762f0 f   LIBCMTD:winapisupp.obj
 0002:00039310       ___copy_path_to_wide_string 10076310 f   LIBCMTD:crt0dat.obj
 0002:00039570       ___crtCorExitProcess       10076570 f   LIBCMTD:crt0dat.obj
 0002:000395c0       ___crtExitProcess          100765c0 f   LIBCMTD:crt0dat.obj
 0002:000395f0       ___freeCrtMemory           100765f0 f   LIBCMTD:crt0dat.obj
 0002:00039820       __amsg_exit                10076820 f   LIBCMTD:crt0dat.obj
 0002:00039850       __c_exit                   10076850 f   LIBCMTD:crt0dat.obj
 0002:00039870       __cexit                    10076870 f   LIBCMTD:crt0dat.obj
 0002:00039890       __cinit                    10076890 f   LIBCMTD:crt0dat.obj
 0002:00039960       __exit                     10076960 f   LIBCMTD:crt0dat.obj
 0002:00039980       __get_pgmptr               10076980 f   LIBCMTD:crt0dat.obj
 0002:00039ae0       __get_wpgmptr              10076ae0 f   LIBCMTD:crt0dat.obj
 0002:00039c40       __init_pointers            10076c40 f   LIBCMTD:crt0dat.obj
 0002:00039cf0       __initterm_e               10076cf0 f   LIBCMTD:crt0dat.obj
 0002:00039d40       __lockexit                 10076d40 f   LIBCMTD:crt0dat.obj
 0002:00039d60       __unlockexit               10076d60 f   LIBCMTD:crt0dat.obj
 0002:00039ff0       _exit                      10076ff0 f   LIBCMTD:crt0dat.obj
 0002:0003a010       ___sys_errlist             10077010 f   LIBCMTD:syserr.obj
 0002:0003a020       ___sys_nerr                10077020 f   LIBCMTD:syserr.obj
 0002:0003a030       _strcpy_s                  10077030 f   LIBCMTD:strcpy_s.obj
 0002:0003a3f0       _strncpy_s                 100773f0 f   LIBCMTD:strncpy_s.obj
 0002:0003a910       _vsnprintf                 10077910 f   LIBCMTD:vsnprint.obj
 0002:0003a910       __vsnprintf                10077910 f   LIBCMTD:vsnprint.obj
 0002:0003a940       __vsnprintf_l              10077940 f   LIBCMTD:vsnprint.obj
 0002:0003ab90       __fileno                   10077b90 f   LIBCMTD:fileno.obj
 0002:0003ac40       ___initstdio               10077c40 f   LIBCMTD:_file.obj
 0002:0003ad40       ___endstdio                10077d40 f   LIBCMTD:_file.obj
 0002:0003ad90       ___iob_func                10077d90 f   LIBCMTD:_file.obj
 0002:0003ada0       __lock_file                10077da0 f   LIBCMTD:_file.obj
 0002:0003ae10       __lock_file2               10077e10 f   LIBCMTD:_file.obj
 0002:0003ae60       __unlock_file              10077e60 f   LIBCMTD:_file.obj
 0002:0003aed0       __unlock_file2             10077ed0 f   LIBCMTD:_file.obj
 0002:0003af20       __freebuf                  10077f20 f   LIBCMTD:_freebuf.obj
 0002:0003afd0       __fflush_nolock            10077fd0 f   LIBCMTD:fflush.obj
 0002:0003b060       __flush                    10078060 f   LIBCMTD:fflush.obj
 0002:0003b150       __flushall                 10078150 f   LIBCMTD:fflush.obj
 0002:0003b170       _fflush                    10078170 f   LIBCMTD:fflush.obj
 0002:0003b440       __getstream                10078440 f   LIBCMTD:stream.obj
 0002:0003b6f0       __openfile                 100786f0 f   LIBCMTD:_open.obj
 0002:0003c0f0       __local_unwind4            100790f0 f   LIBCMTD:exsup4.obj
 0002:0003c1c6       __seh_longjmp_unwind4@4    100791c6 f   LIBCMTD:exsup4.obj
 0002:0003c1e2       @_EH4_CallFilterFunc@8     100791e2 f   LIBCMTD:exsup4.obj
 0002:0003c1f9       @_EH4_TransferToHandler@8  100791f9 f   LIBCMTD:exsup4.obj
 0002:0003c212       @_EH4_GlobalUnwind2@8      10079212 f   LIBCMTD:exsup4.obj
 0002:0003c22b       @_EH4_LocalUnwind@16       1007922b f   LIBCMTD:exsup4.obj
 0002:0003c2a0       __filbuf                   100792a0 f   LIBCMTD:_filbuf.obj
 0002:0003c5c0       _memcpy_s                  100795c0 f   LIBCMTD:memcpy_s.obj
 0002:0003c800       __lseek                    10079800 f   LIBCMTD:lseek.obj
 0002:0003caf0       __lseek_nolock             10079af0 f   LIBCMTD:lseek.obj
 0002:0003cc00       __XcptFilter               10079c00 f   LIBCMTD:winxfltr.obj
 0002:0003ce80       ___CppXcptFilter           10079e80 f   LIBCMTD:winxfltr.obj
 0002:0003cf20       __get_heap_handle          10079f20 f   LIBCMTD:heapinit.obj
 0002:0003cf70       __heap_init                10079f70 f   LIBCMTD:heapinit.obj
 0002:0003cfa0       __heap_term                10079fa0 f   LIBCMTD:heapinit.obj
 0002:0003cfc0       __set_pgmptr               10079fc0 f i LIBCMTD:stdargv.obj
 0002:0003cfd0       __setargv                  10079fd0 f   LIBCMTD:stdargv.obj
 0002:0003d5d0       __setenvp                  1007a5d0 f   LIBCMTD:stdenvp.obj
 0002:0003d7d0       ___security_init_cookie    1007a7d0 f   LIBCMTD:gs_support.obj
 0002:0003d8f0       _DllMain@12                1007a8f0 f   LIBCMTD:dllmain.obj
 0002:0003d900       ___crtGetEnvironmentStringsA 1007a900 f   LIBCMTD:a_env.obj
 0002:0003da40       __RTC_Initialize           1007aa40 f   LIBCMTD:initsect.obj
 0002:0003da70       __RTC_Terminate            1007aa70 f   LIBCMTD:initsect.obj
 0002:0003daa0       __CrtDefaultAllocHook      1007aaa0 f   LIBCMTD:dbghook.obj
 0002:0003dab0       __crt_debugger_hook        1007aab0 f   LIBCMTD:dbghook.obj
 0002:0003dad0       __isatty                   1007aad0 f   LIBCMTD:isatty.obj
 0002:0003dbe0       __getbuf                   1007abe0 f   LIBCMTD:_getbuf.obj
 0002:0003dce0       __output_p_l               1007ace0 f   LIBCMTD:outputp.obj
 0002:00042a80       __validate_param_reuseA    1007fa80 f   LIBCMTD:outputp.obj
 0002:00042e20       _get_crtdouble_arg         1007fe20 f i LIBCMTD:outputp.obj
 0002:00043050       __output_s_l               10080050 f   LIBCMTD:outputs.obj
 0002:00045080       ___raise_securityfailure   10082080 f   LIBCMTD:gs_report.obj
 0002:000450e0       ___report_gsfailure        100820e0 f   LIBCMTD:gs_report.obj
 0002:00045230       ___report_rangecheckfailure 10082230 f   LIBCMTD:gs_report.obj
 0002:00045240       ___report_securityfailure  10082240 f   LIBCMTD:gs_report.obj
 0002:00045350       ___report_securityfailureEx 10082350 f   LIBCMTD:gs_report.obj
 0002:000454c0       _wcscpy_s                  100824c0 f   LIBCMTD:wcscpy_s.obj
 0002:00045890       _wcslen                    10082890 f   LIBCMTD:wcslen.obj
 0002:000458e0       __lock                     100828e0 f   LIBCMTD:mlock.obj
 0002:00045930       __lockerr_exit             10082930 f   LIBCMTD:mlock.obj
 0002:00045960       __mtdeletelocks            10082960 f   LIBCMTD:mlock.obj
 0002:00045a50       __mtinitlocknum            10082a50 f   LIBCMTD:mlock.obj
 0002:00045bb0       __mtinitlocks              10082bb0 f   LIBCMTD:mlock.obj
 0002:00045c40       __unlock                   10082c40 f   LIBCMTD:mlock.obj
 0002:00045c60       ___swprintf_l              10082c60 f   LIBCMTD:swprintf.obj
 0002:00045c90       __scwprintf                10082c90 f   LIBCMTD:swprintf.obj
 0002:00045cc0       __scwprintf_l              10082cc0 f   LIBCMTD:swprintf.obj
 0002:00045cf0       __scwprintf_p              10082cf0 f   LIBCMTD:swprintf.obj
 0002:00045d20       __scwprintf_p_l            10082d20 f   LIBCMTD:swprintf.obj
 0002:00045d50       __snwprintf_s              10082d50 f   LIBCMTD:swprintf.obj
 0002:00045d90       __snwprintf_s_l            10082d90 f   LIBCMTD:swprintf.obj
 0002:00045dd0       __swprintf                 10082dd0 f   LIBCMTD:swprintf.obj
 0002:00046080       __swprintf_p               10083080 f   LIBCMTD:swprintf.obj
 0002:000460c0       __swprintf_p_l             100830c0 f   LIBCMTD:swprintf.obj
 0002:00046100       __swprintf_s_l             10083100 f   LIBCMTD:swprintf.obj
 0002:00046140       _swprintf_s                10083140 f   LIBCMTD:swprintf.obj
 0002:00046180       ___fpecode                 10083180 f   LIBCMTD:winsig.obj
 0002:00046190       ___get_sigabrt             10083190 f   LIBCMTD:winsig.obj
 0002:000461b0       ___pxcptinfoptrs           100831b0 f   LIBCMTD:winsig.obj
 0002:000461c0       __initp_misc_winsig        100831c0 f   LIBCMTD:winsig.obj
 0002:00046320       _raise                     10083320 f   LIBCMTD:winsig.obj
 0002:00046760       _signal                    10083760 f   LIBCMTD:winsig.obj
 0002:00046bf0       ___crtMessageBoxW          10083bf0 f   LIBCMTD:crtmboxw.obj
 0002:00046fc0       ___crtMessageBoxWaitThreadW@4 10083fc0 f   LIBCMTD:crtmboxw.obj
 0002:00047010       __CrtDbgBreak              10084010 f   LIBCMTD:dbgrptt.obj
 0002:00047020       __CrtGetReportHook         10084020 f   LIBCMTD:dbgrptt.obj
 0002:00047030       __CrtSetReportFile         10084030 f   LIBCMTD:dbgrptt.obj
 0002:00047170       __CrtSetReportHook         10084170 f   LIBCMTD:dbgrptt.obj
 0002:000471a0       __CrtSetReportMode         100841a0 f   LIBCMTD:dbgrptt.obj
 0002:00047330       __VCrtDbgReportA           10084330 f   LIBCMTD:dbgrptt.obj
 0002:00047db0       __VCrtDbgReportW           10084db0 f   LIBCMTD:dbgrptt.obj
 0002:00048980       ___iswcsym                 10085980 f i LIBCMTD:_wctype.obj
 0002:000489d0       ___iswcsymf                100859d0 f i LIBCMTD:_wctype.obj
 0002:00048a20       __isleadbyte_l             10085a20 f i LIBCMTD:_wctype.obj
 0002:00048a80       __iswalnum_l               10085a80 f i LIBCMTD:_wctype.obj
 0002:00048aa0       __iswalpha_l               10085aa0 f i LIBCMTD:_wctype.obj
 0002:00048ac0       __iswcntrl_l               10085ac0 f i LIBCMTD:_wctype.obj
 0002:00048ae0       __iswcsym_l                10085ae0 f i LIBCMTD:_wctype.obj
 0002:00048b30       __iswcsymf_l               10085b30 f i LIBCMTD:_wctype.obj
 0002:00048b80       __iswdigit_l               10085b80 f i LIBCMTD:_wctype.obj
 0002:00048ba0       __iswgraph_l               10085ba0 f i LIBCMTD:_wctype.obj
 0002:00048bc0       __iswlower_l               10085bc0 f i LIBCMTD:_wctype.obj
 0002:00048be0       __iswprint_l               10085be0 f i LIBCMTD:_wctype.obj
 0002:00048c00       __iswpunct_l               10085c00 f i LIBCMTD:_wctype.obj
 0002:00048c20       __iswspace_l               10085c20 f i LIBCMTD:_wctype.obj
 0002:00048c40       __iswupper_l               10085c40 f i LIBCMTD:_wctype.obj
 0002:00048c60       __iswxdigit_l              10085c60 f i LIBCMTD:_wctype.obj
 0002:00048c80       _isleadbyte                10085c80 f i LIBCMTD:_wctype.obj
 0002:00048ca0       _iswalnum                  10085ca0 f i LIBCMTD:_wctype.obj
 0002:00048cc0       _iswalpha                  10085cc0 f i LIBCMTD:_wctype.obj
 0002:00048ce0       _iswascii                  10085ce0 f i LIBCMTD:_wctype.obj
 0002:00048d10       _iswcntrl                  10085d10 f i LIBCMTD:_wctype.obj
 0002:00048d30       _iswdigit                  10085d30 f i LIBCMTD:_wctype.obj
 0002:00048d50       _iswgraph                  10085d50 f i LIBCMTD:_wctype.obj
 0002:00048d70       _iswlower                  10085d70 f i LIBCMTD:_wctype.obj
 0002:00048d90       _iswprint                  10085d90 f i LIBCMTD:_wctype.obj
 0002:00048db0       _iswpunct                  10085db0 f i LIBCMTD:_wctype.obj
 0002:00048dd0       _iswspace                  10085dd0 f i LIBCMTD:_wctype.obj
 0002:00048df0       _iswupper                  10085df0 f i LIBCMTD:_wctype.obj
 0002:00048e10       _iswxdigit                 10085e10 f i LIBCMTD:_wctype.obj
 0002:00048e30       __get_printf_count_output  10085e30 f   LIBCMTD:printf.obj
 0002:00048e70       __printf_l                 10085e70 f   LIBCMTD:printf.obj
 0002:00048ea0       __printf_p                 10085ea0 f   LIBCMTD:printf.obj
 0002:00048ed0       __printf_p_l               10085ed0 f   LIBCMTD:printf.obj
 0002:00048f00       __printf_s_l               10085f00 f   LIBCMTD:printf.obj
 0002:00048f30       __set_printf_count_output  10085f30 f   LIBCMTD:printf.obj
 0002:00048fa0       _printf                    10085fa0 f   LIBCMTD:printf.obj
 0002:00049170       _printf_s                  10086170 f   LIBCMTD:printf.obj
 0002:000491a0       __wctomb_l                 100861a0 f   LIBCMTD:wctomb.obj
 0002:00049230       __wctomb_s_l               10086230 f   LIBCMTD:wctomb.obj
 0002:00049650       _wctomb                    10086650 f   LIBCMTD:wctomb.obj
 0002:000496b0       _wctomb_s                  100866b0 f   LIBCMTD:wctomb.obj
 0002:000496e0       __aullrem                  100866e0 f   LIBCMTD:ullrem.obj
 0002:00049780       __initp_misc_cfltcvt_tab   10086780 f   LIBCMTD:cmiscdat.obj
 0002:000497d0       ___free_lconv_mon          100867d0 f   LIBCMTD:initmon.obj
 0002:000499e0       ___init_monetary           100869e0 f   LIBCMTD:initmon.obj
 0002:0004a170       ___free_lconv_num          10087170 f   LIBCMTD:initnum.obj
 0002:0004a250       ___init_numeric            10087250 f   LIBCMTD:initnum.obj
 0002:0004a710       ___free_lc_time            10087710 f   LIBCMTD:inittime.obj
 0002:0004b290       ___init_time               10088290 f   LIBCMTD:inittime.obj
 0002:0004c690       _localeconv                10089690 f   LIBCMTD:lconv.obj
 0002:0004caa0       __MarkAllocaS              10089aa0 f i LIBCMTD:a_map.obj
 0002:0004cad0       ___crtLCMapStringA         10089ad0 f   LIBCMTD:a_map.obj
 0002:0004cb40       __freea                    10089b40 f i LIBCMTD:a_map.obj
 0002:0004cd30       ___crtGetStringTypeA       10089d30 f   LIBCMTD:a_str.obj
 0002:0004ced0       ?_CallCatchBlock2@@YAPAXPAUEHRegistrationNode@@PBU_s_FuncInfo@@PAXHK@Z 10089ed0 f   LIBCMTD:_trnsctrl_.obj
 0002:0004cf60       ?_CallMemberFunction0@@YGXPAX0@Z 10089f60 f   LIBCMTD:_trnsctrl_.obj
 0002:0004cf70       ?_CallMemberFunction1@@YGXPAX00@Z 10089f70 f   LIBCMTD:_trnsctrl_.obj
 0002:0004cf80       ?_CallMemberFunction2@@YGXPAX00H@Z 10089f80 f   LIBCMTD:_trnsctrl_.obj
 0002:0004cf90       ?_CallSETranslator@@YAHPAUEHExceptionRecord@@PAUEHRegistrationNode@@PAX2PBU_s_FuncInfo@@H1@Z 10089f90 f   LIBCMTD:_trnsctrl_.obj
 0002:0004d0c0       ?_GetRangeOfTrysToCheck@@YAPBU_s_TryBlockMapEntry@@PBU_s_FuncInfo@@HHPAI1@Z 1008a0c0 f   LIBCMTD:_trnsctrl_.obj
 0002:0004d170       ?_JumpToContinuation@@YGXPAXPAUEHRegistrationNode@@@Z 1008a170 f   LIBCMTD:_trnsctrl_.obj
 0002:0004d1b0       ?_UnwindNestedFrames@@YGXPAUEHRegistrationNode@@PAUEHExceptionRecord@@@Z 1008a1b0 f   LIBCMTD:_trnsctrl_.obj
 0002:0004d220       __CreateFrameInfo          1008a220 f   LIBCMTD:_trnsctrl_.obj
 0002:0004d260       __FindAndUnlinkFrame       1008a260 f   LIBCMTD:_trnsctrl_.obj
 0002:0004d2d0       __IsExceptionObjectToBeDestroyed 1008a2d0 f   LIBCMTD:_trnsctrl_.obj
 0002:0004d310       ___CxxFrameHandler         1008a310 f   LIBCMTD:_trnsctrl_.obj
 0002:0004d360       ___CxxFrameHandler2        1008a360 f   LIBCMTD:_trnsctrl_.obj
 0002:0004d3b0       ___CxxFrameHandler3        1008a3b0 f   LIBCMTD:_trnsctrl_.obj
 0002:0004d400       ___CxxLongjmpUnwind@4      1008a400 f   LIBCMTD:_trnsctrl_.obj
 0002:0004d440       ___pctype_func             1008a440 f   LIBCMTD:ctype.obj
 0002:0004d4a0       ___pwctype_func            1008a4a0 f   LIBCMTD:ctype.obj
 0002:0004d4b0       __chvalidator              1008a4b0 f   LIBCMTD:isctype.obj
 0002:0004d510       __chvalidator_l            1008a510 f   LIBCMTD:isctype.obj
 0002:0004d600       __isctype                  1008a600 f   LIBCMTD:isctype.obj
 0002:0004d650       __isctype_l                1008a650 f   LIBCMTD:isctype.obj
 0002:0004d800       __free_base                1008a800 f   LIBCMTD:free.obj
 0002:0004d860       __realloc_base             1008a860 f   LIBCMTD:realloc.obj
 0002:0004d9a0       __expand_base              1008a9a0 f   LIBCMTD:expand.obj
 0002:0004db60       __CrtDbgReport             1008ab60 f   LIBCMTD:dbgrpt.obj
 0002:0004dbc0       __CrtDbgReportV            1008abc0 f i LIBCMTD:dbgrpt.obj
 0002:0004dc00       __CrtSetReportHook2        1008ac00 f   LIBCMTD:dbgrpt.obj
 0002:0004e020       ___crtMessageWindowA       1008b020 f   LIBCMTD:dbgrpt.obj
 0002:0004e5f0       ?_query_new_handler@@YAP6AHI@ZXZ 1008b5f0 f   LIBCMTD:handler.obj
 0002:0004e610       ?_set_new_handler@@YAP6AHI@ZH@Z 1008b610 f   LIBCMTD:handler.obj
 0002:0004e660       ?_set_new_handler@@YAP6AHI@ZP6AHI@Z@Z 1008b660 f   LIBCMTD:handler.obj
 0002:0004e6b0       __callnewh                 1008b6b0 f   LIBCMTD:handler.obj
 0002:0004e700       __initp_heap_handler       1008b700 f   LIBCMTD:handler.obj
 0002:0004e710       __heapchk                  1008b710 f   LIBCMTD:heapchk.obj
 0002:0004e750       __heapset                  1008b750 f   LIBCMTD:heapchk.obj
 0002:0004e760       __heap_alloc_base          1008b760 f i LIBCMTD:malloc.obj
 0002:0004e7d0       __malloc_base              1008b7d0 f   LIBCMTD:malloc.obj
 0002:0004e880       __FF_MSGBANNER             1008b880 f   LIBCMTD:crt0msg.obj
 0002:0004e8e0       __GET_RTERRMSG             1008b8e0 f   LIBCMTD:crt0msg.obj
 0002:0004e930       __NMSG_WRITE               1008b930 f   LIBCMTD:crt0msg.obj
 0002:0004ede0       __FindPESection            1008bde0 f   LIBCMTD:pesect.obj
 0002:0004ee70       __IsNonwritableInCurrentImage 1008be70 f   LIBCMTD:pesect.obj
 0002:0004eff0       __ValidateImageBase        1008bff0 f   LIBCMTD:pesect.obj
 0002:0004f070       __mbtowc_l                 1008c070 f   LIBCMTD:mbtowc.obj
 0002:0004f330       _mbtowc                    1008c330 f   LIBCMTD:mbtowc.obj
 0002:0004f360       __putwch                   1008c360 f   LIBCMTD:putwch.obj
 0002:0004f410       __putwch_nolock            1008c410 f   LIBCMTD:putwch.obj
 0002:0004f480       ___onexitinit              1008c480 f   LIBCMTD:onexit.obj
 0002:0004f4f0       __onexit                   1008c4f0 f   LIBCMTD:onexit.obj
 0002:0004f720       _atexit                    1008c720 f   LIBCMTD:onexit.obj
 0002:0004f760       ?_inconsistency@@YAXXZ     1008c760 f   LIBCMTD:hooks.obj
 0002:0004f810       ?terminate@@YAXXZ          1008c810 f   LIBCMTD:hooks.obj
 0002:0004f8b0       ?unexpected@@YAXXZ         1008c8b0 f   LIBCMTD:hooks.obj
 0002:0004f8e0       __initp_eh_hooks           1008c8e0 f   LIBCMTD:hooks.obj
 0002:0004f900       ___getlocaleinfo           1008c900 f   LIBCMTD:inithelp.obj
 0002:0004fcc0       __initp_misc_purevirt      1008ccc0 f   LIBCMTD:inithelp.obj
 0002:0004fcd0       __initp_misc_rand_s        1008ccd0 f   LIBCMTD:rand_s.obj
 0002:0004fce0       _rand_s                    1008cce0 f   LIBCMTD:rand_s.obj
 0002:0004ffe0       __ftbuf                    1008cfe0 f   LIBCMTD:_sftbuf.obj
 0002:00050090       __stbuf                    1008d090 f   LIBCMTD:_sftbuf.obj
 0002:00050260       __fcloseall                1008d260 f   LIBCMTD:closeall.obj
 0002:000503d0       __commit                   1008d3d0 f   LIBCMTD:commit.obj
 0002:000506b0       __open                     1008d6b0 f   LIBCMTD:open.obj
 0002:000506b0       _open                      1008d6b0 f   LIBCMTD:open.obj
 0002:000508b0       __sopen                    1008d8b0 f   LIBCMTD:open.obj
 0002:00050940       __sopen_helper             1008d940 f   LIBCMTD:open.obj
 0002:00050c70       __sopen_nolock             1008dc70 f   LIBCMTD:open.obj
 0002:00050cf0       __sopen_s                  1008dcf0 f   LIBCMTD:open.obj
 0002:00050d20       __mbsnbcmp                 1008dd20 f   LIBCMTD:mbsnbcmp.obj
 0002:00050d50       __mbsnbcmp_l               1008dd50 f   LIBCMTD:mbsnbcmp.obj
 0002:00051130       __mbsnbicmp                1008e130 f   LIBCMTD:mbsnbicm.obj
 0002:00051160       __mbsnbicmp_l              1008e160 f   LIBCMTD:mbsnbicm.obj
 0002:000517f0       __global_unwind2           1008e7f0 f   LIBCMTD:exsup.obj
 0002:00051855       __local_unwind2            1008e855 f   LIBCMTD:exsup.obj
 0002:000518d9       __abnormal_termination     1008e8d9 f   LIBCMTD:exsup.obj
 0002:000518fc       __NLG_Notify1              1008e8fc f   LIBCMTD:exsup.obj
 0002:00051905       __NLG_Notify               1008e905 f   LIBCMTD:exsup.obj
 0002:0005191c       __NLG_Dispatch2            1008e91c     LIBCMTD:exsup.obj
 0002:0005191c       __NLG_Dispatch             1008e91c     LIBCMTD:exsup.obj
 0002:00051924       __NLG_Call                 1008e924 f   LIBCMTD:exsup.obj
 0002:00051926       __NLG_Return2              1008e926     LIBCMTD:exsup.obj
 0002:00051a70       __ismbbalnum               1008ea70 f   LIBCMTD:ismbbyte.obj
 0002:00051a90       __ismbbalnum_l             1008ea90 f   LIBCMTD:ismbbyte.obj
 0002:00051ac0       __ismbbalpha               1008eac0 f   LIBCMTD:ismbbyte.obj
 0002:00051ae0       __ismbbalpha_l             1008eae0 f   LIBCMTD:ismbbyte.obj
 0002:00051b10       __ismbbgraph               1008eb10 f   LIBCMTD:ismbbyte.obj
 0002:00051b30       __ismbbgraph_l             1008eb30 f   LIBCMTD:ismbbyte.obj
 0002:00051b60       __ismbbkalnum              1008eb60 f   LIBCMTD:ismbbyte.obj
 0002:00051b80       __ismbbkalnum_l            1008eb80 f   LIBCMTD:ismbbyte.obj
 0002:00051ba0       __ismbbkana                1008eba0 f   LIBCMTD:ismbbyte.obj
 0002:00051bc0       __ismbbkana_l              1008ebc0 f   LIBCMTD:ismbbyte.obj
 0002:00051c50       __ismbbkprint              1008ec50 f   LIBCMTD:ismbbyte.obj
 0002:00051c70       __ismbbkprint_l            1008ec70 f   LIBCMTD:ismbbyte.obj
 0002:00051c90       __ismbbkpunct              1008ec90 f   LIBCMTD:ismbbyte.obj
 0002:00051cb0       __ismbbkpunct_l            1008ecb0 f   LIBCMTD:ismbbyte.obj
 0002:00051cd0       __ismbblead                1008ecd0 f   LIBCMTD:ismbbyte.obj
 0002:00051cf0       __ismbblead_l              1008ecf0 f   LIBCMTD:ismbbyte.obj
 0002:00051d10       __ismbbprint               1008ed10 f   LIBCMTD:ismbbyte.obj
 0002:00051d30       __ismbbprint_l             1008ed30 f   LIBCMTD:ismbbyte.obj
 0002:00051d60       __ismbbpunct               1008ed60 f   LIBCMTD:ismbbyte.obj
 0002:00051d80       __ismbbpunct_l             1008ed80 f   LIBCMTD:ismbbyte.obj
 0002:00051da0       __ismbbtrail               1008eda0 f   LIBCMTD:ismbbyte.obj
 0002:00051dc0       __ismbbtrail_l             1008edc0 f   LIBCMTD:ismbbyte.obj
 0002:00052410       __strtol_l                 1008f410 f   LIBCMTD:strtol.obj
 0002:00052440       __strtoul_l                1008f440 f   LIBCMTD:strtol.obj
 0002:00052470       _strtol                    1008f470 f   LIBCMTD:strtol.obj
 0002:000524d0       _strtoul                   1008f4d0 f   LIBCMTD:strtol.obj
 0002:00052530       ___vswprintf_l             1008f530 f   LIBCMTD:vswprint.obj
 0002:00052560       __vscwprintf               1008f560 f   LIBCMTD:vswprint.obj
 0002:00052590       __vscwprintf_helper        1008f590 f   LIBCMTD:vswprint.obj
 0002:000526c0       __vscwprintf_l             1008f6c0 f   LIBCMTD:vswprint.obj
 0002:000526f0       __vscwprintf_p             1008f6f0 f   LIBCMTD:vswprint.obj
 0002:00052720       __vscwprintf_p_l           1008f720 f   LIBCMTD:vswprint.obj
 0002:00052750       __vswprintf                1008f750 f   LIBCMTD:vswprint.obj
 0002:00052780       __vswprintf_l              1008f780 f   LIBCMTD:vswprint.obj
 0002:00052a20       __vsnwprintf_s             1008fa20 f   LIBCMTD:vswprnc.obj
 0002:00052a50       __vsnwprintf_s_l           1008fa50 f   LIBCMTD:vswprnc.obj
 0002:00052f20       __vswprintf_c              1008ff20 f   LIBCMTD:vswprnc.obj
 0002:00052f80       __vswprintf_c_l            1008ff80 f   LIBCMTD:vswprnc.obj
 0002:00052fe0       __vswprintf_helper         1008ffe0 f   LIBCMTD:vswprnc.obj
 0002:000532f0       __vswprintf_p              100902f0 f   LIBCMTD:vswprnc.obj
 0002:00053350       __vswprintf_p_l            10090350 f   LIBCMTD:vswprnc.obj
 0002:000533b0       __vswprintf_s_l            100903b0 f   LIBCMTD:vswprnc.obj
 0002:000536f0       _vswprintf_s               100906f0 f   LIBCMTD:vswprnc.obj
 0002:00053720       __woutput_l                10090720 f   LIBCMTD:woutput.obj
 0002:000552a0       _strcat_s                  100922a0 f   LIBCMTD:strcat_s.obj
 0002:000557a0       _wcscat_s                  100927a0 f   LIBCMTD:wcscat_s.obj
 0002:000561f0       __i64toa_s                 100931f0 f   LIBCMTD:xtoas.obj
 0002:00056250       __itoa_s                   10093250 f   LIBCMTD:xtoas.obj
 0002:000562c0       __ltoa_s                   100932c0 f   LIBCMTD:xtoas.obj
 0002:00056310       __ui64toa_s                10093310 f   LIBCMTD:xtoas.obj
 0002:00056340       __ultoa_s                  10093340 f   LIBCMTD:xtoas.obj
 0002:00056850       __mbstowcs_l               10093850 f   LIBCMTD:mbstowcs.obj
 0002:00056880       __mbstowcs_l_helper        10093880 f   LIBCMTD:mbstowcs.obj
 0002:00056cf0       __mbstowcs_s_l             10093cf0 f   LIBCMTD:mbstowcs.obj
 0002:00057190       _mbstowcs                  10094190 f   LIBCMTD:mbstowcs.obj
 0002:000571f0       _mbstowcs_s                100941f0 f   LIBCMTD:mbstowcs.obj
 0002:00057770       __i64tow_s                 10094770 f   LIBCMTD:xtows.obj
 0002:000577d0       __itow_s                   100947d0 f   LIBCMTD:xtows.obj
 0002:00057840       __ltow_s                   10094840 f   LIBCMTD:xtows.obj
 0002:00057890       __ui64tow_s                10094890 f   LIBCMTD:xtows.obj
 0002:000578c0       __ultow_s                  100948c0 f   LIBCMTD:xtows.obj
 0002:00057df0       __iswctype_l               10094df0 f   LIBCMTD:iswctype.obj
 0002:00057e10       _is_wctype                 10094e10 f   LIBCMTD:iswctype.obj
 0002:00057e30       _iswctype                  10094e30 f   LIBCMTD:iswctype.obj
 0002:00057eb0       __vprintf_l                10094eb0 f   LIBCMTD:vprintf.obj
 0002:00057ee0       __vprintf_p                10094ee0 f   LIBCMTD:vprintf.obj
 0002:00057f10       __vprintf_p_l              10094f10 f   LIBCMTD:vprintf.obj
 0002:00057f40       __vprintf_s_l              10094f40 f   LIBCMTD:vprintf.obj
 0002:00057f70       _vprintf                   10094f70 f   LIBCMTD:vprintf.obj
 0002:00057fa0       _vprintf_helper            10094fa0 f   LIBCMTD:vprintf.obj
 0002:00058120       _vprintf_s                 10095120 f   LIBCMTD:vprintf.obj
 0002:00058150       ____lc_codepage_func       10095150 f   LIBCMTD:initctyp.obj
 0002:000581b0       ____lc_collate_cp_func     100951b0 f   LIBCMTD:initctyp.obj
 0002:00058210       ____lc_locale_name_func    10095210 f   LIBCMTD:initctyp.obj
 0002:00058270       ____mb_cur_max_func        10095270 f   LIBCMTD:initctyp.obj
 0002:000582d0       ____mb_cur_max_l_func      100952d0 f   LIBCMTD:initctyp.obj
 0002:00058300       ___init_ctype              10095300 f   LIBCMTD:initctyp.obj
 0002:00058ac0       __fptrap                   10095ac0 f   LIBCMTD:crt0fp.obj
 0002:00058ae0       __locterm                  10095ae0 f   LIBCMTD:wsetloca.obj
 0002:00058ba0       ___init_dummy              10095ba0 f   LIBCMTD:wsetloca.obj
 0002:00058bb0       ____setlc_active_func      10095bb0 f   LIBCMTD:wsetloca.obj
 0002:00058bc0       ____unguarded_readlc_active_add_func 10095bc0 f   LIBCMTD:wsetloca.obj
 0002:00058bd0       ___copy_locale_name        10095bd0 f   LIBCMTD:wsetloca.obj
 0002:00058ca0       ___create_locale           10095ca0 f   LIBCMTD:wsetloca.obj
 0002:00058cc0       ___free_locale             10095cc0 f   LIBCMTD:wsetloca.obj
 0002:00058ce0       ___get_current_locale      10095ce0 f   LIBCMTD:wsetloca.obj
 0002:00058cf0       ___lc_lctowcs              10095cf0 f   LIBCMTD:wsetloca.obj
 0002:00058dc0       ___lc_wcstolc              10095dc0 f   LIBCMTD:wsetloca.obj
 0002:00059070       __configthreadlocale       10096070 f   LIBCMTD:wsetloca.obj
 0002:00059220       __create_locale            10096220 f   LIBCMTD:wsetloca.obj
 0002:000592b0       __expandlocale             100962b0 f   LIBCMTD:wsetloca.obj
 0002:00059850       __free_locale              10096850 f   LIBCMTD:wsetloca.obj
 0002:000599c0       __get_current_locale       100969c0 f   LIBCMTD:wsetloca.obj
 0002:00059b20       __wcreate_locale           10096b20 f   LIBCMTD:wsetloca.obj
 0002:00059d70       __wcscats                  10096d70 f   LIBCMTD:wsetloca.obj
 0002:00059e00       __wsetlocale               10096e00 f   LIBCMTD:wsetloca.obj
 0002:0005b2b0       ___crtCompareStringEx      100982b0 f   LIBCMTD:winapinls.obj
 0002:0005b2f0       ___crtEnumSystemLocalesEx  100982f0 f   LIBCMTD:winapinls.obj
 0002:0005b310       ___crtGetDateFormatEx      10098310 f   LIBCMTD:winapinls.obj
 0002:0005b340       ___crtGetLocaleInfoEx      10098340 f   LIBCMTD:winapinls.obj
 0002:0005b370       ___crtGetTimeFormatEx      10098370 f   LIBCMTD:winapinls.obj
 0002:0005b3a0       ___crtGetUserDefaultLocaleName 100983a0 f   LIBCMTD:winapinls.obj
 0002:0005b3c0       ___crtIsValidLocaleName    100983c0 f   LIBCMTD:winapinls.obj
 0002:0005b3e0       ___crtLCMapStringEx        100983e0 f   LIBCMTD:winapinls.obj
 0002:0005b420       __CallSettingFrame@12      10098420 f   LIBCMTD:lowhelpr.obj
 0002:0005b447       __NLG_Return               10098447     LIBCMTD:lowhelpr.obj
 0002:0005b480       ___DestructExceptionObject 10098480 f   LIBCMTD:frame.obj
 0002:0005b5f0       ??0bad_exception@std@@QAE@ABV01@@Z 100985f0 f i LIBCMTD:frame.obj
 0002:0005b620       ??0bad_exception@std@@QAE@PBD@Z 10098620 f i LIBCMTD:frame.obj
 0002:0005b650       ??1bad_exception@std@@UAE@XZ 10098650 f i LIBCMTD:frame.obj
 0002:0005b680       ??_Ebad_exception@std@@UAEPAXI@Z 10098680 f i LIBCMTD:frame.obj
 0002:0005b680       ??_Gbad_exception@std@@UAEPAXI@Z 10098680 f i LIBCMTD:frame.obj
 0002:0005c570       ?__uncaught_exception@@YA_NXZ 10099570 f   LIBCMTD:frame.obj
 0002:0005c5b0       ?_is_exception_typeof@@YAHABVtype_info@@PAU_EXCEPTION_POINTERS@@@Z 100995b0 f   LIBCMTD:frame.obj
 0002:0005c6c0       ___AdjustPointer           100996c0 f   LIBCMTD:frame.obj
 0002:0005c720       ___BuildCatchObject        10099720 f   LIBCMTD:frame.obj
 0002:0005c870       ___BuildCatchObjectHelper  10099870 f   LIBCMTD:frame.obj
 0002:0005cb90       ___CxxDetectRethrow        10099b90 f   LIBCMTD:frame.obj
 0002:0005cc30       ___CxxExceptionFilter      10099c30 f   LIBCMTD:frame.obj
 0002:0005ceb0       ___CxxQueryExceptionSize   10099eb0 f   LIBCMTD:frame.obj
 0002:0005cec0       ___CxxRegisterExceptionObject 10099ec0 f   LIBCMTD:frame.obj
 0002:0005d050       ___CxxUnregisterExceptionObject 1009a050 f   LIBCMTD:frame.obj
 0002:0005d230       ___FrameUnwindFilter       1009a230 f   LIBCMTD:frame.obj
 0002:0005d2d0       ___FrameUnwindToState      1009a2d0 f   LIBCMTD:frame.obj
 0002:0005d4b0       ___InternalCxxFrameHandler 1009a4b0 f   LIBCMTD:frame.obj
 0002:0005d680       ___TypeMatch               1009a680 f   LIBCMTD:frame.obj
 0002:0005d760       _wcsncpy_s                 1009a760 f   LIBCMTD:wcsncpy_s.obj
 0002:0005dca0       ___set_app_type            1009aca0 f   LIBCMTD:errmode.obj
 0002:0005dcb0       __set_error_mode           1009acb0 f   LIBCMTD:errmode.obj
 0002:0005dda0       ___termconout              1009ada0 f   LIBCMTD:initcon.obj
 0002:0005ddd0       ___initconout              1009add0 f   LIBCMTD:initcon.obj
 0002:0005de00       __set_abort_behavior       1009ae00 f   LIBCMTD:abort.obj
 0002:0005de40       _abort                     1009ae40 f   LIBCMTD:abort.obj
 0002:0005e020       ___crtGetLocaleInfoA       1009b020 f   LIBCMTD:a_loc.obj
 0002:0005e080       _strncmp                   1009b080 f   LIBCMTD:strncmp.obj
 0002:0005e120       __strnicmp                 1009b120 f   LIBCMTD:strnicmp.obj
 0002:0005e360       __strnicmp_l               1009b360 f   LIBCMTD:strnicmp.obj
 0002:0005e690       __validate_param_reuseW    1009b690 f   LIBCMTD:woutputp.obj
 0002:0005ea30       __woutput_p_l              1009ba30 f   LIBCMTD:woutputp.obj
 0002:00063410       __woutput_s_l              100a0410 f   LIBCMTD:woutputs.obj
 0002:00065150       __fputwc_nolock            100a2150 f   LIBCMTD:fputwc.obj
 0002:00065500       _fputwc                    100a2500 f   LIBCMTD:fputwc.obj
 0002:00065660       _putwc                     100a2660 f   LIBCMTD:fputwc.obj
 0002:00065680       ___init_collate            100a2680 f   LIBCMTD:initcoll.obj
 0002:000658a0       _memcmp                    100a28a0 f   LIBCMTD:memcmp.obj
 0002:000663a0       _wcscmp                    100a33a0 f   LIBCMTD:wcscmp.obj
 0002:00066420       _wcscspn                   100a3420 f   LIBCMTD:wcscspn.obj
 0002:000664a0       _wcsnlen                   100a34a0 f   LIBCMTD:wcslen_s.obj
 0002:000664f0       _wcsncmp                   100a34f0 f   LIBCMTD:wcsncmp.obj
 0002:00066560       _wcspbrk                   100a3560 f   LIBCMTD:wcspbrk.obj
 0002:00067390       ___get_qualified_locale    100a4390 f   LIBCMTD:getqloc.obj
 0002:000676f0       ??3@YAXPAX@Z               100a46f0 f   LIBCMTD:dbgdel.obj
 0002:00067820       _memmove                   100a4820 f   LIBCMTD:memmove.obj
 0002:00068000       ?_ValidateExecute@@YAHP6GHXZ@Z 100a5000 f   LIBCMTD:validate.obj
 0002:00068030       ?_ValidateRead@@YAHPBXI@Z  100a5030 f   LIBCMTD:validate.obj
 0002:00068060       ?_ValidateWrite@@YAHPAXI@Z 100a5060 f   LIBCMTD:validate.obj
 0002:00068090       ??0type_info@@AAE@ABV0@@Z  100a5090 f   LIBCMTD:typinfo.obj
 0002:000680b0       ??1type_info@@UAE@XZ       100a50b0 f   LIBCMTD:typinfo.obj
 0002:000680e0       ??4type_info@@AAEAAV0@ABV0@@Z 100a50e0 f   LIBCMTD:typinfo.obj
 0002:00068100       ??8type_info@@QBE_NABV0@@Z 100a5100 f   LIBCMTD:typinfo.obj
 0002:00068150       ??9type_info@@QBE_NABV0@@Z 100a5150 f   LIBCMTD:typinfo.obj
 0002:000681a0       ??_Etype_info@@UAEPAXI@Z   100a51a0 f i LIBCMTD:typinfo.obj
 0002:000681a0       ??_Gtype_info@@UAEPAXI@Z   100a51a0 f i LIBCMTD:typinfo.obj
 0002:000681e0       ?_name_internal_method@type_info@@QBEPBDPAU__type_info_node@@@Z 100a51e0 f   LIBCMTD:typinfo.obj
 0002:00068210       ?_type_info_dtor_internal_method@type_info@@QAEXXZ 100a5210 f   LIBCMTD:typinfo.obj
 0002:00068230       ?before@type_info@@QBE_NABV1@@Z 100a5230 f   LIBCMTD:typinfo.obj
 0002:00068280       ?name@type_info@@QBEPBDPAU__type_info_node@@@Z 100a5280 f   LIBCMTD:typinfo.obj
 0002:000682b0       ?raw_name@type_info@@QBEPBDXZ 100a52b0 f   LIBCMTD:typinfo.obj
 0002:000682d0       ??0__non_rtti_object@std@@QAE@ABV01@@Z 100a52d0 f   LIBCMTD:stdexcpt.obj
 0002:00068300       ??0__non_rtti_object@std@@QAE@PBD@Z 100a5300 f   LIBCMTD:stdexcpt.obj
 0002:00068330       ??0bad_cast@std@@QAE@ABV01@@Z 100a5330 f   LIBCMTD:stdexcpt.obj
 0002:00068360       ??0bad_cast@std@@QAE@PBD@Z 100a5360 f   LIBCMTD:stdexcpt.obj
 0002:00068390       ??0bad_typeid@std@@QAE@ABV01@@Z 100a5390 f   LIBCMTD:stdexcpt.obj
 0002:000683c0       ??0bad_typeid@std@@QAE@PBD@Z 100a53c0 f   LIBCMTD:stdexcpt.obj
 0002:000683f0       ??0exception@std@@QAE@ABQBD@Z 100a53f0 f   LIBCMTD:stdexcpt.obj
 0002:00068440       ??0exception@std@@QAE@ABQBDH@Z 100a5440 f   LIBCMTD:stdexcpt.obj
 0002:00068480       ??0exception@std@@QAE@ABV01@@Z 100a5480 f   LIBCMTD:stdexcpt.obj
 0002:000684d0       ??0exception@std@@QAE@XZ   100a54d0 f   LIBCMTD:stdexcpt.obj
 0002:00068510       ??1__non_rtti_object@std@@UAE@XZ 100a5510 f   LIBCMTD:stdexcpt.obj
 0002:00068540       ??1bad_cast@std@@UAE@XZ    100a5540 f   LIBCMTD:stdexcpt.obj
 0002:00068570       ??1bad_typeid@std@@UAE@XZ  100a5570 f   LIBCMTD:stdexcpt.obj
 0002:000685a0       ??1exception@std@@UAE@XZ   100a55a0 f   LIBCMTD:stdexcpt.obj
 0002:000685d0       ??4exception@std@@QAEAAV01@ABV01@@Z 100a55d0 f   LIBCMTD:stdexcpt.obj
 0002:00068630       ??_E__non_rtti_object@std@@UAEPAXI@Z 100a5630 f i LIBCMTD:stdexcpt.obj
 0002:00068630       ??_G__non_rtti_object@std@@UAEPAXI@Z 100a5630 f i LIBCMTD:stdexcpt.obj
 0002:00068670       ??_Gbad_cast@std@@UAEPAXI@Z 100a5670 f i LIBCMTD:stdexcpt.obj
 0002:00068670       ??_Ebad_cast@std@@UAEPAXI@Z 100a5670 f i LIBCMTD:stdexcpt.obj
 0002:000686b0       ??_Ebad_typeid@std@@UAEPAXI@Z 100a56b0 f i LIBCMTD:stdexcpt.obj
 0002:000686b0       ??_Gbad_typeid@std@@UAEPAXI@Z 100a56b0 f i LIBCMTD:stdexcpt.obj
 0002:000686f0       ??_Eexception@std@@UAEPAXI@Z 100a56f0 f i LIBCMTD:stdexcpt.obj
 0002:000686f0       ??_Gexception@std@@UAEPAXI@Z 100a56f0 f i LIBCMTD:stdexcpt.obj
 0002:00068730       ?_Copy_str@exception@std@@AAEXPBD@Z 100a5730 f   LIBCMTD:stdexcpt.obj
 0002:000687b0       ?_Tidy@exception@std@@AAEXXZ 100a57b0 f   LIBCMTD:stdexcpt.obj
 0002:00068800       ?what@exception@std@@UBEPBDXZ 100a5800 f   LIBCMTD:stdexcpt.obj
 0002:00068840       __CxxThrowException@8      100a5840 f   LIBCMTD:throw.obj
 0002:00068900       ___ascii_strnicmp          100a5900 f   LIBCMTD:_strnicm.obj
 0002:00068980       __tolower                  100a5980 f   LIBCMTD:tolower.obj
 0002:00068990       __tolower_l                100a5990 f   LIBCMTD:tolower.obj
 0002:00068c60       _tolower                   100a5c60 f   LIBCMTD:tolower.obj
 0002:00069170       __wcstol_l                 100a6170 f   LIBCMTD:wcstol.obj
 0002:000691a0       __wcstoul_l                100a61a0 f   LIBCMTD:wcstol.obj
 0002:000691d0       _wcstol                    100a61d0 f   LIBCMTD:wcstol.obj
 0002:00069200       _wcstoul                   100a6200 f   LIBCMTD:wcstol.obj
 0002:00069230       __flswbuf                  100a6230 f   LIBCMTD:_flswbuf.obj
 0002:000695f0       __wtoi                     100a65f0 f   LIBCMTD:wtox.obj
 0002:00069610       __wtoi64                   100a6610 f   LIBCMTD:wtox.obj
 0002:00069630       __wtoi64_l                 100a6630 f   LIBCMTD:wtox.obj
 0002:00069650       __wtoi_l                   100a6650 f   LIBCMTD:wtox.obj
 0002:00069670       __wtol                     100a6670 f   LIBCMTD:wtox.obj
 0002:00069690       __wtol_l                   100a6690 f   LIBCMTD:wtox.obj
 0002:000696b0       _wcschr                    100a66b0 f   LIBCMTD:wcschr.obj
 0002:00069890       __wcsicmp                  100a6890 f   LIBCMTD:wcsicmp.obj
 0002:00069ad0       __wcsicmp_l                100a6ad0 f   LIBCMTD:wcsicmp.obj
 0002:00069dd0       __wcsnicmp                 100a6dd0 f   LIBCMTD:wcsnicmp.obj
 0002:0006a030       __wcsnicmp_l               100a7030 f   LIBCMTD:wcsnicmp.obj
 0002:0006a330       ?_Name_base@type_info@@CAPBDPBV1@PAU__type_info_node@@@Z 100a7330 f   LIBCMTD:typname.obj
 0002:0006a540       ?_Name_base_internal@type_info@@CAPBDPBV1@PAU__type_info_node@@@Z 100a7540 f   LIBCMTD:typname.obj
 0002:0006a770       ?_Type_info_dtor@type_info@@CAXPAV1@@Z 100a7770 f   LIBCMTD:typname.obj
 0002:0006a8c0       ?_Type_info_dtor_internal@type_info@@CAXPAV1@@Z 100a78c0 f   LIBCMTD:typname.obj
 0002:0006aa20       ___clean_type_info_names_internal 100a7a20 f   LIBCMTD:typname.obj
 0002:0006ab00       ___unDNameHelper           100a7b00 f   LIBCMTD:typname.obj
 0002:0006ab50       __wchartodigit             100a7b50 f   LIBCMTD:wchtodig.obj
 0002:0006b5e0       __wcstoi64                 100a85e0 f   LIBCMTD:wcstoq.obj
 0002:0006b640       __wcstoi64_l               100a8640 f   LIBCMTD:wcstoq.obj
 0002:0006b670       __wcstoui64                100a8670 f   LIBCMTD:wcstoq.obj
 0002:0006b6d0       __wcstoui64_l              100a86d0 f   LIBCMTD:wcstoq.obj
 0002:0006b700       __towlower_l               100a8700 f   LIBCMTD:towlower.obj
 0002:0006b8a0       _towlower                  100a88a0 f   LIBCMTD:towlower.obj
 0002:0006b8c0       ??0Block@_HeapManager@@QAE@XZ 100a88c0 f i LIBCMTD:undname.obj
 0002:0006b8e0       ??0DName@@QAE@AAPBDD@Z     100a88e0 f   LIBCMTD:undname.obj
 0002:0006bc50       ??0DName@@QAE@ABV0@@Z      100a8c50 f i LIBCMTD:undname.obj
 0002:0006bc80       ??0DName@@QAE@D@Z          100a8c80 f   LIBCMTD:undname.obj
 0002:0006bd90       ??0DName@@QAE@PAV0@@Z      100a8d90 f   LIBCMTD:undname.obj
 0002:0006bf10       ??0DName@@QAE@PBD@Z        100a8f10 f   LIBCMTD:undname.obj
 0002:0006c040       ??0DName@@QAE@W4DNameStatus@@@Z 100a9040 f   LIBCMTD:undname.obj
 0002:0006c1a0       ??0DName@@QAE@XZ           100a91a0 f i LIBCMTD:undname.obj
 0002:0006c290       ??0DName@@QAE@_J@Z         100a9290 f   LIBCMTD:undname.obj
 0002:0006c470       ??0DName@@QAE@_K@Z         100a9470 f   LIBCMTD:undname.obj
 0002:0006c600       ??0DNameNode@@IAE@XZ       100a9600 f   LIBCMTD:undname.obj
 0002:0006c620       ??0DNameStatusNode@@AAE@W4DNameStatus@@@Z 100a9620 f   LIBCMTD:undname.obj
 0002:0006c690       ??0Replicator@@QAE@XZ      100a9690 f i LIBCMTD:undname.obj
 0002:0006c6b0       ??0UnDecorator@@QAE@PADPBDHP6APADJ@ZK@Z 100a96b0 f i LIBCMTD:undname.obj
 0002:0006c770       ??0charNode@@QAE@D@Z       100a9770 f   LIBCMTD:undname.obj
 0002:0006c7b0       ??0pDNameNode@@QAE@PAVDName@@@Z 100a97b0 f   LIBCMTD:undname.obj
 0002:0006c830       ??0pairNode@@QAE@PAVDNameNode@@0@Z 100a9830 f   LIBCMTD:undname.obj
 0002:0006c880       ??0pcharNode@@QAE@PBDH@Z   100a9880 f   LIBCMTD:undname.obj
 0002:0006c940       ??2@YAPAXIAAV_HeapManager@@H@Z 100a9940 f i LIBCMTD:undname.obj
 0002:0006c960       ??4DName@@QAEAAV0@ABV0@@Z  100a9960 f   LIBCMTD:undname.obj
 0002:0006c990       ??4DName@@QAEAAV0@D@Z      100a9990 f i LIBCMTD:undname.obj
 0002:0006caa0       ??4DName@@QAEAAV0@PAV0@@Z  100a9aa0 f   LIBCMTD:undname.obj
 0002:0006cc20       ??4DName@@QAEAAV0@PBD@Z    100a9c20 f   LIBCMTD:undname.obj
 0002:0006cd30       ??4DName@@QAEAAV0@W4DNameStatus@@@Z 100a9d30 f   LIBCMTD:undname.obj
 0002:0006ce70       ??AReplicator@@QBE?AVDName@@H@Z 100a9e70 f   LIBCMTD:undname.obj
 0002:0006cef0       ??BUnDecorator@@QAEPADXZ   100a9ef0 f i LIBCMTD:undname.obj
 0002:0006d220       ??H@YA?AVDName@@DABV0@@Z   100aa220 f i LIBCMTD:undname.obj
 0002:0006d260       ??H@YA?AVDName@@PBDABV0@@Z 100aa260 f i LIBCMTD:undname.obj
 0002:0006d2a0       ??H@YA?AVDName@@W4DNameStatus@@ABV0@@Z 100aa2a0 f i LIBCMTD:undname.obj
 0002:0006d2e0       ??HDName@@QBE?AV0@ABV0@@Z  100aa2e0 f   LIBCMTD:undname.obj
 0002:0006d330       ??HDName@@QBE?AV0@D@Z      100aa330 f   LIBCMTD:undname.obj
 0002:0006d380       ??HDName@@QBE?AV0@PAV0@@Z  100aa380 f   LIBCMTD:undname.obj
 0002:0006d3d0       ??HDName@@QBE?AV0@PBD@Z    100aa3d0 f   LIBCMTD:undname.obj
 0002:0006d420       ??HDName@@QBE?AV0@W4DNameStatus@@@Z 100aa420 f   LIBCMTD:undname.obj
 0002:0006d470       ??YDName@@QAEAAV0@ABV0@@Z  100aa470 f   LIBCMTD:undname.obj
 0002:0006d4f0       ??YDName@@QAEAAV0@D@Z      100aa4f0 f   LIBCMTD:undname.obj
 0002:0006d590       ??YDName@@QAEAAV0@PAV0@@Z  100aa590 f   LIBCMTD:undname.obj
 0002:0006d670       ??YDName@@QAEAAV0@PBD@Z    100aa670 f   LIBCMTD:undname.obj
 0002:0006d730       ??YDName@@QAEAAV0@W4DNameStatus@@@Z 100aa730 f   LIBCMTD:undname.obj
 0002:0006d7b0       ??YReplicator@@QAEAAV0@ABVDName@@@Z 100aa7b0 f   LIBCMTD:undname.obj
 0002:0006d860       ??_5DName@@QAEAAV0@ABV0@@Z 100aa860 f   LIBCMTD:undname.obj
 0002:0006d8d0       ?Constructor@_HeapManager@@QAEXP6APAXI@ZP6AXPAX@Z@Z 100aa8d0 f i LIBCMTD:undname.obj
 0002:0006d920       ?Destructor@_HeapManager@@QAEXXZ 100aa920 f i LIBCMTD:undname.obj
 0002:0006d980       ?UScore@UnDecorator@@SAPBDW4Tokens@@@Z 100aa980 f   LIBCMTD:undname.obj
 0002:0006d9c0       ?append@DName@@AAEXPAVDNameNode@@@Z 100aa9c0 f   LIBCMTD:undname.obj
 0002:0006da70       ?composeDeclaration@UnDecorator@@CA?AVDName@@ABV2@@Z 100aaa70 f i LIBCMTD:undname.obj
 0002:0006fe10       ?dbGetString@DName@@QBEPADXZ 100ace10 f   LIBCMTD:undname.obj
 0002:0006fe40       ?doAccessSpecifiers@UnDecorator@@SAHXZ 100ace40 f i LIBCMTD:undname.obj
 0002:0006fe70       ?doAllocationLanguage@UnDecorator@@SAHXZ 100ace70 f i LIBCMTD:undname.obj
 0002:0006fea0       ?doAllocationModel@UnDecorator@@SAHXZ 100acea0 f i LIBCMTD:undname.obj
 0002:0006fed0       ?doEcsu@UnDecorator@@SAHXZ 100aced0 f i LIBCMTD:undname.obj
 0002:0006ff00       ?doEllipsis@UnDecorator@@SAHXZ 100acf00 f i LIBCMTD:undname.obj
 0002:0006ff30       ?doFunctionReturns@UnDecorator@@SAHXZ 100acf30 f i LIBCMTD:undname.obj
 0002:0006ff60       ?doMSKeywords@UnDecorator@@SAHXZ 100acf60 f i LIBCMTD:undname.obj
 0002:0006ff90       ?doMemberTypes@UnDecorator@@SAHXZ 100acf90 f i LIBCMTD:undname.obj
 0002:0006ffc0       ?doNameOnly@UnDecorator@@SAHXZ 100acfc0 f i LIBCMTD:undname.obj
 0002:0006ffe0       ?doNoIdentCharCheck@UnDecorator@@SAHXZ 100acfe0 f i LIBCMTD:undname.obj
 0002:00070000       ?doPchar@DName@@AAEXPBDH@Z 100ad000 f   LIBCMTD:undname.obj
 0002:00070190       ?doPtr64@UnDecorator@@SAHXZ 100ad190 f i LIBCMTD:undname.obj
 0002:000701c0       ?doRestrictionSpec@UnDecorator@@SAHXZ 100ad1c0 f i LIBCMTD:undname.obj
 0002:000701f0       ?doThisTypes@UnDecorator@@SAHXZ 100ad1f0 f i LIBCMTD:undname.obj
 0002:00070230       ?doThrowTypes@UnDecorator@@SAHXZ 100ad230 f i LIBCMTD:undname.obj
 0002:00070260       ?doTypeOnly@UnDecorator@@SAHXZ 100ad260 f i LIBCMTD:undname.obj
 0002:00070280       ?doUnderScore@UnDecorator@@SAHXZ 100ad280 f i LIBCMTD:undname.obj
 0002:000702b0       ?getArgumentList@UnDecorator@@CA?AVDName@@XZ 100ad2b0 f   LIBCMTD:undname.obj
 0002:00070450       ?getArgumentTypes@UnDecorator@@CA?AVDName@@XZ 100ad450 f   LIBCMTD:undname.obj
 0002:00070600       ?getArrayType@UnDecorator@@CA?AVDName@@ABV2@@Z 100ad600 f i LIBCMTD:undname.obj
 0002:000708c0       ?getBasedType@UnDecorator@@CA?AVDName@@XZ 100ad8c0 f   LIBCMTD:undname.obj
 0002:000709b0       ?getBasicDataType@UnDecorator@@CA?AVDName@@ABV2@@Z 100ad9b0 f   LIBCMTD:undname.obj
 0002:000710e0       ?getCallIndex@UnDecorator@@CA?AVDName@@XZ 100ae0e0 f i LIBCMTD:undname.obj
[...]
 0003:0001520c       ??_R3charNode@@8           100cd20c     LIBCMTD:undname.obj
 0003:00015220       ??_R2charNode@@8           100cd220     LIBCMTD:undname.obj
 0003:0001522c       ??_R1A@?0A@EA@charNode@@8  100cd22c     LIBCMTD:undname.obj
 0003:00015250       ??_R4pcharNode@@6B@        100cd250     LIBCMTD:undname.obj
 0003:00015268       ??_R3pcharNode@@8          100cd268     LIBCMTD:undname.obj
 0003:0001527c       ??_R2pcharNode@@8          100cd27c     LIBCMTD:undname.obj
 0003:00015288       ??_R1A@?0A@EA@pcharNode@@8 100cd288     LIBCMTD:undname.obj
 0003:000152ac       ??_R4pDNameNode@@6B@       100cd2ac     LIBCMTD:undname.obj
 0003:000152c4       ??_R3pDNameNode@@8         100cd2c4     LIBCMTD:undname.obj
 0003:000152d8       ??_R2pDNameNode@@8         100cd2d8     LIBCMTD:undname.obj
 0003:000152e4       ??_R1A@?0A@EA@pDNameNode@@8 100cd2e4     LIBCMTD:undname.obj
 0003:00015308       ??_R4DNameStatusNode@@6B@  100cd308     LIBCMTD:undname.obj
 0003:00015320       ??_R3DNameStatusNode@@8    100cd320     LIBCMTD:undname.obj
 0003:00015334       ??_R2DNameStatusNode@@8    100cd334     LIBCMTD:undname.obj
 0003:00015340       ??_R1A@?0A@EA@DNameStatusNode@@8 100cd340     LIBCMTD:undname.obj
 0003:00015364       ??_R4pairNode@@6B@         100cd364     LIBCMTD:undname.obj
 0003:0001537c       ??_R3pairNode@@8           100cd37c     LIBCMTD:undname.obj
 0003:00015390       ??_R2pairNode@@8           100cd390     LIBCMTD:undname.obj
 0003:0001539c       ??_R1A@?0A@EA@pairNode@@8  100cd39c     LIBCMTD:undname.obj
 0003:000154dc       ___rtc_iaa                 100cd4dc     LIBCMTD:initsect.obj
 0003:000155e0       ___rtc_izz                 100cd5e0     LIBCMTD:initsect.obj
 0003:000156e4       ___rtc_taa                 100cd6e4     LIBCMTD:initsect.obj
 0003:000157e8       ___rtc_tzz                 100cd7e8     LIBCMTD:initsect.obj
 0003:000163c0       __TI2?AVbad_exception@std@@ 100ce3c0     LIBCMTD:frame.obj
 0003:000163d4       __CTA2?AVbad_exception@std@@ 100ce3d4     LIBCMTD:frame.obj
 0003:000163e4       __CT??_R0?AVbad_exception@std@@@8??0bad_exception@std@@QAE@ABV01@@Z12 100ce3e4     LIBCMTD:frame.obj
 0003:00016404       __CT??_R0?AVexception@std@@@8??0exception@std@@QAE@ABV01@@Z12 100ce404     LIBCMTD:frame.obj
 0004:00000210       ___isa_enabled             100d0210     LIBCMTD:cpu_disp.obj
 0004:00000218       ___nullstring              100d0218     LIBCMTD:output.obj
 0004:0000021c       ___wnullstring             100d021c     LIBCMTD:output.obj
 0004:0000022c       ___ptmbcinfo               100d022c     LIBCMTD:mbctype.obj
 0004:00000320       __mbctype                  100d0320     LIBCMTD:mbctype.obj
 0004:00000428       __mbcasemap                100d0428     LIBCMTD:mbctype.obj
 0004:00000528       ___initialmbcinfo          100d0528     LIBCMTD:mbctype.obj
 0004:00000850       ___flsindex                100d0850     LIBCMTD:tidtable.obj
 0004:00000854       ___wclocalestr             100d0854     LIBCMTD:nlsdata.obj
 0004:00000858       ___lc_time_c               100d0858     LIBCMTD:nlsdata.obj
 0004:00000a04       ___ptlocinfo               100d0a04     LIBCMTD:nlsdata.obj
 0004:00000a08       ___initiallocinfo          100d0a08     LIBCMTD:nlsdata.obj
 0004:00000ae4       ___initiallocalestructinfo 100d0ae4     LIBCMTD:nlsdata.obj
 0004:00000af0       ___mb_cur_max              100d0af0     LIBCMTD:nlsdata.obj
 0004:00000af4       ___globallocalestatus      100d0af4     LIBCMTD:glstatus.obj
 0004:00000b00       __crtDbgFlag               100d0b00     LIBCMTD:dbgheap.obj
 0004:00000b04       __crtBreakAlloc            100d0b04     LIBCMTD:dbgheap.obj
 0004:00000b08       ___crtDebugFillThreshold   100d0b08     LIBCMTD:dbgheap.obj
 0004:00000b10       ___security_cookie         100d0b10     LIBCMTD:gs_cookie.obj
 0004:00000b14       ___security_cookie_complement 100d0b14     LIBCMTD:gs_cookie.obj
 0004:00000b18       ___badioinfo               100d0b18     LIBCMTD:ioinit.obj
 0004:00000b68       __lookuptrailbytes         100d0b68     LIBCMTD:read.obj
 0004:00000ca0       __sys_nerr                 100d0ca0     LIBCMTD:syserr.obj
 0004:00000ca8       __iob                      100d0ca8     LIBCMTD:_file.obj
 0004:00000fb0       __pfnAllocHook             100d0fb0     LIBCMTD:dbghook.obj
 0004:00001114       __CrtDbgMode               100d1114     LIBCMTD:dbgrptt.obj
 0004:00001120       __CrtDbgFile               100d1120     LIBCMTD:dbgrptt.obj
 0004:0000112c       __crtAssertBusy            100d112c     LIBCMTD:dbgrptt.obj
 0004:00001140       __cfltcvt_tab              100d1140     LIBCMTD:cmiscdat.obj
 0004:00001170       ___lconv                   100d1170     LIBCMTD:lconv.obj
 0004:00001174       ___lconv_static_decimal    100d1174     LIBCMTD:lconv.obj
 0004:00001178       ___lconv_c                 100d1178     LIBCMTD:lconv.obj
 0004:000011c8       ___lconv_static_W_decimal  100d11c8     LIBCMTD:lconv.obj
 0004:000011e0       __pctype                   100d11e0     LIBCMTD:ctype.obj
 0004:000011e4       __pwctype                  100d11e4     LIBCMTD:ctype.obj
 0004:000011f0       __NLG_Destination          100d11f0     LIBCMTD:exsup.obj
 0004:00001210       ??_R0?AVbad_exception@std@@@8 100d1210     LIBCMTD:frame.obj
 0004:00001238       ??_R0?AVexception@std@@@8  100d1238     LIBCMTD:frame.obj
 0004:0000125c       __confh                    100d125c     LIBCMTD:initcon.obj
 0004:00001260       ___abort_behavior          100d1260     LIBCMTD:abort.obj
 0004:00001270       ??_R0?AVtype_info@@@8      100d1270     LIBCMTD:typinfo.obj
 0004:0000128c       ??_R0?AVbad_cast@std@@@8   100d128c     LIBCMTD:stdexcpt.obj
 0004:000012ac       ??_R0?AVbad_typeid@std@@@8 100d12ac     LIBCMTD:stdexcpt.obj
 0004:000012d0       ??_R0?AV__non_rtti_object@std@@@8 100d12d0     LIBCMTD:stdexcpt.obj
 0004:00001300       ??_R0?AVDNameNode@@@8      100d1300     LIBCMTD:undname.obj
 0004:0000131c       ??_R0?AVcharNode@@@8       100d131c     LIBCMTD:undname.obj
 0004:00001338       ??_R0?AVpcharNode@@@8      100d1338     LIBCMTD:undname.obj
 0004:00001354       ??_R0?AVpDNameNode@@@8     100d1354     LIBCMTD:undname.obj
 0004:00001374       ??_R0?AVDNameStatusNode@@@8 100d1374     LIBCMTD:undname.obj
 0004:00001398       ??_R0?AVpairNode@@@8       100d1398     LIBCMTD:undname.obj
 0004:00001508       __aenvptr                  100d1508     LIBCMTD:dllcrt0.obj
 0004:0000150c       __wenvptr                  100d150c     LIBCMTD:dllcrt0.obj
 0004:00001514       ___isa_available           100d1514     LIBCMTD:cpu_disp.obj
 0004:00001518       ___favor                   100d1518     LIBCMTD:cpu_disp.obj
 0004:00001520       ___pInvalidArgHandler      100d1520     LIBCMTD:invarg.obj
 0004:00001524       ___mblocalename            100d1524     LIBCMTD:mbctype.obj
 0004:00001528       ___mbcodepage              100d1528     LIBCMTD:mbctype.obj
 0004:0000152c       ___ismbcodepage            100d152c     LIBCMTD:mbctype.obj
 0004:00001530       ___mbulinfo                100d1530     LIBCMTD:mbctype.obj
 0004:0000154c       ?_pfnDumpClient@@3P6AXPAXI@ZA 100d154c     LIBCMTD:dbgheap.obj
 0004:00001550       ___crtDebugCheckCount      100d1550     LIBCMTD:dbgheap.obj
 0004:00001574       __newmode                  100d1574     LIBCMTD:_newmode.obj
 0004:00001578       ___ioInitOnce              100d1578     LIBCMTD:ioinit.obj
 0004:0000157c       __C_Exit_Done              100d157c     LIBCMTD:crt0dat.obj
 0004:00001584       ___argc                    100d1584     LIBCMTD:crt0dat.obj
 0004:00001588       ___argv                    100d1588     LIBCMTD:crt0dat.obj
 0004:0000158c       ___wargv                   100d158c     LIBCMTD:crt0dat.obj
 0004:00001590       __environ                  100d1590     LIBCMTD:crt0dat.obj
 0004:00001594       __wenviron                 100d1594     LIBCMTD:crt0dat.obj
 0004:00001598       __pgmptr                   100d1598     LIBCMTD:crt0dat.obj
 0004:0000159c       __wpgmptr                  100d159c     LIBCMTD:crt0dat.obj
 0004:000015a0       __umaskval                 100d15a0     LIBCMTD:crt0dat.obj
 0004:000015a4       __exitflag                 100d15a4     LIBCMTD:crt0dat.obj
 0004:000015a8       __C_Termination_Done       100d15a8     LIBCMTD:crt0dat.obj
 0004:000015ac       ___winitenv                100d15ac     LIBCMTD:crt0dat.obj
 0004:000015b0       ___initenv                 100d15b0     LIBCMTD:crt0dat.obj
 0004:000015c0       __cflush                   100d15c0     LIBCMTD:_file.obj
 0004:000015c4       __crtheap                  100d15c4     LIBCMTD:heapinit.obj
 0004:00001cac       ___lconv_static_null       100d1cac     LIBCMTD:lconv.obj
 0004:00001cb0       ___lconv_static_W_null     100d1cb0     LIBCMTD:lconv.obj
 0004:00001cb4       ?_pnhHeap@@3P6AHI@ZA       100d1cb4     LIBCMTD:handler.obj
 0004:00001cb8       ___app_type                100d1cb8     LIBCMTD:crt0msg.obj
 0004:00002424       __fmode                    100d2424     LIBCMTD:txtmode.obj
 0004:00002428       ?__pInconsistency@@3P6AXXZA 100d2428     LIBCMTD:hooks.obj
 0004:0000242c       ___pPurecall               100d242c     LIBCMTD:inithelp.obj
 0004:00002434       __stdbuf                   100d2434     LIBCMTD:_sftbuf.obj
 0004:00002440       __commode                  100d2440     LIBCMTD:ncommode.obj
 0004:00002444       ___locale_changed          100d2444     LIBCMTD:wsetloca.obj
 0004:00002448       ___error_mode              100d2448     LIBCMTD:errmode.obj
 0004:00002458       ?pArgList@UnDecorator@@0PAVReplicator@@A 100d2458     LIBCMTD:undname.obj
 0004:0000245c       ?pZNameList@UnDecorator@@0PAVReplicator@@A 100d245c     LIBCMTD:undname.obj
 0004:00002460       ?pTemplateArgList@UnDecorator@@0PAVReplicator@@A 100d2460     LIBCMTD:undname.obj
 0004:00002464       ?gName@UnDecorator@@0PBDB  100d2464     LIBCMTD:undname.obj
 0004:00002468       ?name@UnDecorator@@0PBDB   100d2468     LIBCMTD:undname.obj
 0004:0000246c       ?outputString@UnDecorator@@0PADA 100d246c     LIBCMTD:undname.obj
 0004:00002470       ?maxStringLength@UnDecorator@@0HA 100d2470     LIBCMTD:undname.obj
 0004:00002474       ?disableFlags@UnDecorator@@0KA 100d2474     LIBCMTD:undname.obj
 0004:00002478       ?fExplicitTemplateParams@UnDecorator@@0_NA 100d2478     LIBCMTD:undname.obj
 0004:00002479       ?fGetTemplateArgumentList@UnDecorator@@0_NA 100d2479     LIBCMTD:undname.obj
 0004:0000247c       ?m_pGetParameter@UnDecorator@@0P6APADJ@ZA 100d247c     LIBCMTD:undname.obj
 0004:00002500       ?nodes@?1??make@DNameStatusNode@@SAPAV2@W4DNameStatus@@@Z@4PAV2@A 100d2500     LIBCMTD:undname.obj
 0004:0000253c       ??_B?1??make@DNameStatusNode@@SAPAV1@W4DNameStatus@@@Z@51 100d253c     LIBCMTD:undname.obj
 0004:00002540       ___unguarded_readlc_active 100d2540     <common>
 0004:00002550       ___setlc_active            100d2550     <common>
 0004:00002554       __pReportHookListW         100d2554     <common>
 0004:00002564       __pReportHookList          100d2564     <common>
 0004:00002568       __pfnReportHook            100d2568     <common>
 0004:0000256c       __debugger_hook_dummy      100d256c     <common>
 0004:00002578       ___piob                    100d2578     <common>
 0004:000028b8       __nstream                  100d28b8     <common>
 0004:000028c0       __bufin                    100d28c0     <common>
 0004:000038c0       ___dyn_tls_init_callback   100d38c0     <common>
 0004:000038d0       ___onexitend               100d38d0     <common>
 0004:000038d4       ___onexitbegin             100d38d4     <common>
 0004:000038d8       __FPinit                   100d38d8     <common>
 0004:000038dc       ___mbctype_initialized     100d38dc     <common>
 0004:000038e0       ___env_initialized         100d38e0     <common>
 0004:000038e4       __nhandle                  100d38e4     <common>
 0004:00003940       ___pioinfo                 100d3940     <common>
 0004:00003a40       __acmdln                   100d3a40     <common>
 0005:00000000       __IMPORT_DESCRIPTOR_KERNEL32 100d4000     kernel32:KERNEL32.dll
 0005:00000014       __NULL_IMPORT_DESCRIPTOR   100d4014     kernel32:KERNEL32.dll
 0005:000001f8       __imp__CreateFileA@28      100d41f8     kernel32:KERNEL32.dll
 0005:000001fc       __imp__CreateFileW@28      100d41fc     kernel32:KERNEL32.dll
 0005:00000200       __imp__ReadFile@20         100d4200     kernel32:KERNEL32.dll
 0005:00000204       __imp__SetFilePointer@16   100d4204     kernel32:KERNEL32.dll
 0005:00000208       __imp__WriteFile@20        100d4208     kernel32:KERNEL32.dll
 0005:0000020c       __imp__CloseHandle@4       100d420c     kernel32:KERNEL32.dll
 0005:00000210       __imp__GetLastError@0      100d4210     kernel32:KERNEL32.dll
 0005:00000214       __imp__WideCharToMultiByte@32 100d4214     kernel32:KERNEL32.dll
 0005:00000218       __imp__SetFilePointerEx@20 100d4218     kernel32:KERNEL32.dll
 0005:0000021c       __imp__GetFileType@4       100d421c     kernel32:KERNEL32.dll
 0005:00000220       __imp__GetModuleHandleW@4  100d4220     kernel32:KERNEL32.dll
 0005:00000224       __imp__GetProcAddress@8    100d4224     kernel32:KERNEL32.dll
 0005:00000228       __imp__GetSystemTimeAsFileTime@4 100d4228     kernel32:KERNEL32.dll
 0005:0000022c       __imp__GetCommandLineA@0   100d422c     kernel32:KERNEL32.dll
 0005:00000230       __imp__GetCurrentThreadId@0 100d4230     kernel32:KERNEL32.dll
 0005:00000234       __imp__IsProcessorFeaturePresent@4 100d4234     kernel32:KERNEL32.dll
 0005:00000238       __imp__IsDebuggerPresent@0 100d4238     kernel32:KERNEL32.dll
 0005:0000023c       __imp__EncodePointer@4     100d423c     kernel32:KERNEL32.dll
 0005:00000240       __imp__DecodePointer@4     100d4240     kernel32:KERNEL32.dll
 0005:00000244       __imp__GetModuleFileNameW@12 100d4244     kernel32:KERNEL32.dll
 0005:00000248       __imp__GetModuleHandleExW@12 100d4248     kernel32:KERNEL32.dll
 0005:0000024c       __imp__InterlockedIncrement@4 100d424c     kernel32:KERNEL32.dll
 0005:00000250       __imp__InterlockedDecrement@4 100d4250     kernel32:KERNEL32.dll
 0005:00000254       __imp__IsValidCodePage@4   100d4254     kernel32:KERNEL32.dll
 0005:00000258       __imp__GetACP@0            100d4258     kernel32:KERNEL32.dll
 0005:0000025c       __imp__GetOEMCP@0          100d425c     kernel32:KERNEL32.dll
 0005:00000260       __imp__GetCPInfo@8         100d4260     kernel32:KERNEL32.dll
 0005:00000264       __imp__SetLastError@4      100d4264     kernel32:KERNEL32.dll
 0005:00000268       __imp__GetCurrentThread@0  100d4268     kernel32:KERNEL32.dll
 0005:0000026c       __imp__HeapValidate@12     100d426c     kernel32:KERNEL32.dll
 0005:00000270       __imp__GetSystemInfo@4     100d4270     kernel32:KERNEL32.dll
 0005:00000274       __imp__SetStdHandle@8      100d4274     kernel32:KERNEL32.dll
 0005:00000278       __imp__EnterCriticalSection@4 100d4278     kernel32:KERNEL32.dll
 0005:0000027c       __imp__LeaveCriticalSection@4 100d427c     kernel32:KERNEL32.dll
 0005:00000280       __imp__InitializeCriticalSectionAndSpinCount@8 100d4280     kernel32:KERNEL32.dll
 0005:00000284       __imp__GetStdHandle@4      100d4284     kernel32:KERNEL32.dll
 0005:00000288       __imp__DeleteCriticalSection@4 100d4288     kernel32:KERNEL32.dll
 0005:0000028c       __imp__InitOnceExecuteOnce@16 100d428c     kernel32:KERNEL32.dll
 0005:00000290       __imp__GetStartupInfoW@4   100d4290     kernel32:KERNEL32.dll
 0005:00000294       __imp__GetConsoleCP@0      100d4294     kernel32:KERNEL32.dll
 0005:00000298       __imp__GetConsoleMode@8    100d4298     kernel32:KERNEL32.dll
 0005:0000029c       __imp__SetEndOfFile@4      100d429c     kernel32:KERNEL32.dll
 0005:000002a0       __imp__HeapAlloc@12        100d42a0     kernel32:KERNEL32.dll
 0005:000002a4       __imp__HeapFree@12         100d42a4     kernel32:KERNEL32.dll
 0005:000002a8       __imp__GetProcessHeap@0    100d42a8     kernel32:KERNEL32.dll
 0005:000002ac       __imp__MultiByteToWideChar@24 100d42ac     kernel32:KERNEL32.dll
 0005:000002b0       __imp__ReadConsoleW@20     100d42b0     kernel32:KERNEL32.dll
 0005:000002b4       __imp__InterlockedExchange@8 100d42b4     kernel32:KERNEL32.dll
 0005:000002b8       __imp__UnhandledExceptionFilter@4 100d42b8     kernel32:KERNEL32.dll
 0005:000002bc       __imp__SetUnhandledExceptionFilter@4 100d42bc     kernel32:KERNEL32.dll
 0005:000002c0       __imp__FlsAlloc@4          100d42c0     kernel32:KERNEL32.dll
 0005:000002c4       __imp__FlsGetValue@4       100d42c4     kernel32:KERNEL32.dll
 0005:000002c8       __imp__FlsSetValue@8       100d42c8     kernel32:KERNEL32.dll
 0005:000002cc       __imp__FlsFree@4           100d42cc     kernel32:KERNEL32.dll
 0005:000002d0       __imp__GetCurrentProcess@0 100d42d0     kernel32:KERNEL32.dll
 0005:000002d4       __imp__TerminateProcess@8  100d42d4     kernel32:KERNEL32.dll
 0005:000002d8       __imp__ExitProcess@4       100d42d8     kernel32:KERNEL32.dll
 0005:000002dc       __imp__AreFileApisANSI@0   100d42dc     kernel32:KERNEL32.dll
 0005:000002e0       __imp__RtlUnwind@16        100d42e0     kernel32:KERNEL32.dll
 0005:000002e4       __imp__GetModuleFileNameA@12 100d42e4     kernel32:KERNEL32.dll
 0005:000002e8       __imp__QueryPerformanceCounter@4 100d42e8     kernel32:KERNEL32.dll
 0005:000002ec       __imp__GetTickCount64@0    100d42ec     kernel32:KERNEL32.dll
 0005:000002f0       __imp__GetEnvironmentStringsW@0 100d42f0     kernel32:KERNEL32.dll
 0005:000002f4       __imp__FreeEnvironmentStringsW@4 100d42f4     kernel32:KERNEL32.dll
 0005:000002f8       __imp__FatalAppExitA@8     100d42f8     kernel32:KERNEL32.dll
 0005:000002fc       __imp__SetConsoleCtrlHandler@8 100d42fc     kernel32:KERNEL32.dll
 0005:00000300       __imp__OutputDebugStringW@4 100d4300     kernel32:KERNEL32.dll
 0005:00000304       __imp__WaitForSingleObjectEx@12 100d4304     kernel32:KERNEL32.dll
 0005:00000308       __imp__CreateThread@24     100d4308     kernel32:KERNEL32.dll
 0005:0000030c       __imp__LoadLibraryExW@12   100d430c     kernel32:KERNEL32.dll
 0005:00000310       __imp__LoadLibraryW@4      100d4310     kernel32:KERNEL32.dll
 0005:00000314       __imp__OutputDebugStringA@4 100d4314     kernel32:KERNEL32.dll
 0005:00000318       __imp__WriteConsoleW@20    100d4318     kernel32:KERNEL32.dll
 0005:0000031c       __imp__GetStringTypeW@16   100d431c     kernel32:KERNEL32.dll
 0005:00000320       __imp__HeapReAlloc@16      100d4320     kernel32:KERNEL32.dll
 0005:00000324       __imp__HeapSize@12         100d4324     kernel32:KERNEL32.dll
 0005:00000328       __imp__HeapQueryInformation@20 100d4328     kernel32:KERNEL32.dll
 0005:0000032c       __imp__FreeLibrary@4       100d432c     kernel32:KERNEL32.dll
 0005:00000330       __imp__FlushFileBuffers@4  100d4330     kernel32:KERNEL32.dll
 0005:00000334       __imp__GetTimeFormatEx@24  100d4334     kernel32:KERNEL32.dll
 0005:00000338       __imp__GetDateFormatEx@28  100d4338     kernel32:KERNEL32.dll
 0005:0000033c       __imp__CompareStringEx@36  100d433c     kernel32:KERNEL32.dll
 0005:00000340       __imp__GetLocaleInfoEx@16  100d4340     kernel32:KERNEL32.dll
 0005:00000344       __imp__GetUserDefaultLocaleName@8 100d4344     kernel32:KERNEL32.dll
 0005:00000348       __imp__LCMapStringEx@36    100d4348     kernel32:KERNEL32.dll
 0005:0000034c       __imp__IsValidLocaleName@4 100d434c     kernel32:KERNEL32.dll
 0005:00000350       __imp__EnumSystemLocalesEx@16 100d4350     kernel32:KERNEL32.dll
 0005:00000354       __imp__RaiseException@16   100d4354     kernel32:KERNEL32.dll
 0005:00000358       \177KERNEL32_NULL_THUNK_DATA 100d4358     kernel32:KERNEL32.dll

 entry point at        0002:00000bdb

