 zlibwapi

 Timestamp is 52a73229 (Tue Dec 10 16:24:25 2013)

 Preferred load address is 10000000

 Start         Length     Name                   Class
 0001:00000000 00037545H .textbss                DATA
 0002:00000000 00071df7H .text                   CODE
 0002:00071e00 00001139H .text$x                 CODE
 0003:00000000 00000104H .CRT$XCA                DATA
 0003:00000104 00000104H .CRT$XCZ                DATA
 0003:00000208 00000104H .CRT$XIA                DATA
 0003:0000030c 00000113H .CRT$XIC                DATA
 0003:00000420 00000104H .CRT$XIZ                DATA
 0003:00000524 00000104H .CRT$XPA                DATA
 0003:00000628 00000109H .CRT$XPX                DATA
 0003:00000734 00000104H .CRT$XPXA               DATA
 0003:00000838 00000104H .CRT$XPZ                DATA
 0003:0000093c 00000104H .CRT$XTA                DATA
 0003:00000a40 00000104H .CRT$XTZ                DATA
 0003:00000b50 00012b27H .rdata                  DATA
 0003:00013678 000001c7H .rdata$debug            DATA
 0003:00013840 0000032fH .rdata$r                DATA
 0003:00013b70 00000104H .rtc$IAA                DATA
 0003:00013c74 00000104H .rtc$IZZ                DATA
 0003:00013d78 00000104H .rtc$TAA                DATA
 0003:00013e7c 00000104H .rtc$TZZ                DATA
 0003:00013f80 00000f82H .xdata$x                DATA
 0003:00014f10 00000f7aH .edata                  DATA
 0004:00000000 00001513H .data                   DATA
 0004:00001520 00002578H .bss                    DATA
 0005:00000000 00000014H .idata$2                DATA
 0005:00000014 00000014H .idata$3                DATA
 0005:00000028 000001b4H .idata$4                DATA
 0005:000001dc 000001b4H .idata$5                DATA
 0005:00000390 00000790H .idata$6                DATA
 0006:00000000 00000169H .rsrc$01                DATA
 0006:00000170 000004d3H .rsrc$02                DATA

  Address         Publics by Value              Rva+Base       Lib:Object

 0000:00000000       ___safe_se_handler_count   00000000     <absolute>
 0000:00000000       __except_list              00000000     <absolute>
 0000:00000000       ___safe_se_handler_table   00000000     <absolute>
 0000:00000000       ___ImageBase               10000000     <linker-defined>
 0001:00000000       __enc$textbss$begin        10001000     <linker-defined>
 0001:00037545       __enc$textbss$end          10038545     <linker-defined>
 0002:00002a40       _longest_match             1003ba40 f   match686.obj
 0002:00002c28       _match_init                1003bc28 f   match686.obj
 0002:00002db0       _inflate_fast              1003bdb0 f   inffas32.obj
 0002:00003630       _adler32@12                1003c630 f   adler32.obj
 0002:00003be0       _adler32_combine@12        1003cbe0 f   adler32.obj
 0002:00003d60       _adler32_combine64@16      1003cd60 f   adler32.obj
 0002:00003da0       _compress2@20              1003cda0 f   compress.obj
 0002:00003ea0       _compress@16               1003cea0 f   compress.obj
 0002:00003ee0       _compressBound@4           1003cee0 f   compress.obj
 0002:00003f20       _get_crc_table@0           1003cf20 f   crc32.obj
 0002:00003f40       _crc32@12                  1003cf40 f   crc32.obj
 0002:00004c40       _crc32_combine@12          1003dc40 f   crc32.obj
 0002:00004f30       _crc32_combine64@16        1003df30 f   crc32.obj
 0002:00004f70       _deflateInit_@16           1003df70 f   deflate.obj
 0002:00004fb0       _deflateInit2_@32          1003dfb0 f   deflate.obj
 0002:000053c0       _deflateSetDictionary@12   1003e3c0 f   deflate.obj
 0002:000056d0       _deflateResetKeep@4        1003e6d0 f   deflate.obj
 0002:00005810       _deflateReset@4            1003e810 f   deflate.obj
 0002:00005860       _deflateSetHeader@8        1003e860 f   deflate.obj
 0002:000058c0       _deflatePending@12         1003e8c0 f   deflate.obj
 0002:00005930       _deflatePrime@12           1003e930 f   deflate.obj
 0002:00005a50       _deflateParams@12          1003ea50 f   deflate.obj
 0002:00005bd0       _deflateTune@20            1003ebd0 f   deflate.obj
 0002:00005c50       _deflateBound@8            1003ec50 f   deflate.obj
 0002:00005e30       _deflate@8                 1003ee30 f   deflate.obj
 0002:00007240       _deflateEnd@4              10040240 f   deflate.obj
 0002:000073d0       _deflateCopy@8             100403d0 f   deflate.obj
 0002:00009c00       _gzclose@4                 10042c00 f   gzclose.obj
 0002:00009c70       _gzopen@8                  10042c70 f   gzlib.obj
 0002:0000a280       _gzopen64@8                10043280 f   gzlib.obj
 0002:0000a2b0       _gzdopen@8                 100432b0 f   gzlib.obj
 0002:0000a340       _gzopen_w@8                10043340 f   gzlib.obj
 0002:0000a370       _gzbuffer@8                10043370 f   gzlib.obj
 0002:0000a3f0       _gzrewind@4                100433f0 f   gzlib.obj
 0002:0000a4a0       _gzseek64@16               100434a0 f   gzlib.obj
 0002:0000a840       _gzseek@12                 10043840 f   gzlib.obj
 0002:0000a8b0       _gztell64@4                100438b0 f   gzlib.obj
 0002:0000a950       _gztell@4                  10043950 f   gzlib.obj
 0002:0000a9b0       _gzoffset64@4              100439b0 f   gzlib.obj
 0002:0000aa80       _gzoffset@4                10043a80 f   gzlib.obj
 0002:0000aae0       _gzeof@4                   10043ae0 f   gzlib.obj
 0002:0000ab60       _gzerror@8                 10043b60 f   gzlib.obj
 0002:0000abf0       _gzclearerr@4              10043bf0 f   gzlib.obj
 0002:0000ac80       _gz_error                  10043c80 f   gzlib.obj
 0002:0000add0       _gzread@12                 10043dd0 f   gzread.obj
 0002:0000b920       _gzgetc@4                  10044920 f   gzread.obj
 0002:0000ba20       _gzgetc_@4                 10044a20 f   gzread.obj
 0002:0000ba50       _gzungetc@8                10044a50 f   gzread.obj
 0002:0000bc90       _gzgets@12                 10044c90 f   gzread.obj
 0002:0000bea0       _gzdirect@4                10044ea0 f   gzread.obj
 0002:0000bf10       _gzclose_r@4               10044f10 f   gzread.obj
 0002:0000c030       _gzwrite@12                10045030 f   gzwrite.obj
 0002:0000c7e0       _gzputc@8                  100457e0 f   gzwrite.obj
 0002:0000c940       _gzputs@8                  10045940 f   gzwrite.obj
 0002:0000c9b0       _gzprintf                  100459b0 f   gzwrite.obj
 0002:0000cb60       _gzflush@8                 10045b60 f   gzwrite.obj
 0002:0000cc30       _gzsetparams@12            10045c30 f   gzwrite.obj
 0002:0000cd60       _gzclose_w@4               10045d60 f   gzwrite.obj
 0002:0000ced0       _inflateBackInit_@20       10045ed0 f   infback.obj
 0002:0000d020       _inflateBack@20            10046020 f   infback.obj
 0002:0000e8f0       _inflateBackEnd@4          100478f0 f   infback.obj
 0002:0000e960       _inflateResetKeep@4        10047960 f   inflate.obj
 0002:0000eaa0       _inflateReset@4            10047aa0 f   inflate.obj
 0002:0000eb10       _inflateReset2@8           10047b10 f   inflate.obj
 0002:0000ec20       _inflateInit2_@16          10047c20 f   inflate.obj
 0002:0000ed60       _inflateInit_@12           10047d60 f   inflate.obj
 0002:0000ed90       _inflatePrime@12           10047d90 f   inflate.obj
 0002:0000ee60       _inflate@8                 10047e60 f   inflate.obj
 0002:00011980       _inflateEnd@4              1004a980 f   inflate.obj
 0002:00011a30       _inflateSetDictionary@12   1004aa30 f   inflate.obj
 0002:00011b70       _inflateGetHeader@8        1004ab70 f   inflate.obj
 0002:00011be0       _inflateSync@4             1004abe0 f   inflate.obj
 0002:00011e90       _inflateSyncPoint@4        1004ae90 f   inflate.obj
 0002:00011f00       _inflateCopy@8             1004af00 f   inflate.obj
 0002:00012140       _inflateUndermine@8        1004b140 f   inflate.obj
 0002:000121b0       _inflateMark@4             1004b1b0 f   inflate.obj
 0002:00012250       _inflate_table             1004b250 f   inftrees.obj
 0002:00012980       _call_zopen64              1004b980 f   ioapi.obj
 0002:000129f0       _call_zseek64              1004b9f0 f   ioapi.obj
 0002:00012aa0       _call_ztell64              1004baa0 f   ioapi.obj
 0002:00012b20       _fill_zlib_filefunc64_32_def_from_filefunc32 1004bb20 f   ioapi.obj
 0002:00012be0       _fill_fopen_filefunc       1004bbe0 f   ioapi.obj
 0002:00012eb0       _fill_fopen64_filefunc     1004beb0 f   ioapi.obj
 0002:000130b0       _win32_open64_file_func    1004c0b0 f   iowin32.obj
 0002:00013280       _win32_open64_file_funcA   1004c280 f   iowin32.obj
 0002:00013310       _win32_open64_file_funcW   1004c310 f   iowin32.obj
 0002:000133a0       _win32_open_file_func      1004c3a0 f   iowin32.obj
 0002:00013430       _win32_read_file_func      1004c430 f   iowin32.obj
 0002:000134c0       _win32_write_file_func     1004c4c0 f   iowin32.obj
 0002:00013550       _win32_tell_file_func      1004c550 f   iowin32.obj
 0002:000135e0       _win32_tell64_file_func    1004c5e0 f   iowin32.obj
 0002:000136b0       _win32_seek_file_func      1004c6b0 f   iowin32.obj
 0002:000137a0       _win32_seek64_file_func    1004c7a0 f   iowin32.obj
 0002:000138a0       _win32_close_file_func     1004c8a0 f   iowin32.obj
 0002:00013900       _win32_error_file_func     1004c900 f   iowin32.obj
 0002:00013940       _fill_win32_filefunc       1004c940 f   iowin32.obj
 0002:000139c0       _fill_win32_filefunc64     1004c9c0 f   iowin32.obj
 0002:00013a40       _fill_win32_filefunc64A    1004ca40 f   iowin32.obj
 0002:00013ac0       _fill_win32_filefunc64W    1004cac0 f   iowin32.obj
 0002:00013b40       __tr_init                  1004cb40 f   trees.obj
 0002:00013d30       __tr_stored_block          1004cd30 f   trees.obj
 0002:00013ec0       __tr_flush_bits            1004cec0 f   trees.obj
 0002:00013ef0       __tr_align                 1004cef0 f   trees.obj
 0002:000141e0       __tr_flush_block           1004d1e0 f   trees.obj
 0002:00016860       __tr_tally                 1004f860 f   trees.obj
 0002:000178b0       _uncompress@16             100508b0 f   uncompr.obj
 0002:000179b0       _unzStringFileNameCompare@12 100509b0 f   unzip.obj
 0002:00017b00       _unzOpen2@8                10050b00 f   unzip.obj
 0002:00018ef0       _unzOpen2_64@8             10051ef0 f   unzip.obj
 0002:00018f60       _unzOpen@4                 10051f60 f   unzip.obj
 0002:00018f90       _unzOpen64@4               10051f90 f   unzip.obj
 0002:00018fc0       _unzClose@4                10051fc0 f   unzip.obj
 0002:00019040       _unzGetGlobalInfo64@8      10052040 f   unzip.obj
 0002:000190a0       _unzGetGlobalInfo@8        100520a0 f   unzip.obj
 0002:000190f0       _unzGetCurrentFileInfo64@32 100520f0 f   unzip.obj
 0002:00019b00       _unzGetCurrentFileInfo@32  10052b00 f   unzip.obj
 0002:00019c40       _unzGoToFirstFile@4        10052c40 f   unzip.obj
 0002:00019d00       _unzGoToNextFile@4         10052d00 f   unzip.obj
 0002:00019e80       _unzLocateFile@12          10052e80 f   unzip.obj
 0002:0001a040       _unzGetFilePos64@8         10053040 f   unzip.obj
 0002:0001a0d0       _unzGetFilePos@8           100530d0 f   unzip.obj
 0002:0001a120       _unzGoToFilePos64@8        10053120 f   unzip.obj
 0002:0001a1e0       _unzGoToFilePos@8          100531e0 f   unzip.obj
 0002:0001a240       _unzOpenCurrentFile3@20    10053240 f   unzip.obj
 0002:0001aac0       _unzOpenCurrentFile@4      10053ac0 f   unzip.obj
 0002:0001aaf0       _unzOpenCurrentFilePassword@8 10053af0 f   unzip.obj
 0002:0001ab20       _unzOpenCurrentFile2@16    10053b20 f   unzip.obj
 0002:0001ab60       _unzGetCurrentFileZStreamPos64@4 10053b60 f   unzip.obj
 0002:0001abd0       _unzReadCurrentFile@12     10053bd0 f   unzip.obj
 0002:0001b200       _unztell@4                 10054200 f   unzip.obj
 0002:0001b260       _unztell64@4               10054260 f   unzip.obj
 0002:0001b2c0       _unzeof@4                  100542c0 f   unzip.obj
 0002:0001b340       _unzGetLocalExtrafield@12  10054340 f   unzip.obj
 0002:0001b4a0       _unzCloseCurrentFile@4     100544a0 f   unzip.obj
 0002:0001b5c0       _unzGetGlobalComment@12    100545c0 f   unzip.obj
 0002:0001b6c0       _unzGetOffset64@4          100546c0 f   unzip.obj
 0002:0001b790       _unzGetOffset@4            10054790 f   unzip.obj
 0002:0001b7d0       _unzSetOffset64@12         100547d0 f   unzip.obj
 0002:0001b880       _unzSetOffset@8            10054880 f   unzip.obj
 0002:0001b8b0       _LoadCentralDirectoryRecord 100548b0 f   zip.obj
 0002:0001ce40       _zipOpen3@16               10055e40 f   zip.obj
 0002:0001d0c0       _zipOpen2@16               100560c0 f   zip.obj
 0002:0001d130       _zipOpen2_64@16            10056130 f   zip.obj
 0002:0001d1b0       _zipOpen@8                 100561b0 f   zip.obj
 0002:0001d1e0       _zipOpen64@8               100561e0 f   zip.obj
 0002:0001d210       _Write_LocalFileHeader     10056210 f   zip.obj
 0002:0001d760       _zipOpenNewFileInZip4_64@76 10056760 f   zip.obj
 0002:0001e5e0       _zipOpenNewFileInZip4@72   100575e0 f   zip.obj
 0002:0001e660       _zipOpenNewFileInZip3@64   10057660 f   zip.obj
 0002:0001e6e0       _zipOpenNewFileInZip3_64@68 100576e0 f   zip.obj
 0002:0001e760       _zipOpenNewFileInZip2@44   10057760 f   zip.obj
 0002:0001e7d0       _zipOpenNewFileInZip2_64@48 100577d0 f   zip.obj
 0002:0001e840       _zipOpenNewFileInZip64@44  10057840 f   zip.obj
 0002:0001e8b0       _zipOpenNewFileInZip@40    100578b0 f   zip.obj
 0002:0001e920       _zipWriteInFileInZip@12    10057920 f   zip.obj
 0002:0001ed40       _zipCloseFileInZipRaw@12   10057d40 f   zip.obj
 0002:0001ed70       _zipCloseFileInZipRaw64@16 10057d70 f   zip.obj
 0002:0001f640       _zipCloseFileInZip@4       10058640 f   zip.obj
 0002:0001f670       _Write_Zip64EndOfCentralDirectoryLocator 10058670 f   zip.obj
 0002:0001f760       _Write_Zip64EndOfCentralDirectoryRecord 10058760 f   zip.obj
 0002:0001f980       _Write_EndOfCentralDirectoryRecord 10058980 f   zip.obj
 0002:0001fc00       _Write_GlobalComment       10058c00 f   zip.obj
 0002:0001fcc0       _zipClose@8                10058cc0 f   zip.obj
 0002:00020000       _zipRemoveExtraInfoBlock@12 10059000 f   zip.obj
 0002:00020180       _zlibVersion@0             10059180 f   zutil.obj
 0002:000201a0       _zlibCompileFlags@0        100591a0 f   zutil.obj
 0002:00020310       _zError@4                  10059310 f   zutil.obj
 0002:00020340       _zcalloc                   10059340 f   zutil.obj
 0002:00020380       _zcfree                    10059380 f   zutil.obj
 0002:000203a4       _CreateFileA@28            100593a4 f   kernel32:KERNEL32.dll
 0002:000203aa       _CloseHandle@4             100593aa f   kernel32:KERNEL32.dll
 0002:000203b0       _CreateFileW@28            100593b0 f   kernel32:KERNEL32.dll
 0002:000203b6       _GetLastError@0            100593b6 f   kernel32:KERNEL32.dll
 0002:000203bc       _ReadFile@20               100593bc f   kernel32:KERNEL32.dll
 0002:000203c2       _WriteFile@20              100593c2 f   kernel32:KERNEL32.dll
 0002:000203c8       _SetFilePointer@16         100593c8 f   kernel32:KERNEL32.dll
 0002:000203d0       __allrem                   100593d0 f   LIBCMTD:llrem.obj
 0002:000204b0       __allshr                   100594b0 f   LIBCMTD:llshr.obj
 0002:000204e0       _memset                    100594e0 f   LIBCMTD:memset.obj
 0002:00020580       _memcpy                    10059580 f   LIBCMTD:memcpy.obj
 0002:000209c0       __lseeki64                 100599c0 f   LIBCMTD:lseeki64.obj
 0002:00020ca0       __lseeki64_nolock          10059ca0 f   LIBCMTD:lseeki64.obj
 0002:00020dd0       __wopen                    10059dd0 f   LIBCMTD:wopen.obj
 0002:00020fb0       __wsopen_helper            10059fb0 f   LIBCMTD:wopen.obj
 0002:000226a0       __invoke_watson_if_error   1005b6a0 f i LIBCMTD:wopen.obj
 0002:000226e0       __wsopen                   1005b6e0 f   LIBCMTD:wopen.obj
 0002:00022770       __wsopen_s                 1005b770 f   LIBCMTD:wopen.obj
 0002:000227a0       _strcpy                    1005b7a0 f   LIBCMTD:strcat.obj
 0002:000227b0       _strcat                    1005b7b0 f   LIBCMTD:strcat.obj
 0002:000228e0       _strlen                    1005b8e0 f   LIBCMTD:strlen.obj
 0002:00022990       __wcstombs_l_helper        1005b990 f   LIBCMTD:wcstombs.obj
 0002:00022fb0       ??0_LocaleUpdate@@QAE@PAUlocaleinfo_struct@@@Z 1005bfb0 f i LIBCMTD:wcstombs.obj
 0002:000230c0       ??1_LocaleUpdate@@QAE@XZ   1005c0c0 f i LIBCMTD:wcstombs.obj
 0002:00023100       ?GetLocaleT@_LocaleUpdate@@QAEPAUlocaleinfo_struct@@XZ 1005c100 f i LIBCMTD:wcstombs.obj
 0002:000231a0       __wcstombs_l               1005c1a0 f   LIBCMTD:wcstombs.obj
 0002:000231d0       _wcstombs                  1005c1d0 f   LIBCMTD:wcstombs.obj
 0002:00023200       __wcstombs_s_l             1005c200 f   LIBCMTD:wcstombs.obj
 0002:000235f0       _wcstombs_s                1005c5f0 f   LIBCMTD:wcstombs.obj
 0002:00023620       _free                      1005c620 f   LIBCMTD:dbgfree.obj
 0002:00023640       _malloc                    1005c640 f   LIBCMTD:dbgmalloc.obj
 0002:00023680       _sprintf                   1005c680 f   LIBCMTD:sprintf.obj
 0002:00023880       __sprintf_l                1005c880 f   LIBCMTD:sprintf.obj
 0002:000238c0       _sprintf_s                 1005c8c0 f   LIBCMTD:sprintf.obj
 0002:00023900       __sprintf_s_l              1005c900 f   LIBCMTD:sprintf.obj
 0002:00023940       __snprintf_s               1005c940 f   LIBCMTD:sprintf.obj
 0002:00023980       __snprintf_s_l             1005c980 f   LIBCMTD:sprintf.obj
 0002:000239c0       __sprintf_p                1005c9c0 f   LIBCMTD:sprintf.obj
 0002:00023a00       __sprintf_p_l              1005ca00 f   LIBCMTD:sprintf.obj
 0002:00023a40       __scprintf                 1005ca40 f   LIBCMTD:sprintf.obj
 0002:00023a70       __scprintf_p               1005ca70 f   LIBCMTD:sprintf.obj
 0002:00023aa0       __scprintf_l               1005caa0 f   LIBCMTD:sprintf.obj
 0002:00023ad0       __scprintf_p_l             1005cad0 f   LIBCMTD:sprintf.obj
 0002:00023b00       _strerror                  1005cb00 f   LIBCMTD:strerror.obj
 0002:00023bd0       __get_sys_err_msg          1005cbd0 f i LIBCMTD:strerror.obj
 0002:00023c20       _strerror_s                1005cc20 f   LIBCMTD:strerror.obj
 0002:00023d90       __dosmaperr                1005cd90 f   LIBCMTD:dosmap.obj
 0002:00023dd0       __get_errno_from_oserr     1005cdd0 f   LIBCMTD:dosmap.obj
 0002:00023e70       __set_errno                1005ce70 f   LIBCMTD:dosmap.obj
 0002:00023eb0       __get_errno                1005ceb0 f   LIBCMTD:dosmap.obj
 0002:00023f50       __set_doserrno             1005cf50 f   LIBCMTD:dosmap.obj
 0002:00023f90       __get_doserrno             1005cf90 f   LIBCMTD:dosmap.obj
 0002:00024030       __errno                    1005d030 f   LIBCMTD:dosmap.obj
 0002:00024060       ___doserrno                1005d060 f   LIBCMTD:dosmap.obj
 0002:00024090       _memchr                    1005d090 f   LIBCMTD:memchr.obj
 0002:00024170       __fsopen                   1005d170 f   LIBCMTD:fopen.obj
 0002:00024400       _fopen                     1005d400 f   LIBCMTD:fopen.obj
 0002:00024420       _fopen_s                   1005d420 f   LIBCMTD:fopen.obj
 0002:000244f0       _fread_s                   1005d4f0 f   LIBCMTD:fread.obj
 0002:00024670       __fread_nolock_s           1005d670 f   LIBCMTD:fread.obj
 0002:00024dc0       _fread                     1005ddc0 f   LIBCMTD:fread.obj
 0002:00024df0       __fread_nolock             1005ddf0 f   LIBCMTD:fread.obj
 0002:00024e20       _fwrite                    1005de20 f   LIBCMTD:fwrite.obj
 0002:00024f70       __fwrite_nolock            1005df70 f   LIBCMTD:fwrite.obj
 0002:00025430       _ftell                     1005e430 f   LIBCMTD:ftell.obj
 0002:00025550       __ftell_nolock             1005e550 f   LIBCMTD:ftell.obj
 0002:000258d0       _fseek                     1005e8d0 f   LIBCMTD:fseek.obj
 0002:00025aa0       __fseek_nolock             1005eaa0 f   LIBCMTD:fseek.obj
 0002:00025bc0       _fclose                    1005ebc0 f   LIBCMTD:fclose.obj
 0002:00025d10       __fclose_nolock            1005ed10 f   LIBCMTD:fclose.obj
 0002:00025e50       _feof                      1005ee50 f   LIBCMTD:feoferr.obj
 0002:00025ee0       _ferror                    1005eee0 f   LIBCMTD:feoferr.obj
 0002:00025f70       __ftelli64                 1005ef70 f   LIBCMTD:ftelli64.obj
 0002:000260a0       __ftelli64_nolock          1005f0a0 f   LIBCMTD:ftelli64.obj
 0002:00026790       __fseeki64                 1005f790 f   LIBCMTD:fseeki64.obj
 0002:00026960       __fseeki64_nolock          1005f960 f   LIBCMTD:fseeki64.obj
 0002:00026af0       _strcmp                    1005faf0 f   LIBCMTD:strcmp.obj
 0002:00026ba0       __allshl                   1005fba0 f   LIBCMTD:llshl.obj
 0002:00026bd0       __allmul                   1005fbd0 f   LIBCMTD:llmul.obj
 0002:00026c20       __aulldiv                  1005fc20 f   LIBCMTD:ulldiv.obj
 0002:00026cb0       __aullshr                  1005fcb0 f   LIBCMTD:ullshr.obj
 0002:00026ce0       __alloca_probe             1005fce0     LIBCMTD:chkstk.obj
 0002:00026ce0       __chkstk                   1005fce0 f   LIBCMTD:chkstk.obj
 0002:00026d20       _srand                     1005fd20 f   LIBCMTD:rand.obj
 0002:00026d40       _rand                      1005fd40 f   LIBCMTD:rand.obj
 0002:00026d90       __time64                   1005fd90 f   LIBCMTD:time64.obj
 0002:00026e30       __CRT_INIT@12              1005fe30 f   LIBCMTD:dllcrt0.obj
 0002:000270d0       __DllMainCRTStartup@12     100600d0 f   LIBCMTD:dllcrt0.obj
 0002:00027330       __VEC_memzero              10060330 f   LIBCMTD:p4_memset.obj
 0002:00027420       ___sse2_available_init     10060420 f   LIBCMTD:cpu_disp.obj
 0002:00027440       __VEC_memcpy               10060440 f   LIBCMTD:p4_memcpy.obj
 0002:00027590       __alloc_osfhnd             10060590 f   LIBCMTD:osfinfo.obj
 0002:000278f0       __set_osfhnd               100608f0 f   LIBCMTD:osfinfo.obj
 0002:000279f0       __free_osfhnd              100609f0 f   LIBCMTD:osfinfo.obj
 0002:00027b10       __get_osfhandle            10060b10 f   LIBCMTD:osfinfo.obj
 0002:00027cd0       __open_osfhandle           10060cd0 f   LIBCMTD:osfinfo.obj
 0002:00027f90       ___lock_fhandle            10060f90 f   LIBCMTD:osfinfo.obj
 0002:000280d0       __unlock_fhandle           100610d0 f   LIBCMTD:osfinfo.obj
 0002:00028110       __ioinit                   10061110 f   LIBCMTD:ioinit.obj
 0002:00028630       __ioterm                   10061630 f   LIBCMTD:ioinit.obj
 0002:00028700       __initp_misc_invarg        10061700 f   LIBCMTD:invarg.obj
 0002:00028720       __invalid_parameter        10061720 f   LIBCMTD:invarg.obj
 0002:00028790       __invoke_watson            10061790 f   LIBCMTD:invarg.obj
 0002:000287d0       __call_reportfault         100617d0 f   LIBCMTD:invarg.obj
 0002:00028980       __set_invalid_parameter_handler 10061980 f   LIBCMTD:invarg.obj
 0002:000289d0       __get_invalid_parameter_handler 100619d0 f   LIBCMTD:invarg.obj
 0002:00028a10       ?_invalid_parameter@@YAXPBG00II@Z 10061a10 f   LIBCMTD:invarg.obj
 0002:00028a40       ?_invoke_watson@@YAXPBG00II@Z 10061a40 f   LIBCMTD:invarg.obj
 0002:00028a70       __CrtSetReportHookW2       10061a70 f   LIBCMTD:dbgrptw.obj
 0002:00028e60       __CrtDbgReportW            10061e60 f   LIBCMTD:dbgrptw.obj
 0002:00028eb0       __CrtDbgReportWV           10061eb0 f i LIBCMTD:dbgrptw.obj
 0002:00028ee0       ___crtMessageWindowW       10061ee0 f   LIBCMTD:dbgrptw.obj
 0002:000293e0       __invoke_watson_if_oneof   100623e0 f i LIBCMTD:dbgrptw.obj
 0002:00029430       ?_CrtDbgReportW@@YAHHPBGH00ZZ 10062430 f   LIBCMTD:dbgrptw.obj
 0002:00029480       __except_handler4          10062480 f   LIBCMTD:chandler4.obj
 0002:00029730       _write                     10062730 f   LIBCMTD:write.obj
 0002:00029730       __write                    10062730 f   LIBCMTD:write.obj
 0002:000299e0       __write_nolock             100629e0 f   LIBCMTD:write.obj
 0002:0002a7f0       __chsize_s                 100637f0 f   LIBCMTD:chsize.obj
 0002:0002ab30       __chsize_nolock            10063b30 f   LIBCMTD:chsize.obj
 0002:0002ae70       __chsize                   10063e70 f   LIBCMTD:chsize.obj
 0002:0002aea0       __read                     10063ea0 f   LIBCMTD:read.obj
 0002:0002aea0       _read                      10063ea0 f   LIBCMTD:read.obj
 0002:0002b1e0       __read_nolock              100641e0 f   LIBCMTD:read.obj
 0002:0002c500       __close                    10065500 f   LIBCMTD:close.obj
 0002:0002c500       _close                     10065500 f   LIBCMTD:close.obj
 0002:0002c7a0       __close_nolock             100657a0 f   LIBCMTD:close.obj
 0002:0002c8a0       __lseek                    100658a0 f   LIBCMTD:lseek.obj
 0002:0002cb50       __lseek_nolock             10065b50 f   LIBCMTD:lseek.obj
 0002:0002cc60       __cinit                    10065c60 f   LIBCMTD:crt0dat.obj
 0002:0002cd30       _exit                      10065d30 f   LIBCMTD:crt0dat.obj
 0002:0002cd50       __exit                     10065d50 f   LIBCMTD:crt0dat.obj
 0002:0002cd70       __cexit                    10065d70 f   LIBCMTD:crt0dat.obj
 0002:0002cd90       __c_exit                   10065d90 f   LIBCMTD:crt0dat.obj
 0002:0002cdb0       __amsg_exit                10065db0 f   LIBCMTD:crt0dat.obj
 0002:0002cde0       ___freeCrtMemory           10065de0 f   LIBCMTD:crt0dat.obj
 0002:0002d1f0       ___crtCorExitProcess       100661f0 f   LIBCMTD:crt0dat.obj
 0002:0002d240       ___crtExitProcess          10066240 f   LIBCMTD:crt0dat.obj
 0002:0002d270       __lockexit                 10066270 f   LIBCMTD:crt0dat.obj
 0002:0002d290       __unlockexit               10066290 f   LIBCMTD:crt0dat.obj
 0002:0002d2b0       __init_pointers            100662b0 f   LIBCMTD:crt0dat.obj
 0002:0002d360       __initterm_e               10066360 f   LIBCMTD:crt0dat.obj
 0002:0002d3b0       __get_wpgmptr              100663b0 f   LIBCMTD:crt0dat.obj
 0002:0002d4e0       __get_pgmptr               100664e0 f   LIBCMTD:crt0dat.obj
 0002:0002d610       __setmode                  10066610 f   LIBCMTD:setmode.obj
 0002:0002d940       __setmode_nolock           10066940 f   LIBCMTD:setmode.obj
 0002:0002dc40       __set_fmode                10066c40 f   LIBCMTD:setmode.obj
 0002:0002dd20       __get_fmode                10066d20 f   LIBCMTD:setmode.obj
 0002:0002ddc0       @__security_check_cookie@4 10066dc0 f   LIBCMTD:secchk.obj
 0002:0002dde0       ___updatetmbcinfo          10066de0 f   LIBCMTD:mbctype.obj
 0002:0002df30       __setmbcp                  10066f30 f   LIBCMTD:mbctype.obj
 0002:0002e3c0       __setmbcp_nolock           100673c0 f   LIBCMTD:mbctype.obj
 0002:0002eda0       __getmbcp                  10067da0 f   LIBCMTD:mbctype.obj
 0002:0002ee30       ___initmbctable            10067e30 f   LIBCMTD:mbctype.obj
 0002:0002ee60       ___addlocaleref            10067e60 f   LIBCMTD:localref.obj
 0002:0002efd0       ___removelocaleref         10067fd0 f   LIBCMTD:localref.obj
 0002:0002f150       ___freetlocinfo            10068150 f   LIBCMTD:localref.obj
 0002:0002f4f0       __updatetlocinfoEx_nolock  100684f0 f   LIBCMTD:localref.obj
 0002:0002f590       ___updatetlocinfo          10068590 f   LIBCMTD:localref.obj
 0002:0002f690       __encoded_null             10068690 f   LIBCMTD:tidtable.obj
 0002:0002f6b0       ___crtTlsAlloc@4           100686b0 f   LIBCMTD:tidtable.obj
 0002:0002f6d0       ___fls_getvalue@4          100686d0 f   LIBCMTD:tidtable.obj
 0002:0002f700       ___get_flsindex            10068700 f   LIBCMTD:tidtable.obj
 0002:0002f710       ___set_flsgetvalue         10068710 f   LIBCMTD:tidtable.obj
 0002:0002f770       ___fls_setvalue@8          10068770 f   LIBCMTD:tidtable.obj
 0002:0002f7a0       __mtinit                   100687a0 f   LIBCMTD:tidtable.obj
 0002:0002fa20       __mtterm                   10068a20 f   LIBCMTD:tidtable.obj
 0002:0002fa90       __initptd                  10068a90 f   LIBCMTD:tidtable.obj
 0002:0002fc00       __getptd_noexit            10068c00 f   LIBCMTD:tidtable.obj
 0002:0002fcf0       __getptd                   10068cf0 f   LIBCMTD:tidtable.obj
 0002:0002fd20       __freefls@4                10068d20 f   LIBCMTD:tidtable.obj
 0002:0002ffb0       __freeptd                  10068fb0 f   LIBCMTD:tidtable.obj
 0002:00030050       ___threadid                10069050 f   LIBCMTD:tidtable.obj
 0002:00030060       ___threadhandle            10069060 f   LIBCMTD:tidtable.obj
 0002:00030070       __malloc_dbg               10069070 f   LIBCMTD:dbgheap.obj
 0002:000300b0       __nh_malloc                100690b0 f   LIBCMTD:dbgheap.obj
 0002:000300e0       __nh_malloc_dbg            100690e0 f   LIBCMTD:dbgheap.obj
 0002:000301e0       __heap_alloc               100691e0 f   LIBCMTD:dbgheap.obj
 0002:000306b0       __heap_alloc_dbg           100696b0 f   LIBCMTD:dbgheap.obj
 0002:00030720       __calloc_dbg_impl          10069720 f   LIBCMTD:dbgheap.obj
 0002:000307c0       __calloc_dbg               100697c0 f   LIBCMTD:dbgheap.obj
 0002:00030830       __recalloc                 10069830 f   LIBCMTD:dbgheap.obj
 0002:00030870       __realloc_dbg              10069870 f   LIBCMTD:dbgheap.obj
 0002:000310b0       __recalloc_dbg             1006a0b0 f   LIBCMTD:dbgheap.obj
 0002:00031190       __expand                   1006a190 f   LIBCMTD:dbgheap.obj
 0002:000311c0       __expand_dbg               1006a1c0 f   LIBCMTD:dbgheap.obj
 0002:00031310       __free_nolock              1006a310 f   LIBCMTD:dbgheap.obj
 0002:00031330       __free_dbg                 1006a330 f   LIBCMTD:dbgheap.obj
 0002:000313d0       __free_dbg_nolock          1006a3d0 f   LIBCMTD:dbgheap.obj
 0002:000319f0       __msize                    1006a9f0 f   LIBCMTD:dbgheap.obj
 0002:00031a10       __msize_dbg                1006aa10 f   LIBCMTD:dbgheap.obj
 0002:00031c70       __CrtSetBreakAlloc         1006ac70 f   LIBCMTD:dbgheap.obj
 0002:00031ca0       __CrtSetDbgBlockType       1006aca0 f   LIBCMTD:dbgheap.obj
 0002:00031dc0       __CrtSetAllocHook          1006adc0 f   LIBCMTD:dbgheap.obj
 0002:00031df0       __CrtGetAllocHook          1006adf0 f   LIBCMTD:dbgheap.obj
 0002:00031e50       __CrtCheckMemory           1006ae50 f   LIBCMTD:dbgheap.obj
 0002:000323c0       __CrtSetDbgFlag            1006b3c0 f   LIBCMTD:dbgheap.obj
 0002:00032560       __CrtDoForAllClientObjects 1006b560 f   LIBCMTD:dbgheap.obj
 0002:000326d0       __CrtIsValidPointer        1006b6d0 f   LIBCMTD:dbgheap.obj
 0002:000326f0       __CrtIsValidHeapPointer    1006b6f0 f   LIBCMTD:dbgheap.obj
 0002:00032750       __CrtIsMemoryBlock         1006b750 f   LIBCMTD:dbgheap.obj
 0002:00032920       __CrtReportBlockType       1006b920 f   LIBCMTD:dbgheap.obj
 0002:00032960       __CrtSetDumpClient         1006b960 f   LIBCMTD:dbgheap.obj
 0002:00032990       __CrtGetDumpClient         1006b990 f   LIBCMTD:dbgheap.obj
 0002:000329a0       __CrtMemCheckpoint         1006b9a0 f   LIBCMTD:dbgheap.obj
 0002:00032c40       __CrtMemDifference         1006bc40 f   LIBCMTD:dbgheap.obj
 0002:00032ee0       __CrtMemDumpAllObjectsSince 1006bee0 f   LIBCMTD:dbgheap.obj
 0002:00033510       __CrtDumpMemoryLeaks       1006c510 f   LIBCMTD:dbgheap.obj
 0002:000335b0       __CrtMemDumpStatistics     1006c5b0 f   LIBCMTD:dbgheap.obj
 0002:00033700       __aligned_malloc           1006c700 f   LIBCMTD:dbgheap.obj
 0002:00033730       __aligned_malloc_dbg       1006c730 f   LIBCMTD:dbgheap.obj
 0002:00033760       __aligned_realloc          1006c760 f   LIBCMTD:dbgheap.obj
 0002:00033790       __aligned_recalloc         1006c790 f   LIBCMTD:dbgheap.obj
 0002:000337c0       __aligned_realloc_dbg      1006c7c0 f   LIBCMTD:dbgheap.obj
 0002:000337f0       __aligned_recalloc_dbg     1006c7f0 f   LIBCMTD:dbgheap.obj
 0002:00033830       __aligned_offset_malloc    1006c830 f   LIBCMTD:dbgheap.obj
 0002:00033860       __aligned_offset_malloc_dbg 1006c860 f   LIBCMTD:dbgheap.obj
 0002:00033a90       __aligned_offset_realloc   1006ca90 f   LIBCMTD:dbgheap.obj
 0002:00033ac0       __aligned_offset_recalloc  1006cac0 f   LIBCMTD:dbgheap.obj
 0002:00033af0       __aligned_offset_realloc_dbg 1006caf0 f   LIBCMTD:dbgheap.obj
 0002:00033ea0       __aligned_offset_recalloc_dbg 1006cea0 f   LIBCMTD:dbgheap.obj
 0002:00033f90       __aligned_free             1006cf90 f   LIBCMTD:dbgheap.obj
 0002:00033fb0       __aligned_free_dbg         1006cfb0 f   LIBCMTD:dbgheap.obj
 0002:00034090       __CrtSetDebugFillThreshold 1006d090 f   LIBCMTD:dbgheap.obj
 0002:000340c0       __CrtSetCheckCount         1006d0c0 f   LIBCMTD:dbgheap.obj
 0002:000340e0       __CrtGetCheckCount         1006d0e0 f   LIBCMTD:dbgheap.obj
 0002:000340f0       __aligned_msize            1006d0f0 f   LIBCMTD:dbgheap.obj
 0002:00034120       __aligned_msize_dbg        1006d120 f   LIBCMTD:dbgheap.obj
 0002:00034270       __flsbuf                   1006d270 f   LIBCMTD:_flsbuf.obj
 0002:000345e0       __output_l                 1006d5e0 f   LIBCMTD:output.obj
 0002:00035f60       _get_int_arg               1006ef60 f i LIBCMTD:output.obj
 0002:00035f90       _get_int64_arg             1006ef90 f i LIBCMTD:output.obj
 0002:00035fc0       _get_short_arg             1006efc0 f i LIBCMTD:output.obj
 0002:00035ff0       __vsprintf_l               1006eff0 f   LIBCMTD:vsprintf.obj
 0002:000361f0       _vsprintf                  1006f1f0 f   LIBCMTD:vsprintf.obj
 0002:00036220       __vscprintf_helper         1006f220 f   LIBCMTD:vsprintf.obj
 0002:00036330       __vscprintf                1006f330 f   LIBCMTD:vsprintf.obj
 0002:00036360       __vscprintf_l              1006f360 f   LIBCMTD:vsprintf.obj
 0002:00036390       __vscprintf_p              1006f390 f   LIBCMTD:vsprintf.obj
 0002:000363c0       __vscprintf_p_l            1006f3c0 f   LIBCMTD:vsprintf.obj
 0002:000363f0       __vsnprintf_helper         1006f3f0 f   LIBCMTD:vsnprnc.obj
 0002:00036650       __vsnprintf_c              1006f650 f   LIBCMTD:vsnprnc.obj
 0002:000366b0       __vsnprintf_c_l            1006f6b0 f   LIBCMTD:vsnprnc.obj
 0002:00036710       __vsprintf_s_l             1006f710 f   LIBCMTD:vsnprnc.obj
 0002:00036a10       _vsprintf_s                1006fa10 f   LIBCMTD:vsnprnc.obj
 0002:00036a40       __vsnprintf_s_l            1006fa40 f   LIBCMTD:vsnprnc.obj
 0002:00036ec0       __vsnprintf_s              1006fec0 f   LIBCMTD:vsnprnc.obj
 0002:00036ef0       __vsprintf_p               1006fef0 f   LIBCMTD:vsnprnc.obj
 0002:00036f50       __vsprintf_p_l             1006ff50 f   LIBCMTD:vsnprnc.obj
 0002:00036fb0       _strcpy_s                  1006ffb0 f   LIBCMTD:strcpy_s.obj
 0002:00037340       ___sys_nerr                10070340 f   LIBCMTD:syserr.obj
 0002:00037350       ___sys_errlist             10070350 f   LIBCMTD:syserr.obj
 0002:00037360       _strncpy_s                 10070360 f   LIBCMTD:strncpy_s.obj
 0002:00037850       __vsnprintf_l              10070850 f   LIBCMTD:vsnprint.obj
 0002:00037a80       _vsnprintf                 10070a80 f   LIBCMTD:vsnprint.obj
 0002:00037a80       __vsnprintf                10070a80 f   LIBCMTD:vsnprint.obj
 0002:00037ab0       ___iob_func                10070ab0 f   LIBCMTD:_file.obj
 0002:00037ac0       ___initstdio               10070ac0 f   LIBCMTD:_file.obj
 0002:00037c60       ___endstdio                10070c60 f   LIBCMTD:_file.obj
 0002:00037ca0       __lock_file                10070ca0 f   LIBCMTD:_file.obj
 0002:00037d10       __lock_file2               10070d10 f   LIBCMTD:_file.obj
 0002:00037d60       __unlock_file              10070d60 f   LIBCMTD:_file.obj
 0002:00037dd0       __unlock_file2             10070dd0 f   LIBCMTD:_file.obj
 0002:00037e20       __openfile                 10070e20 f   LIBCMTD:_open.obj
 0002:000387d0       __getstream                100717d0 f   LIBCMTD:stream.obj
 0002:00038ad0       __local_unwind4            10071ad0 f   LIBCMTD:exsup4.obj
 0002:00038ba6       __seh_longjmp_unwind4@4    10071ba6 f   LIBCMTD:exsup4.obj
 0002:00038bc2       @_EH4_CallFilterFunc@8     10071bc2 f   LIBCMTD:exsup4.obj
 0002:00038bd9       @_EH4_TransferToHandler@8  10071bd9 f   LIBCMTD:exsup4.obj
 0002:00038bf2       @_EH4_GlobalUnwind2@8      10071bf2 f   LIBCMTD:exsup4.obj
 0002:00038c0b       @_EH4_LocalUnwind@16       10071c0b f   LIBCMTD:exsup4.obj
 0002:00038c80       __filbuf                   10071c80 f   LIBCMTD:_filbuf.obj
 0002:00038f60       __fileno                   10071f60 f   LIBCMTD:fileno.obj
 0002:00038ff0       _memcpy_s                  10071ff0 f   LIBCMTD:memcpy_s.obj
 0002:000391e0       _fflush                    100721e0 f   LIBCMTD:fflush.obj
 0002:000392a0       __fflush_nolock            100722a0 f   LIBCMTD:fflush.obj
 0002:00039310       __flush                    10072310 f   LIBCMTD:fflush.obj
 0002:00039400       __flushall                 10072400 f   LIBCMTD:fflush.obj
 0002:00039630       __freebuf                  10072630 f   LIBCMTD:_freebuf.obj
 0002:000396e0       __setenvp                  100726e0 f   LIBCMTD:stdenvp.obj
 0002:000398f0       __setargv                  100728f0 f   LIBCMTD:stdargv.obj
 0002:00039a50       __set_pgmptr               10072a50 f i LIBCMTD:stdargv.obj
 0002:00039eb0       ___crtGetEnvironmentStringsA 10072eb0 f   LIBCMTD:a_env.obj
 0002:00039ff0       __RTC_Initialize           10072ff0 f   LIBCMTD:_initsect_.obj
 0002:0003a020       __RTC_Terminate            10073020 f   LIBCMTD:_initsect_.obj
 0002:0003a050       __heap_init                10073050 f   LIBCMTD:heapinit.obj
 0002:0003a0a0       __heap_term                100730a0 f   LIBCMTD:heapinit.obj
 0002:0003a0d0       __get_heap_handle          100730d0 f   LIBCMTD:heapinit.obj
 0002:0003a110       ___security_init_cookie    10073110 f   LIBCMTD:gs_support.obj
 0002:0003a230       ___CppXcptFilter           10073230 f   LIBCMTD:winxfltr.obj
 0002:0003a260       __XcptFilter               10073260 f   LIBCMTD:winxfltr.obj
 0002:0003a550       _DllMain@12                10073550 f   LIBCMTD:dllmain.obj
 0002:0003a570       __mtinitlocks              10073570 f   LIBCMTD:mlock.obj
 0002:0003a620       __mtdeletelocks            10073620 f   LIBCMTD:mlock.obj
 0002:0003a710       __mtinitlocknum            10073710 f   LIBCMTD:mlock.obj
 0002:0003a8b0       __lock                     100738b0 f   LIBCMTD:mlock.obj
 0002:0003a900       __unlock                   10073900 f   LIBCMTD:mlock.obj
 0002:0003a920       __lockerr_exit             10073920 f   LIBCMTD:mlock.obj
 0002:0003a950       __CrtDefaultAllocHook      10073950 f   LIBCMTD:dbghook.obj
 0002:0003a960       __crt_debugger_hook        10073960 f   LIBCMTD:dbghook.obj
 0002:0003a980       __CrtDbgBreak              10073980 f   LIBCMTD:dbgrptt.obj
 0002:0003a990       __CrtSetReportMode         10073990 f   LIBCMTD:dbgrptt.obj
 0002:0003ab20       __CrtSetReportFile         10073b20 f   LIBCMTD:dbgrptt.obj
 0002:0003ac50       __CrtSetReportHook         10073c50 f   LIBCMTD:dbgrptt.obj
 0002:0003ac80       __CrtGetReportHook         10073c80 f   LIBCMTD:dbgrptt.obj
 0002:0003ac90       __VCrtDbgReportA           10073c90 f   LIBCMTD:dbgrptt.obj
 0002:0003b6c0       __VCrtDbgReportW           100746c0 f   LIBCMTD:dbgrptt.obj
 0002:0003c240       __initp_misc_winsig        10075240 f   LIBCMTD:winsig.obj
 0002:0003c280       _signal                    10075280 f   LIBCMTD:winsig.obj
 0002:0003c830       _raise                     10075830 f   LIBCMTD:winsig.obj
 0002:0003cc80       ___get_sigabrt             10075c80 f   LIBCMTD:winsig.obj
 0002:0003cca0       ___fpecode                 10075ca0 f   LIBCMTD:winsig.obj
 0002:0003ccc0       ___pxcptinfoptrs           10075cc0 f   LIBCMTD:winsig.obj
 0002:0003cce0       ___crtMessageBoxW          10075ce0 f   LIBCMTD:crtmboxw.obj
 0002:0003cf90       __swprintf                 10075f90 f   LIBCMTD:swprintf.obj
 0002:0003d210       ___swprintf_l              10076210 f   LIBCMTD:swprintf.obj
 0002:0003d250       _swprintf_s                10076250 f   LIBCMTD:swprintf.obj
 0002:0003d290       __snwprintf_s              10076290 f   LIBCMTD:swprintf.obj
 0002:0003d2d0       __swprintf_p               100762d0 f   LIBCMTD:swprintf.obj
 0002:0003d310       __swprintf_s_l             10076310 f   LIBCMTD:swprintf.obj
 0002:0003d350       __snwprintf_s_l            10076350 f   LIBCMTD:swprintf.obj
 0002:0003d390       __swprintf_p_l             10076390 f   LIBCMTD:swprintf.obj
 0002:0003d3d0       __scwprintf                100763d0 f   LIBCMTD:swprintf.obj
 0002:0003d400       __scwprintf_p              10076400 f   LIBCMTD:swprintf.obj
 0002:0003d430       __scwprintf_l              10076430 f   LIBCMTD:swprintf.obj
 0002:0003d460       __scwprintf_p_l            10076460 f   LIBCMTD:swprintf.obj
 0002:0003d490       _wcslen                    10076490 f   LIBCMTD:wcslen.obj
 0002:0003d4d0       _wcscpy_s                  100764d0 f   LIBCMTD:wcscpy_s.obj
 0002:0003d870       __ValidateImageBase        10076870 f   LIBCMTD:pesect.obj
 0002:0003d8f0       __FindPESection            100768f0 f   LIBCMTD:pesect.obj
 0002:0003d990       __IsNonwritableInCurrentImage 10076990 f   LIBCMTD:pesect.obj
 0002:0003daf0       __putwch                   10076af0 f   LIBCMTD:putwch.obj
 0002:0003dba0       __putwch_nolock            10076ba0 f   LIBCMTD:putwch.obj
 0002:0003dc10       __mbtowc_l                 10076c10 f   LIBCMTD:mbtowc.obj
 0002:0003deb0       _mbtowc                    10076eb0 f   LIBCMTD:mbtowc.obj
 0002:0003dee0       __isleadbyte_l             10076ee0 f i LIBCMTD:_wctype.obj
 0002:0003df40       _isleadbyte                10076f40 f i LIBCMTD:_wctype.obj
 0002:0003df60       __iswalpha_l               10076f60 f i LIBCMTD:_wctype.obj
 0002:0003df80       _iswalpha                  10076f80 f i LIBCMTD:_wctype.obj
 0002:0003dfa0       __iswupper_l               10076fa0 f i LIBCMTD:_wctype.obj
 0002:0003dfc0       _iswupper                  10076fc0 f i LIBCMTD:_wctype.obj
 0002:0003dfe0       __iswlower_l               10076fe0 f i LIBCMTD:_wctype.obj
 0002:0003e000       _iswlower                  10077000 f i LIBCMTD:_wctype.obj
 0002:0003e020       __iswdigit_l               10077020 f i LIBCMTD:_wctype.obj
 0002:0003e040       _iswdigit                  10077040 f i LIBCMTD:_wctype.obj
 0002:0003e060       __iswxdigit_l              10077060 f i LIBCMTD:_wctype.obj
 0002:0003e080       _iswxdigit                 10077080 f i LIBCMTD:_wctype.obj
 0002:0003e0a0       __iswspace_l               100770a0 f i LIBCMTD:_wctype.obj
 0002:0003e0c0       _iswspace                  100770c0 f i LIBCMTD:_wctype.obj
 0002:0003e0e0       __iswpunct_l               100770e0 f i LIBCMTD:_wctype.obj
 0002:0003e100       _iswpunct                  10077100 f i LIBCMTD:_wctype.obj
 0002:0003e120       __iswalnum_l               10077120 f i LIBCMTD:_wctype.obj
 0002:0003e140       _iswalnum                  10077140 f i LIBCMTD:_wctype.obj
 0002:0003e160       __iswprint_l               10077160 f i LIBCMTD:_wctype.obj
 0002:0003e180       _iswprint                  10077180 f i LIBCMTD:_wctype.obj
 0002:0003e1a0       __iswgraph_l               100771a0 f i LIBCMTD:_wctype.obj
 0002:0003e1c0       _iswgraph                  100771c0 f i LIBCMTD:_wctype.obj
 0002:0003e1e0       __iswcntrl_l               100771e0 f i LIBCMTD:_wctype.obj
 0002:0003e200       _iswcntrl                  10077200 f i LIBCMTD:_wctype.obj
 0002:0003e220       _iswascii                  10077220 f i LIBCMTD:_wctype.obj
 0002:0003e240       __iswcsym_l                10077240 f i LIBCMTD:_wctype.obj
 0002:0003e290       ___iswcsym                 10077290 f i LIBCMTD:_wctype.obj
 0002:0003e2e0       __iswcsymf_l               100772e0 f i LIBCMTD:_wctype.obj
 0002:0003e330       ___iswcsymf                10077330 f i LIBCMTD:_wctype.obj
 0002:0003e380       __isatty                   10077380 f   LIBCMTD:isatty.obj
 0002:0003e470       __onexit                   10077470 f   LIBCMTD:onexit.obj
 0002:0003e6b0       _atexit                    100776b0 f   LIBCMTD:onexit.obj
 0002:0003e6e0       ___onexitinit              100776e0 f   LIBCMTD:onexit.obj
 0002:0003e750       __initp_misc_cfltcvt_tab   10077750 f   LIBCMTD:cmiscdat.obj
 0002:0003e7a0       __FF_MSGBANNER             100777a0 f   LIBCMTD:crt0msg.obj
 0002:0003e800       __GET_RTERRMSG             10077800 f   LIBCMTD:crt0msg.obj
 0002:0003e860       __NMSG_WRITE               10077860 f   LIBCMTD:crt0msg.obj
 0002:0003ec60       __initp_eh_hooks           10077c60 f   LIBCMTD:hooks.obj
 0002:0003ec80       ?terminate@@YAXXZ          10077c80 f   LIBCMTD:hooks.obj
 0002:0003ed20       ?unexpected@@YAXXZ         10077d20 f   LIBCMTD:hooks.obj
 0002:0003ed50       ?_inconsistency@@YAXXZ     10077d50 f   LIBCMTD:hooks.obj
 0002:0003ee00       __initp_misc_rand_s        10077e00 f   LIBCMTD:rand_s.obj
 0002:0003ee20       _rand_s                    10077e20 f   LIBCMTD:rand_s.obj
 0002:0003f0c0       ___getlocaleinfo           100780c0 f   LIBCMTD:inithelp.obj
 0002:0003f450       __initp_misc_purevirt      10078450 f   LIBCMTD:inithelp.obj
 0002:0003f470       __initp_heap_handler       10078470 f   LIBCMTD:handler.obj
 0002:0003f490       ?_set_new_handler@@YAP6AHI@ZP6AHI@Z@Z 10078490 f   LIBCMTD:handler.obj
 0002:0003f4e0       ?_set_new_handler@@YAP6AHI@ZH@Z 100784e0 f   LIBCMTD:handler.obj
 0002:0003f530       ?_query_new_handler@@YAP6AHI@ZXZ 10078530 f   LIBCMTD:handler.obj
 0002:0003f550       __callnewh                 10078550 f   LIBCMTD:handler.obj
 0002:0003f5a0       ___report_gsfailure        100785a0 f   LIBCMTD:gs_report.obj
 0002:0003f700       ?_JumpToContinuation@@YGXPAXPAUEHRegistrationNode@@@Z 10078700 f   LIBCMTD:_trnsctrl_.obj
 0002:0003f750       ?_CallMemberFunction0@@YGXPAX0@Z 10078750 f   LIBCMTD:_trnsctrl_.obj
 0002:0003f760       ?_CallMemberFunction1@@YGXPAX00@Z 10078760 f   LIBCMTD:_trnsctrl_.obj
 0002:0003f770       ?_CallMemberFunction2@@YGXPAX00H@Z 10078770 f   LIBCMTD:_trnsctrl_.obj
 0002:0003f780       ?_UnwindNestedFrames@@YGXPAUEHRegistrationNode@@PAUEHExceptionRecord@@@Z 10078780 f   LIBCMTD:_trnsctrl_.obj
 0002:0003f7f0       ___CxxFrameHandler         100787f0 f   LIBCMTD:_trnsctrl_.obj
 0002:0003f840       ___CxxFrameHandler3        10078840 f   LIBCMTD:_trnsctrl_.obj
 0002:0003f890       ___CxxFrameHandler2        10078890 f   LIBCMTD:_trnsctrl_.obj
 0002:0003f8e0       ___CxxLongjmpUnwind@4      100788e0 f   LIBCMTD:_trnsctrl_.obj
 0002:0003f920       ?_CallCatchBlock2@@YAPAXPAUEHRegistrationNode@@PBU_s_FuncInfo@@PAXHK@Z 10078920 f   LIBCMTD:_trnsctrl_.obj
 0002:0003fa10       ?_CallSETranslator@@YAHPAUEHExceptionRecord@@PAUEHRegistrationNode@@PAX2PBU_s_FuncInfo@@H1@Z 10078a10 f   LIBCMTD:_trnsctrl_.obj
 0002:0003fc20       ?_GetRangeOfTrysToCheck@@YAPBU_s_TryBlockMapEntry@@PBU_s_FuncInfo@@HHPAI1@Z 10078c20 f   LIBCMTD:_trnsctrl_.obj
 0002:0003fcc0       __CreateFrameInfo          10078cc0 f   LIBCMTD:_trnsctrl_.obj
 0002:0003fd00       __IsExceptionObjectToBeDestroyed 10078d00 f   LIBCMTD:_trnsctrl_.obj
 0002:0003fd40       __FindAndUnlinkFrame       10078d40 f   LIBCMTD:_trnsctrl_.obj
 0002:0003fdb0       ___crtLCMapStringA         10078db0 f   LIBCMTD:a_map.obj
 0002:00040160       __MarkAllocaS              10079160 f i LIBCMTD:a_map.obj
 0002:00040190       __freea                    10079190 f i LIBCMTD:a_map.obj
 0002:00040270       ___crtGetStringTypeA       10079270 f   LIBCMTD:a_str.obj
 0002:00040430       ___init_time               10079430 f   LIBCMTD:inittime.obj
 0002:000414a0       ___free_lc_time            1007a4a0 f   LIBCMTD:inittime.obj
 0002:00041cb0       ___init_numeric            1007acb0 f   LIBCMTD:initnum.obj
 0002:00042150       ___free_lconv_num          1007b150 f   LIBCMTD:initnum.obj
 0002:00042230       ___init_monetary           1007b230 f   LIBCMTD:initmon.obj
 0002:00042990       ___free_lconv_mon          1007b990 f   LIBCMTD:initmon.obj
 0002:00042ba0       _localeconv                1007bba0 f   LIBCMTD:lconv.obj
 0002:00042c00       ___pwctype_func            1007bc00 f   LIBCMTD:ctype.obj
 0002:00042c10       ___pctype_func             1007bc10 f   LIBCMTD:ctype.obj
 0002:00042c70       __malloc_base              1007bc70 f   LIBCMTD:malloc.obj
 0002:00042d20       __heap_alloc_base          1007bd20 f i LIBCMTD:malloc.obj
 0002:00042d90       __CrtSetReportHook2        1007bd90 f   LIBCMTD:dbgrpt.obj
 0002:00043180       __CrtDbgReport             1007c180 f   LIBCMTD:dbgrpt.obj
 0002:000431d0       __CrtDbgReportV            1007c1d0 f i LIBCMTD:dbgrpt.obj
 0002:00043200       ___crtMessageWindowA       1007c200 f   LIBCMTD:dbgrpt.obj
 0002:00043700       __expand_base              1007c700 f   LIBCMTD:expand.obj
 0002:000438b0       __realloc_base             1007c8b0 f   LIBCMTD:realloc.obj
 0002:000439f0       __free_base                1007c9f0 f   LIBCMTD:free.obj
 0002:00043a60       __heapchk                  1007ca60 f   LIBCMTD:heapchk.obj
 0002:00043aa0       __heapset                  1007caa0 f   LIBCMTD:heapchk.obj
 0002:00043ab0       __chvalidator              1007cab0 f   LIBCMTD:isctype.obj
 0002:00043b10       __chvalidator_l            1007cb10 f   LIBCMTD:isctype.obj
 0002:00043bf0       __isctype_l                1007cbf0 f   LIBCMTD:isctype.obj
 0002:00043d50       __isctype                  1007cd50 f   LIBCMTD:isctype.obj
 0002:00043da0       __getbuf                   1007cda0 f   LIBCMTD:_getbuf.obj
 0002:00043ea0       _printf                    1007cea0 f   LIBCMTD:printf.obj
 0002:00044030       __printf_l                 1007d030 f   LIBCMTD:printf.obj
 0002:00044060       __printf_s_l               1007d060 f   LIBCMTD:printf.obj
 0002:00044090       _printf_s                  1007d090 f   LIBCMTD:printf.obj
 0002:000440c0       __printf_p_l               1007d0c0 f   LIBCMTD:printf.obj
 0002:000440f0       __printf_p                 1007d0f0 f   LIBCMTD:printf.obj
 0002:00044120       __set_printf_count_output  1007d120 f   LIBCMTD:printf.obj
 0002:00044180       __get_printf_count_output  1007d180 f   LIBCMTD:printf.obj
 0002:000441b0       __wctomb_s_l               1007d1b0 f   LIBCMTD:wctomb.obj
 0002:00044570       _wctomb_s                  1007d570 f   LIBCMTD:wctomb.obj
 0002:000445a0       __wctomb_l                 1007d5a0 f   LIBCMTD:wctomb.obj
 0002:00044640       _wctomb                    1007d640 f   LIBCMTD:wctomb.obj
 0002:000446a0       __aullrem                  1007d6a0 f   LIBCMTD:ullrem.obj
 0002:00044740       __validate_param_reuseA    1007d740 f   LIBCMTD:outputp.obj
 0002:00044a50       __output_p_l               1007da50 f   LIBCMTD:outputp.obj
 0002:00049550       _get_crtdouble_arg         10082550 f i LIBCMTD:outputp.obj
 0002:00049580       __output_s_l               10082580 f   LIBCMTD:outputs.obj
 0002:0004b0b0       __fcloseall                100840b0 f   LIBCMTD:closeall.obj
 0002:0004b230       _open                      10084230 f   LIBCMTD:open.obj
 0002:0004b230       __open                     10084230 f   LIBCMTD:open.obj
 0002:0004b410       __sopen_helper             10084410 f   LIBCMTD:open.obj
 0002:0004cb00       __sopen                    10085b00 f   LIBCMTD:open.obj
 0002:0004cb90       __sopen_s                  10085b90 f   LIBCMTD:open.obj
 0002:0004cbc0       __mbsnbicmp_l              10085bc0 f   LIBCMTD:mbsnbicm.obj
 0002:0004d190       __mbsnbicmp                10086190 f   LIBCMTD:mbsnbicm.obj
 0002:0004d1c0       __mbsnbcmp_l               100861c0 f   LIBCMTD:mbsnbcmp.obj
 0002:0004d560       __mbsnbcmp                 10086560 f   LIBCMTD:mbsnbcmp.obj
 0002:0004d590       __global_unwind2           10086590 f   LIBCMTD:exsup.obj
 0002:0004d5f5       __local_unwind2            100865f5 f   LIBCMTD:exsup.obj
 0002:0004d679       __abnormal_termination     10086679 f   LIBCMTD:exsup.obj
 0002:0004d69c       __NLG_Notify1              1008669c f   LIBCMTD:exsup.obj
 0002:0004d6a5       __NLG_Notify               100866a5 f   LIBCMTD:exsup.obj
 0002:0004d6bc       __NLG_Dispatch2            100866bc     LIBCMTD:exsup.obj
 0002:0004d6bc       __NLG_Dispatch             100866bc     LIBCMTD:exsup.obj
 0002:0004d6c4       __NLG_Call                 100866c4 f   LIBCMTD:exsup.obj
 0002:0004d6c6       __NLG_Return2              100866c6     LIBCMTD:exsup.obj
 0002:0004d720       __commit                   10086720 f   LIBCMTD:commit.obj
 0002:0004d9c0       __ismbbkalnum_l            100869c0 f   LIBCMTD:ismbbyte.obj
 0002:0004d9f0       __ismbbkalnum              100869f0 f   LIBCMTD:ismbbyte.obj
 0002:0004da10       __ismbbkprint_l            10086a10 f   LIBCMTD:ismbbyte.obj
 0002:0004da40       __ismbbkprint              10086a40 f   LIBCMTD:ismbbyte.obj
 0002:0004da60       __ismbbkpunct_l            10086a60 f   LIBCMTD:ismbbyte.obj
 0002:0004da90       __ismbbkpunct              10086a90 f   LIBCMTD:ismbbyte.obj
 0002:0004dab0       __ismbbalnum_l             10086ab0 f   LIBCMTD:ismbbyte.obj
 0002:0004dae0       __ismbbalnum               10086ae0 f   LIBCMTD:ismbbyte.obj
 0002:0004db10       __ismbbalpha_l             10086b10 f   LIBCMTD:ismbbyte.obj
 0002:0004db40       __ismbbalpha               10086b40 f   LIBCMTD:ismbbyte.obj
 0002:0004db70       __ismbbgraph_l             10086b70 f   LIBCMTD:ismbbyte.obj
 0002:0004dba0       __ismbbgraph               10086ba0 f   LIBCMTD:ismbbyte.obj
 0002:0004dbd0       __ismbbprint_l             10086bd0 f   LIBCMTD:ismbbyte.obj
 0002:0004dc00       __ismbbprint               10086c00 f   LIBCMTD:ismbbyte.obj
 0002:0004dc30       __ismbbpunct_l             10086c30 f   LIBCMTD:ismbbyte.obj
 0002:0004dc60       __ismbbpunct               10086c60 f   LIBCMTD:ismbbyte.obj
 0002:0004dc80       __ismbblead_l              10086c80 f   LIBCMTD:ismbbyte.obj
 0002:0004dcb0       __ismbblead                10086cb0 f   LIBCMTD:ismbbyte.obj
 0002:0004dcd0       __ismbbtrail_l             10086cd0 f   LIBCMTD:ismbbyte.obj
 0002:0004dd00       __ismbbtrail               10086d00 f   LIBCMTD:ismbbyte.obj
 0002:0004dd20       __ismbbkana_l              10086d20 f   LIBCMTD:ismbbyte.obj
 0002:0004ddb0       __ismbbkana                10086db0 f   LIBCMTD:ismbbyte.obj
 0002:0004ded0       __mbstowcs_l_helper        10086ed0 f   LIBCMTD:mbstowcs.obj
 0002:0004e300       __mbstowcs_l               10087300 f   LIBCMTD:mbstowcs.obj
 0002:0004e330       _mbstowcs                  10087330 f   LIBCMTD:mbstowcs.obj
 0002:0004e390       __mbstowcs_s_l             10087390 f   LIBCMTD:mbstowcs.obj
 0002:0004e7f0       _mbstowcs_s                100877f0 f   LIBCMTD:mbstowcs.obj
 0002:0004e820       _strcat_s                  10087820 f   LIBCMTD:strcat_s.obj
 0002:0004ecf0       __itoa_s                   10087cf0 f   LIBCMTD:xtoas.obj
 0002:0004f1a0       __ltoa_s                   100881a0 f   LIBCMTD:xtoas.obj
 0002:0004f1f0       __ultoa_s                  100881f0 f   LIBCMTD:xtoas.obj
 0002:0004f220       __i64toa_s                 10088220 f   LIBCMTD:xtoas.obj
 0002:0004f720       __ui64toa_s                10088720 f   LIBCMTD:xtoas.obj
 0002:0004f750       _wcscat_s                  10088750 f   LIBCMTD:wcscat_s.obj
 0002:0004fc30       __vswprintf_helper         10088c30 f   LIBCMTD:vswprnc.obj
 0002:0004ff20       __vswprintf_c              10088f20 f   LIBCMTD:vswprnc.obj
 0002:0004ff80       __vswprintf_c_l            10088f80 f   LIBCMTD:vswprnc.obj
 0002:0004ffe0       __vswprintf_s_l            10088fe0 f   LIBCMTD:vswprnc.obj
 0002:000502e0       _vswprintf_s               100892e0 f   LIBCMTD:vswprnc.obj
 0002:00050310       __vsnwprintf_s_l           10089310 f   LIBCMTD:vswprnc.obj
 0002:000507b0       __vsnwprintf_s             100897b0 f   LIBCMTD:vswprnc.obj
 0002:000507e0       __vswprintf_p              100897e0 f   LIBCMTD:vswprnc.obj
 0002:00050840       __vswprintf_p_l            10089840 f   LIBCMTD:vswprnc.obj
 0002:000508a0       __itow_s                   100898a0 f   LIBCMTD:xtows.obj
 0002:00050d70       __ltow_s                   10089d70 f   LIBCMTD:xtows.obj
 0002:00050dc0       __ultow_s                  10089dc0 f   LIBCMTD:xtows.obj
 0002:00050df0       __i64tow_s                 10089df0 f   LIBCMTD:xtows.obj
 0002:00051310       __ui64tow_s                1008a310 f   LIBCMTD:xtows.obj
 0002:00051340       __woutput_l                1008a340 f   LIBCMTD:woutput.obj
 0002:000529d0       __vswprintf_l              1008b9d0 f   LIBCMTD:vswprint.obj
 0002:00052c40       __vswprintf                1008bc40 f   LIBCMTD:vswprint.obj
 0002:00052c70       ___vswprintf_l             1008bc70 f   LIBCMTD:vswprint.obj
 0002:00052ca0       __vscwprintf_helper        1008bca0 f   LIBCMTD:vswprint.obj
 0002:00052db0       __vscwprintf               1008bdb0 f   LIBCMTD:vswprint.obj
 0002:00052de0       __vscwprintf_l             1008bde0 f   LIBCMTD:vswprint.obj
 0002:00052e10       __vscwprintf_p             1008be10 f   LIBCMTD:vswprint.obj
 0002:00052e40       __vscwprintf_p_l           1008be40 f   LIBCMTD:vswprint.obj
 0002:00052e70       ___initconout              1008be70 f   LIBCMTD:initcon.obj
 0002:00052ea0       ___termconout              1008bea0 f   LIBCMTD:initcon.obj
 0002:00052ed0       __iswctype_l               1008bed0 f   LIBCMTD:iswctype.obj
 0002:00052ef0       _iswctype                  1008bef0 f   LIBCMTD:iswctype.obj
 0002:00052f70       _is_wctype                 1008bf70 f   LIBCMTD:iswctype.obj
 0002:00052f90       __fptrap                   1008bf90 f   LIBCMTD:crt0fp.obj
 0002:00052fb0       __set_error_mode           1008bfb0 f   LIBCMTD:errmode.obj
 0002:000530a0       ___set_app_type            1008c0a0 f   LIBCMTD:errmode.obj
 0002:000530c0       _wcsncpy_s                 1008c0c0 f   LIBCMTD:wcsncpy_s.obj
 0002:000535d0       _abort                     1008c5d0 f   LIBCMTD:abort.obj
 0002:00053650       __set_abort_behavior       1008c650 f   LIBCMTD:abort.obj
 0002:00053690       ___crtGetLocaleInfoA       1008c690 f   LIBCMTD:a_loc.obj
 0002:00053840       ___InternalCxxFrameHandler 1008c840 f   LIBCMTD:frame.obj
 0002:00053fb0       ??0bad_exception@std@@QAE@PBD@Z 1008cfb0 f i LIBCMTD:frame.obj
 0002:00053fe0       ??1bad_exception@std@@UAE@XZ 1008cfe0 f i LIBCMTD:frame.obj
 0002:00054010       ??_Ebad_exception@std@@UAEPAXI@Z 1008d010 f i LIBCMTD:frame.obj
 0002:00054010       ??_Gbad_exception@std@@UAEPAXI@Z 1008d010 f i LIBCMTD:frame.obj
 0002:00054050       ??0bad_exception@std@@QAE@ABV01@@Z 1008d050 f i LIBCMTD:frame.obj
 0002:00054270       ___TypeMatch               1008d270 f   LIBCMTD:frame.obj
 0002:00054350       ___FrameUnwindFilter       1008d350 f   LIBCMTD:frame.obj
 0002:000543f0       ___FrameUnwindToState      1008d3f0 f   LIBCMTD:frame.obj
 0002:00054a80       ___BuildCatchObjectHelper  1008da80 f   LIBCMTD:frame.obj
 0002:00054d90       ___BuildCatchObject        1008dd90 f   LIBCMTD:frame.obj
 0002:00054ee0       ___DestructExceptionObject 1008dee0 f   LIBCMTD:frame.obj
 0002:00054fc0       ___AdjustPointer           1008dfc0 f   LIBCMTD:frame.obj
 0002:00055020       ?__uncaught_exception@@YA_NXZ 1008e020 f   LIBCMTD:frame.obj
 0002:00055040       ___CxxExceptionFilter      1008e040 f   LIBCMTD:frame.obj
 0002:000552b0       ___CxxRegisterExceptionObject 1008e2b0 f   LIBCMTD:frame.obj
 0002:00055430       ___CxxDetectRethrow        1008e430 f   LIBCMTD:frame.obj
 0002:000554e0       ___CxxUnregisterExceptionObject 1008e4e0 f   LIBCMTD:frame.obj
 0002:000556c0       ___CxxQueryExceptionSize   1008e6c0 f   LIBCMTD:frame.obj
 0002:000556d0       ___CxxCallUnwindDtor       1008e6d0 f   LIBCMTD:frame.obj
 0002:00055770       ___CxxCallUnwindDelDtor    1008e770 f   LIBCMTD:frame.obj
 0002:00055810       ___CxxCallUnwindStdDelDtor 1008e810 f   LIBCMTD:frame.obj
 0002:000558b0       ___CxxCallUnwindVecDtor    1008e8b0 f   LIBCMTD:frame.obj
 0002:00055b80       ?_is_exception_typeof@@YAHABVtype_info@@PAU_EXCEPTION_POINTERS@@@Z 1008eb80 f   LIBCMTD:frame.obj
 0002:00055c90       __CallSettingFrame@12      1008ec90 f   LIBCMTD:lowhelpr.obj
 0002:00055cb7       __NLG_Return               1008ecb7     LIBCMTD:lowhelpr.obj
 0002:00055cf0       ___crtMessageBoxA          1008ecf0 f   LIBCMTD:crtmbox.obj
 0002:00055fa0       ____setlc_active_func      1008efa0 f   LIBCMTD:setlocal.obj
 0002:00055fb0       ____unguarded_readlc_active_add_func 1008efb0 f   LIBCMTD:setlocal.obj
 0002:00055fc0       __configthreadlocale       1008efc0 f   LIBCMTD:setlocal.obj
 0002:00056110       __locterm                  1008f110 f   LIBCMTD:setlocal.obj
 0002:000561d0       __free_locale              1008f1d0 f   LIBCMTD:setlocal.obj
 0002:00056360       ___free_locale             1008f360 f   LIBCMTD:setlocal.obj
 0002:00056380       __create_locale            1008f380 f   LIBCMTD:setlocal.obj
 0002:00056640       ___create_locale           1008f640 f   LIBCMTD:setlocal.obj
 0002:00056660       __get_current_locale       1008f660 f   LIBCMTD:setlocal.obj
 0002:000567c0       ___get_current_locale      1008f7c0 f   LIBCMTD:setlocal.obj
 0002:000567d0       _setlocale                 1008f7d0 f   LIBCMTD:setlocal.obj
 0002:00057a30       __expandlocale             10090a30 f   LIBCMTD:setlocal.obj
 0002:00057d80       ___init_dummy              10090d80 f   LIBCMTD:setlocal.obj
 0002:00057d90       __strcats                  10090d90 f   LIBCMTD:setlocal.obj
 0002:00057e30       ___lc_strtolc              10090e30 f   LIBCMTD:setlocal.obj
 0002:000580b0       ___lc_lctostr              100910b0 f   LIBCMTD:setlocal.obj
 0002:00058170       __stbuf                    10091170 f   LIBCMTD:_sftbuf.obj
 0002:00058320       __ftbuf                    10091320 f   LIBCMTD:_sftbuf.obj
 0002:000583d0       _vprintf_helper            100913d0 f   LIBCMTD:vprintf.obj
 0002:00058530       __vprintf_l                10091530 f   LIBCMTD:vprintf.obj
 0002:00058560       __vprintf_s_l              10091560 f   LIBCMTD:vprintf.obj
 0002:00058590       __vprintf_p_l              10091590 f   LIBCMTD:vprintf.obj
 0002:000585c0       _vprintf                   100915c0 f   LIBCMTD:vprintf.obj
 0002:000585f0       _vprintf_s                 100915f0 f   LIBCMTD:vprintf.obj
 0002:00058620       __vprintf_p                10091620 f   LIBCMTD:vprintf.obj
 0002:00058650       ___init_ctype              10091650 f   LIBCMTD:initctyp.obj
 0002:00058d70       ____mb_cur_max_func        10091d70 f   LIBCMTD:initctyp.obj
 0002:00058dd0       ____mb_cur_max_l_func      10091dd0 f   LIBCMTD:initctyp.obj
 0002:00058e10       ____lc_codepage_func       10091e10 f   LIBCMTD:initctyp.obj
 0002:00058e70       ____lc_collate_cp_func     10091e70 f   LIBCMTD:initctyp.obj
 0002:00058ed0       ____lc_handle_func         10091ed0 f   LIBCMTD:initctyp.obj
 0002:00058f30       _strtol                    10091f30 f   LIBCMTD:strtol.obj
 0002:000595b0       __strtol_l                 100925b0 f   LIBCMTD:strtol.obj
 0002:000595e0       _strtoul                   100925e0 f   LIBCMTD:strtol.obj
 0002:00059640       __strtoul_l                10092640 f   LIBCMTD:strtol.obj
 0002:00059670       __strnicmp_l               10092670 f   LIBCMTD:strnicmp.obj
 0002:00059940       __strnicmp                 10092940 f   LIBCMTD:strnicmp.obj
 0002:00059b30       _strncmp                   10092b30 f   LIBCMTD:strncmp.obj
 0002:00059d00       __woutput_s_l              10092d00 f   LIBCMTD:woutputs.obj
 0002:0005b530       __validate_param_reuseW    10094530 f   LIBCMTD:woutputp.obj
 0002:0005b840       __woutput_p_l              10094840 f   LIBCMTD:woutputp.obj
 0002:0005fdc0       _fputwc                    10098dc0 f   LIBCMTD:fputwc.obj
 0002:0005ff00       __fputwc_nolock            10098f00 f   LIBCMTD:fputwc.obj
 0002:000602b0       _putwc                     100992b0 f   LIBCMTD:fputwc.obj
 0002:000602d0       ?_ValidateRead@@YAHPBXI@Z  100992d0 f   LIBCMTD:validate.obj
 0002:00060300       ?_ValidateWrite@@YAHPAXI@Z 10099300 f   LIBCMTD:validate.obj
 0002:00060330       ?_ValidateExecute@@YAHP6GHXZ@Z 10099330 f   LIBCMTD:validate.obj
 0002:00060360       __CxxThrowException@8      10099360 f   LIBCMTD:throw.obj
 0002:000603d0       ?name@type_info@@QBEPBDPAU__type_info_node@@@Z 100993d0 f   LIBCMTD:typinfo.obj
 0002:00060400       ??1type_info@@UAE@XZ       10099400 f   LIBCMTD:typinfo.obj
 0002:00060430       ??_Etype_info@@UAEPAXI@Z   10099430 f i LIBCMTD:typinfo.obj
 0002:00060430       ??_Gtype_info@@UAEPAXI@Z   10099430 f i LIBCMTD:typinfo.obj
 0002:00060470       ?_name_internal_method@type_info@@QBEPBDPAU__type_info_node@@@Z 10099470 f   LIBCMTD:typinfo.obj
 0002:000604a0       ?_type_info_dtor_internal_method@type_info@@QAEXXZ 100994a0 f   LIBCMTD:typinfo.obj
 0002:000604c0       ??8type_info@@QBE_NABV0@@Z 100994c0 f   LIBCMTD:typinfo.obj
 0002:00060500       ??9type_info@@QBE_NABV0@@Z 10099500 f   LIBCMTD:typinfo.obj
 0002:00060540       ?before@type_info@@QBEHABV1@@Z 10099540 f   LIBCMTD:typinfo.obj
 0002:00060580       ?raw_name@type_info@@QBEPBDXZ 10099580 f   LIBCMTD:typinfo.obj
 0002:000605a0       ??0type_info@@AAE@ABV0@@Z  100995a0 f   LIBCMTD:typinfo.obj
 0002:000605d0       ??4type_info@@AAEAAV0@ABV0@@Z 100995d0 f   LIBCMTD:typinfo.obj
 0002:000605f0       ??0exception@std@@QAE@XZ   100995f0 f   LIBCMTD:stdexcpt.obj
 0002:00060630       ??_Eexception@std@@UAEPAXI@Z 10099630 f i LIBCMTD:stdexcpt.obj
 0002:00060630       ??_Gexception@std@@UAEPAXI@Z 10099630 f i LIBCMTD:stdexcpt.obj
 0002:00060670       ??0exception@std@@QAE@ABQBD@Z 10099670 f   LIBCMTD:stdexcpt.obj
 0002:000606c0       ??0exception@std@@QAE@ABQBDH@Z 100996c0 f   LIBCMTD:stdexcpt.obj
 0002:00060700       ??0exception@std@@QAE@ABV01@@Z 10099700 f   LIBCMTD:stdexcpt.obj
 0002:00060750       ??4exception@std@@QAEAAV01@ABV01@@Z 10099750 f   LIBCMTD:stdexcpt.obj
 0002:000607b0       ??1exception@std@@UAE@XZ   100997b0 f   LIBCMTD:stdexcpt.obj
 0002:000607e0       ?what@exception@std@@UBEPBDXZ 100997e0 f   LIBCMTD:stdexcpt.obj
 0002:00060820       ?_Copy_str@exception@std@@AAEXPBD@Z 10099820 f   LIBCMTD:stdexcpt.obj
 0002:000608a0       ?_Tidy@exception@std@@AAEXXZ 100998a0 f   LIBCMTD:stdexcpt.obj
 0002:000608f0       ??0bad_cast@std@@QAE@PBD@Z 100998f0 f   LIBCMTD:stdexcpt.obj
 0002:00060920       ??_Ebad_cast@std@@UAEPAXI@Z 10099920 f i LIBCMTD:stdexcpt.obj
 0002:00060920       ??_Gbad_cast@std@@UAEPAXI@Z 10099920 f i LIBCMTD:stdexcpt.obj
 0002:00060960       ??0bad_cast@std@@QAE@ABV01@@Z 10099960 f   LIBCMTD:stdexcpt.obj
 0002:00060990       ??1bad_cast@std@@UAE@XZ    10099990 f   LIBCMTD:stdexcpt.obj
 0002:000609c0       ??0bad_typeid@std@@QAE@PBD@Z 100999c0 f   LIBCMTD:stdexcpt.obj
 0002:000609f0       ??_Ebad_typeid@std@@UAEPAXI@Z 100999f0 f i LIBCMTD:stdexcpt.obj
 0002:000609f0       ??_Gbad_typeid@std@@UAEPAXI@Z 100999f0 f i LIBCMTD:stdexcpt.obj
 0002:00060a30       ??0bad_typeid@std@@QAE@ABV01@@Z 10099a30 f   LIBCMTD:stdexcpt.obj
 0002:00060a60       ??1bad_typeid@std@@UAE@XZ  10099a60 f   LIBCMTD:stdexcpt.obj
 0002:00060a90       ??0__non_rtti_object@std@@QAE@PBD@Z 10099a90 f   LIBCMTD:stdexcpt.obj
 0002:00060ac0       ??_G__non_rtti_object@std@@UAEPAXI@Z 10099ac0 f i LIBCMTD:stdexcpt.obj
 0002:00060ac0       ??_E__non_rtti_object@std@@UAEPAXI@Z 10099ac0 f i LIBCMTD:stdexcpt.obj
 0002:00060b00       ??0__non_rtti_object@std@@QAE@ABV01@@Z 10099b00 f   LIBCMTD:stdexcpt.obj
 0002:00060b30       ??1__non_rtti_object@std@@UAE@XZ 10099b30 f   LIBCMTD:stdexcpt.obj
 0002:00060b60       ??3@YAXPAX@Z               10099b60 f   LIBCMTD:dbgdel.obj
 0002:00060c80       _memmove                   10099c80 f   LIBCMTD:memmove.obj
 0002:000610c0       ___init_collate            1009a0c0 f   LIBCMTD:initcoll.obj
 0002:000610d0       _strcspn                   1009a0d0 f   LIBCMTD:strcspn.obj
 0002:00061130       _strpbrk                   1009a130 f   LIBCMTD:strpbrk.obj
 0002:00061180       _memcmp                    1009a180 f   LIBCMTD:memcmp.obj
 0002:00061ea0       ___get_qualified_locale    1009aea0 f   LIBCMTD:getqloc.obj
 0002:00063070       __tolower                  1009c070 f   LIBCMTD:tolower.obj
 0002:00063080       __tolower_l                1009c080 f   LIBCMTD:tolower.obj
 0002:000632d0       _tolower                   1009c2d0 f   LIBCMTD:tolower.obj
 0002:00063330       ___ascii_strnicmp          1009c330 f   LIBCMTD:_strnicm.obj
 0002:000633b0       _wcstol                    1009c3b0 f   LIBCMTD:wcstol.obj
 0002:00063870       __wcstol_l                 1009c870 f   LIBCMTD:wcstol.obj
 0002:000638a0       _wcstoul                   1009c8a0 f   LIBCMTD:wcstol.obj
 0002:000638d0       __wcstoul_l                1009c8d0 f   LIBCMTD:wcstol.obj
 0002:00063900       __flswbuf                  1009c900 f   LIBCMTD:_flswbuf.obj
 0002:00063c90       ?_Type_info_dtor@type_info@@CAXPAV1@@Z 1009cc90 f   LIBCMTD:typname.obj
 0002:00063de0       ?_Name_base@type_info@@CAPBDPBV1@PAU__type_info_node@@@Z 1009cde0 f   LIBCMTD:typname.obj
 0002:00063ff0       ?_Type_info_dtor_internal@type_info@@CAXPAV1@@Z 1009cff0 f   LIBCMTD:typname.obj
 0002:00064140       ___unDNameHelper           1009d140 f   LIBCMTD:typname.obj
 0002:00064190       ?_Name_base_internal@type_info@@CAPBDPBV1@PAU__type_info_node@@@Z 1009d190 f   LIBCMTD:typname.obj
 0002:000643c0       ___clean_type_info_names_internal 1009d3c0 f   LIBCMTD:typname.obj
 0002:000644a0       __stricmp_l                1009d4a0 f   LIBCMTD:stricmp.obj
 0002:000646b0       ___ascii_stricmp           1009d6b0 f   LIBCMTD:stricmp.obj
 0002:00064740       __stricmp                  1009d740 f   LIBCMTD:stricmp.obj
 0002:00064890       _atol                      1009d890 f   LIBCMTD:atox.obj
 0002:000648b0       __atol_l                   1009d8b0 f   LIBCMTD:atox.obj
 0002:000648e0       _atoi                      1009d8e0 f   LIBCMTD:atox.obj
 0002:00064900       __atoi_l                   1009d900 f   LIBCMTD:atox.obj
 0002:00064920       __atoi64                   1009d920 f   LIBCMTD:atox.obj
 0002:00064940       __atoi64_l                 1009d940 f   LIBCMTD:atox.obj
 0002:00064970       __wchartodigit             1009d970 f   LIBCMTD:wchtodig.obj
 0002:00064d60       ___unDName                 1009dd60 f   LIBCMTD:undname.obj
 0002:00064e70       ?Constructor@_HeapManager@@QAEXP6APAXI@ZP6AXPAX@Z@Z 1009de70 f i LIBCMTD:undname.obj
 0002:00064ec0       ?Destructor@_HeapManager@@QAEXXZ 1009dec0 f i LIBCMTD:undname.obj
 0002:00064f20       ___unDNameEx               1009df20 f   LIBCMTD:undname.obj
 0002:00065030       ??0UnDecorator@@QAE@PADPBDHP6APADJ@ZK@Z 1009e030 f i LIBCMTD:undname.obj
 0002:000650f0       ??BUnDecorator@@QAEPADXZ   1009e0f0 f i LIBCMTD:undname.obj
 0002:000653b0       ?dbGetString@DName@@QBEPADXZ 1009e3b0 f   LIBCMTD:undname.obj
 0002:000653e0       ?getDecoratedName@UnDecorator@@CA?AVDName@@XZ 1009e3e0 f   LIBCMTD:undname.obj
 0002:000657c0       ?getSymbolName@UnDecorator@@CA?AVDName@@XZ 1009e7c0 f i LIBCMTD:undname.obj
 0002:00065850       ?getZName@UnDecorator@@CA?AVDName@@_N0@Z 1009e850 f   LIBCMTD:undname.obj
 0002:00065ba0       ?getOperatorName@UnDecorator@@CA?AVDName@@_NPA_N@Z 1009eba0 f i LIBCMTD:undname.obj
 0002:00066760       ?getStringEncoding@UnDecorator@@CA?AVDName@@PADH@Z 1009f760 f   LIBCMTD:undname.obj
 0002:000668a0       ?getScope@UnDecorator@@CA?AVDName@@XZ 1009f8a0 f   LIBCMTD:undname.obj
 0002:00066d70       ?getSignedDimension@UnDecorator@@CA?AVDName@@XZ 1009fd70 f   LIBCMTD:undname.obj
 0002:00066e10       ?getDimension@UnDecorator@@CA?AVDName@@_N@Z 1009fe10 f   LIBCMTD:undname.obj
 0002:00067170       ?getNumberOfDimensions@UnDecorator@@CAHXZ 100a0170 f   LIBCMTD:undname.obj
 0002:000672b0       ?getTemplateName@UnDecorator@@CA?AVDName@@_N@Z 100a02b0 f   LIBCMTD:undname.obj
 0002:000674e0       ?getTemplateArgumentList@UnDecorator@@CA?AVDName@@XZ 100a04e0 f   LIBCMTD:undname.obj
 0002:00067800       ?getTemplateConstant@UnDecorator@@CA?AVDName@@XZ 100a0800 f   LIBCMTD:undname.obj
 0002:00067db0       ?composeDeclaration@UnDecorator@@CA?AVDName@@ABV2@@Z 100a0db0 f i LIBCMTD:undname.obj
 0002:00069920       ?getTypeEncoding@UnDecorator@@CAHXZ 100a2920 f i LIBCMTD:undname.obj
 0002:0006a5f0       ?getBasedType@UnDecorator@@CA?AVDName@@XZ 100a35f0 f   LIBCMTD:undname.obj
 0002:0006a6e0       ?getScopedName@UnDecorator@@CA?AVDName@@XZ 100a36e0 f   LIBCMTD:undname.obj
 0002:0006a840       ?getCallingConvention@UnDecorator@@CA?AVDName@@XZ 100a3840 f   LIBCMTD:undname.obj
 0002:0006aa10       ?getReturnType@UnDecorator@@CA?AVDName@@PAV2@@Z 100a3a10 f   LIBCMTD:undname.obj
 0002:0006aa70       ?getDataType@UnDecorator@@CA?AVDName@@PAV2@@Z 100a3a70 f   LIBCMTD:undname.obj
 0002:0006abd0       ?getPrimaryDataType@UnDecorator@@CA?AVDName@@ABV2@@Z 100a3bd0 f   LIBCMTD:undname.obj
 0002:0006b050       ?getArgumentTypes@UnDecorator@@CA?AVDName@@XZ 100a4050 f   LIBCMTD:undname.obj
 0002:0006b200       ?getArgumentList@UnDecorator@@CA?AVDName@@XZ 100a4200 f   LIBCMTD:undname.obj
 0002:0006b3a0       ?getThrowTypes@UnDecorator@@CA?AVDName@@XZ 100a43a0 f   LIBCMTD:undname.obj
 0002:0006b480       ?getBasicDataType@UnDecorator@@CA?AVDName@@ABV2@@Z 100a4480 f   LIBCMTD:undname.obj
 0002:0006bbb0       ?getECSUDataType@UnDecorator@@CA?AVDName@@XZ 100a4bb0 f   LIBCMTD:undname.obj
 0002:0006be00       ?getECSUName@UnDecorator@@CA?AVDName@@XZ 100a4e00 f i LIBCMTD:undname.obj
 0002:0006be20       ?getEnumType@UnDecorator@@CA?AVDName@@XZ 100a4e20 f i LIBCMTD:undname.obj
 0002:0006bfc0       ?getFunctionIndirectType@UnDecorator@@CA?AVDName@@ABV2@@Z 100a4fc0 f   LIBCMTD:undname.obj
 0002:0006c510       ?getPtrRefType@UnDecorator@@CA?AVDName@@ABV2@0PBD@Z 100a5510 f   LIBCMTD:undname.obj
 0002:0006c6d0       ?getExtendedDataIndirectType@UnDecorator@@CA?AVDName@@AAPBDAA_NH@Z 100a56d0 f   LIBCMTD:undname.obj
 0002:0006c980       ?getDataIndirectType@UnDecorator@@CA?AVDName@@ABV2@PBD0H@Z 100a5980 f   LIBCMTD:undname.obj
 0002:0006d240       ?getPtrRefDataType@UnDecorator@@CA?AVDName@@ABV2@H@Z 100a6240 f i LIBCMTD:undname.obj
 0002:0006d3d0       ?getArrayType@UnDecorator@@CA?AVDName@@ABV2@@Z 100a63d0 f i LIBCMTD:undname.obj
 0002:0006d690       ?getLexicalFrame@UnDecorator@@CA?AVDName@@XZ 100a6690 f i LIBCMTD:undname.obj
 0002:0006d6e0       ?getThisType@UnDecorator@@CA?AVDName@@XZ 100a66e0 f i LIBCMTD:undname.obj
 0002:0006d730       ?getPointerType@UnDecorator@@CA?AVDName@@ABV2@0@Z 100a6730 f i LIBCMTD:undname.obj
 0002:0006d770       ?getPointerTypeArray@UnDecorator@@CA?AVDName@@ABV2@0@Z 100a6770 f i LIBCMTD:undname.obj
 0002:0006d7b0       ?getReferenceType@UnDecorator@@CA?AVDName@@ABV2@0PBD@Z 100a67b0 f i LIBCMTD:undname.obj
 0002:0006d7e0       ?getDisplacement@UnDecorator@@CA?AVDName@@XZ 100a67e0 f i LIBCMTD:undname.obj
 0002:0006d800       ?getCallIndex@UnDecorator@@CA?AVDName@@XZ 100a6800 f i LIBCMTD:undname.obj
 0002:0006d820       ?getGuardNumber@UnDecorator@@CA?AVDName@@XZ 100a6820 f i LIBCMTD:undname.obj
 0002:0006d840       ?getVbTableType@UnDecorator@@CA?AVDName@@ABV2@@Z 100a6840 f i LIBCMTD:undname.obj
 0002:0006d860       ?getVCallThunkType@UnDecorator@@CA?AVDName@@XZ 100a6860 f i LIBCMTD:undname.obj
 0002:0006d8e0       ?getVfTableType@UnDecorator@@CA?AVDName@@ABV2@@Z 100a68e0 f i LIBCMTD:undname.obj
 0002:0006db10       ?getStorageConvention@UnDecorator@@CA?AVDName@@XZ 100a6b10 f i LIBCMTD:undname.obj
 0002:0006db30       ?getDataIndirectType@UnDecorator@@CA?AVDName@@XZ 100a6b30 f i LIBCMTD:undname.obj
 0002:0006db80       ?getVdispMapType@UnDecorator@@CA?AVDName@@ABV2@@Z 100a6b80 f i LIBCMTD:undname.obj
 0002:0006dc10       ?getExternalDataType@UnDecorator@@CA?AVDName@@ABV2@@Z 100a6c10 f i LIBCMTD:undname.obj
 0002:0006dcd0       ?doMSKeywords@UnDecorator@@SAHXZ 100a6cd0 f i LIBCMTD:undname.obj
 0002:0006dcf0       ?doPtr64@UnDecorator@@SAHXZ 100a6cf0 f i LIBCMTD:undname.obj
 0002:0006dd10       ?doFunctionReturns@UnDecorator@@SAHXZ 100a6d10 f i LIBCMTD:undname.obj
 0002:0006dd30       ?doAllocationModel@UnDecorator@@SAHXZ 100a6d30 f i LIBCMTD:undname.obj
 0002:0006dd50       ?doAllocationLanguage@UnDecorator@@SAHXZ 100a6d50 f i LIBCMTD:undname.obj
 0002:0006dd70       ?doThisTypes@UnDecorator@@SAHXZ 100a6d70 f i LIBCMTD:undname.obj
 0002:0006dd90       ?doAccessSpecifiers@UnDecorator@@SAHXZ 100a6d90 f i LIBCMTD:undname.obj
 0002:0006ddb0       ?doThrowTypes@UnDecorator@@SAHXZ 100a6db0 f i LIBCMTD:undname.obj
 0002:0006ddd0       ?doMemberTypes@UnDecorator@@SAHXZ 100a6dd0 f i LIBCMTD:undname.obj
 0002:0006ddf0       ?doNameOnly@UnDecorator@@SAHXZ 100a6df0 f i LIBCMTD:undname.obj
 0002:0006de10       ?doTypeOnly@UnDecorator@@SAHXZ 100a6e10 f i LIBCMTD:undname.obj
 0002:0006de30       ?haveTemplateParameters@UnDecorator@@SAHXZ 100a6e30 f i LIBCMTD:undname.obj
 0002:0006de50       ?doEcsu@UnDecorator@@SAHXZ 100a6e50 f i LIBCMTD:undname.obj
 0002:0006de70       ?doEllipsis@UnDecorator@@SAHXZ 100a6e70 f i LIBCMTD:undname.obj
 0002:0006de90       ?UScore@UnDecorator@@SAPBDW4Tokens@@@Z 100a6e90 f   LIBCMTD:undname.obj
 0002:0006ded0       ?doUnderScore@UnDecorator@@SAHXZ 100a6ed0 f i LIBCMTD:undname.obj
 0002:0006def0       ??2@YAPAXIAAV_HeapManager@@H@Z 100a6ef0 f i LIBCMTD:undname.obj
 0002:0006df10       ?getMemory@_HeapManager@@QAEPAXIH@Z 100a6f10 f   LIBCMTD:undname.obj
 0002:0006e060       ??0Block@_HeapManager@@QAE@XZ 100a7060 f i LIBCMTD:undname.obj
 0002:0006e080       ??H@YA?AVDName@@DABV0@@Z   100a7080 f i LIBCMTD:undname.obj
 0002:0006e0c0       ??H@YA?AVDName@@W4DNameStatus@@ABV0@@Z 100a70c0 f i LIBCMTD:undname.obj
 0002:0006e100       ??H@YA?AVDName@@PBDABV0@@Z 100a7100 f i LIBCMTD:undname.obj
 0002:0006e140       ??0DName@@QAE@XZ           100a7140 f i LIBCMTD:undname.obj
 0002:0006e230       ??0DName@@QAE@D@Z          100a7230 f   LIBCMTD:undname.obj
 0002:0006e340       ??0DName@@QAE@ABV0@@Z      100a7340 f i LIBCMTD:undname.obj
 0002:0006e370       ??0DName@@QAE@PAV0@@Z      100a7370 f   LIBCMTD:undname.obj
 0002:0006e4f0       ??0DName@@QAE@PBD@Z        100a74f0 f   LIBCMTD:undname.obj
 0002:0006e620       ??0DName@@QAE@AAPBDD@Z     100a7620 f   LIBCMTD:undname.obj
 0002:0006e990       ?doNoIdentCharCheck@UnDecorator@@SAHXZ 100a7990 f i LIBCMTD:undname.obj
 0002:0006e9b0       ??0DName@@QAE@_K@Z         100a79b0 f   LIBCMTD:undname.obj
 0002:0006eb40       ??0DName@@QAE@_J@Z         100a7b40 f   LIBCMTD:undname.obj
 0002:0006ed20       ??0DName@@QAE@W4DNameStatus@@@Z 100a7d20 f   LIBCMTD:undname.obj
 0002:0006ee80       ?isValid@DName@@QBEHXZ     100a7e80 f i LIBCMTD:undname.obj
 0002:0006eeb0       ?isEmpty@DName@@QBEHXZ     100a7eb0 f i LIBCMTD:undname.obj
 0002:0006eed0       ?status@DName@@QBE?AW4DNameStatus@@XZ 100a7ed0 f i LIBCMTD:undname.obj
 0002:0006eef0       ?setPtrRef@DName@@QAEAAV1@XZ 100a7ef0 f i LIBCMTD:undname.obj
[...]
 0003:00013840       ??_R4bad_exception@std@@6B@ 100bf840     LIBCMTD:frame.obj
 0003:00013858       ??_R3bad_exception@std@@8  100bf858     LIBCMTD:frame.obj
 0003:0001386c       ??_R2bad_exception@std@@8  100bf86c     LIBCMTD:frame.obj
 0003:00013878       ??_R1A@?0A@EA@bad_exception@std@@8 100bf878     LIBCMTD:frame.obj
 0003:0001389c       ??_R1A@?0A@EA@exception@std@@8 100bf89c     LIBCMTD:frame.obj
 0003:000138c0       ??_R3exception@std@@8      100bf8c0     LIBCMTD:frame.obj
 0003:000138d4       ??_R2exception@std@@8      100bf8d4     LIBCMTD:frame.obj
 0003:000138dc       ??_R4type_info@@6B@        100bf8dc     LIBCMTD:typinfo.obj
 0003:000138f4       ??_R3type_info@@8          100bf8f4     LIBCMTD:typinfo.obj
 0003:00013908       ??_R2type_info@@8          100bf908     LIBCMTD:typinfo.obj
 0003:00013910       ??_R1A@?0A@EA@type_info@@8 100bf910     LIBCMTD:typinfo.obj
 0003:00013934       ??_R4exception@std@@6B@    100bf934     LIBCMTD:stdexcpt.obj
 0003:0001394c       ??_R4bad_cast@std@@6B@     100bf94c     LIBCMTD:stdexcpt.obj
 0003:00013964       ??_R3bad_cast@std@@8       100bf964     LIBCMTD:stdexcpt.obj
 0003:00013978       ??_R2bad_cast@std@@8       100bf978     LIBCMTD:stdexcpt.obj
 0003:00013984       ??_R1A@?0A@EA@bad_cast@std@@8 100bf984     LIBCMTD:stdexcpt.obj
 0003:000139a8       ??_R4bad_typeid@std@@6B@   100bf9a8     LIBCMTD:stdexcpt.obj
 0003:000139c0       ??_R3bad_typeid@std@@8     100bf9c0     LIBCMTD:stdexcpt.obj
 0003:000139d4       ??_R2bad_typeid@std@@8     100bf9d4     LIBCMTD:stdexcpt.obj
 0003:000139e0       ??_R1A@?0A@EA@bad_typeid@std@@8 100bf9e0     LIBCMTD:stdexcpt.obj
 0003:00013a04       ??_R4__non_rtti_object@std@@6B@ 100bfa04     LIBCMTD:stdexcpt.obj
 0003:00013a1c       ??_R3__non_rtti_object@std@@8 100bfa1c     LIBCMTD:stdexcpt.obj
 0003:00013a30       ??_R2__non_rtti_object@std@@8 100bfa30     LIBCMTD:stdexcpt.obj
 0003:00013a40       ??_R1A@?0A@EA@__non_rtti_object@std@@8 100bfa40     LIBCMTD:stdexcpt.obj
 0003:00013b70       ___rtc_iaa                 100bfb70     LIBCMTD:_initsect_.obj
 0003:00013c74       ___rtc_izz                 100bfc74     LIBCMTD:_initsect_.obj
 0003:00013d78       ___rtc_taa                 100bfd78     LIBCMTD:_initsect_.obj
 0003:00013e7c       ___rtc_tzz                 100bfe7c     LIBCMTD:_initsect_.obj
 0003:000147e0       __TI2?AVbad_exception@std@@ 100c07e0     LIBCMTD:frame.obj
 0003:000147f4       __CTA2?AVbad_exception@std@@ 100c07f4     LIBCMTD:frame.obj
 0003:00014804       __CT??_R0?AVbad_exception@std@@@8??0bad_exception@std@@QAE@ABV01@@Z12 100c0804     LIBCMTD:frame.obj
 0003:00014824       __CT??_R0?AVexception@std@@@8??0exception@std@@QAE@ABV01@@Z12 100c0824     LIBCMTD:frame.obj
 0004:00000210       ___badioinfo               100c2210     LIBCMTD:ioinit.obj
 0004:00000260       ___security_cookie         100c2260     LIBCMTD:gs_cookie.obj
 0004:00000264       ___security_cookie_complement 100c2264     LIBCMTD:gs_cookie.obj
 0004:00000268       __lookuptrailbytes         100c2268     LIBCMTD:read.obj
 0004:000003a0       ___initialmbcinfo          100c23a0     LIBCMTD:mbctype.obj
 0004:000005c0       __mbctype                  100c25c0     LIBCMTD:mbctype.obj
 0004:000006c8       __mbcasemap                100c26c8     LIBCMTD:mbctype.obj
 0004:000007c8       ___ptmbcinfo               100c27c8     LIBCMTD:mbctype.obj
 0004:000009c8       ___globallocalestatus      100c29c8     LIBCMTD:glstatus.obj
 0004:000009cc       ___clocalestr              100c29cc     LIBCMTD:nlsdata2.obj
 0004:000009d0       ___lc_time_c               100c29d0     LIBCMTD:nlsdata2.obj
 0004:00000b80       ___initiallocinfo          100c2b80     LIBCMTD:nlsdata2.obj
 0004:00000c84       ___ptlocinfo               100c2c84     LIBCMTD:nlsdata2.obj
 0004:00000c88       ___initiallocalestructinfo 100c2c88     LIBCMTD:nlsdata2.obj
 0004:00000c94       ___flsindex                100c2c94     LIBCMTD:tidtable.obj
 0004:00000c98       ___getvalueindex           100c2c98     LIBCMTD:tidtable.obj
 0004:00000ca0       __crtDbgFlag               100c2ca0     LIBCMTD:dbgheap.obj
 0004:00000ca4       ___crtDebugFillThreshold   100c2ca4     LIBCMTD:dbgheap.obj
 0004:00000cac       __crtBreakAlloc            100c2cac     LIBCMTD:dbgheap.obj
 0004:00000cb8       ___nullstring              100c2cb8     LIBCMTD:output.obj
 0004:00000cbc       ___wnullstring             100c2cbc     LIBCMTD:output.obj
 0004:00000cc8       __sys_errlist              100c2cc8     LIBCMTD:syserr.obj
 0004:00000d78       __sys_nerr                 100c2d78     LIBCMTD:syserr.obj
 0004:00000da0       __iob                      100c2da0     LIBCMTD:_file.obj
 0004:000011fc       __pfnAllocHook             100c31fc     LIBCMTD:dbghook.obj
 0004:00001200       __crtAssertBusy            100c3200     LIBCMTD:dbgrptt.obj
 0004:00001204       __CrtDbgMode               100c3204     LIBCMTD:dbgrptt.obj
 0004:00001210       __CrtDbgFile               100c3210     LIBCMTD:dbgrptt.obj
 0004:00001224       __cfltcvt_tab              100c3224     LIBCMTD:cmiscdat.obj
 0004:00001258       ___lconv_static_decimal    100c3258     LIBCMTD:lconv.obj
 0004:0000125c       ___lconv_static_W_decimal  100c325c     LIBCMTD:lconv.obj
 0004:00001260       ___lconv_c                 100c3260     LIBCMTD:lconv.obj
 0004:000012b0       ___lconv                   100c32b0     LIBCMTD:lconv.obj
 0004:000012c8       __pctype                   100c32c8     LIBCMTD:ctype.obj
 0004:000012cc       __pwctype                  100c32cc     LIBCMTD:ctype.obj
 0004:000012e0       __NLG_Destination          100c32e0     LIBCMTD:exsup.obj
 0004:000012f4       __confh                    100c32f4     LIBCMTD:initcon.obj
 0004:000012f8       ___abort_behavior          100c32f8     LIBCMTD:abort.obj
 0004:000012fc       ??_R0?AVbad_exception@std@@@8 100c32fc     LIBCMTD:frame.obj
 0004:00001324       ??_R0?AVexception@std@@@8  100c3324     LIBCMTD:frame.obj
 0004:00001354       ??_R0?AVtype_info@@@8      100c3354     LIBCMTD:typinfo.obj
 0004:00001370       ??_R0?AVbad_cast@std@@@8   100c3370     LIBCMTD:stdexcpt.obj
 0004:00001390       ??_R0?AVbad_typeid@std@@@8 100c3390     LIBCMTD:stdexcpt.obj
 0004:000013b4       ??_R0?AV__non_rtti_object@std@@@8 100c33b4     LIBCMTD:stdexcpt.obj
 0004:000013e0       ___mb_cur_max              100c33e0     LIBCMTD:nlsdata1.obj
 0004:000013e4       ___decimal_point           100c33e4     LIBCMTD:nlsdata1.obj
 0004:000013e8       ___decimal_point_length    100c33e8     LIBCMTD:nlsdata1.obj
 0004:00001528       __aenvptr                  100c3528     LIBCMTD:dllcrt0.obj
 0004:0000152c       __wenvptr                  100c352c     LIBCMTD:dllcrt0.obj
 0004:00001530       ___error_mode              100c3530     LIBCMTD:dllcrt0.obj
 0004:00001534       ___app_type                100c3534     LIBCMTD:dllcrt0.obj
 0004:0000153c       ___pInvalidArgHandler      100c353c     LIBCMTD:invarg.obj
 0004:00001540       __umaskval                 100c3540     LIBCMTD:crt0dat.obj
 0004:00001544       ___argc                    100c3544     LIBCMTD:crt0dat.obj
 0004:00001548       ___argv                    100c3548     LIBCMTD:crt0dat.obj
 0004:0000154c       ___wargv                   100c354c     LIBCMTD:crt0dat.obj
 0004:00001550       __environ                  100c3550     LIBCMTD:crt0dat.obj
 0004:00001554       ___initenv                 100c3554     LIBCMTD:crt0dat.obj
 0004:00001558       __wenviron                 100c3558     LIBCMTD:crt0dat.obj
 0004:0000155c       ___winitenv                100c355c     LIBCMTD:crt0dat.obj
 0004:00001560       __pgmptr                   100c3560     LIBCMTD:crt0dat.obj
 0004:00001564       __wpgmptr                  100c3564     LIBCMTD:crt0dat.obj
 0004:00001568       __exitflag                 100c3568     LIBCMTD:crt0dat.obj
 0004:0000156c       __C_Termination_Done       100c356c     LIBCMTD:crt0dat.obj
 0004:00001570       __C_Exit_Done              100c3570     LIBCMTD:crt0dat.obj
 0004:00001588       ___mbulinfo                100c3588     LIBCMTD:mbctype.obj
 0004:00001594       ___mbcodepage              100c3594     LIBCMTD:mbctype.obj
 0004:00001598       ___ismbcodepage            100c3598     LIBCMTD:mbctype.obj
 0004:0000159c       ___mblcid                  100c359c     LIBCMTD:mbctype.obj
 0004:000015a8       _gpFlsAlloc                100c35a8     LIBCMTD:tidtable.obj
 0004:000015ac       _gpFlsGetValue             100c35ac     LIBCMTD:tidtable.obj
 0004:000015b0       _gpFlsSetValue             100c35b0     LIBCMTD:tidtable.obj
 0004:000015b4       _gpFlsFree                 100c35b4     LIBCMTD:tidtable.obj
 0004:000015d0       ?_pfnDumpClient@@3P6AXPAXI@ZA 100c35d0     LIBCMTD:dbgheap.obj
 0004:000015d8       ___crtDebugCheckCount      100c35d8     LIBCMTD:dbgheap.obj
 0004:000015e8       __newmode                  100c35e8     LIBCMTD:_newmode.obj
 0004:000015ec       __cflush                   100c35ec     LIBCMTD:_file.obj
 0004:0000172c       __crtheap                  100c372c     LIBCMTD:heapinit.obj
 0004:00002074       ?__pInconsistency@@3P6AXXZA 100c4074     LIBCMTD:hooks.obj
 0004:0000207c       ___pPurecall               100c407c     LIBCMTD:inithelp.obj
 0004:00002080       ?_pnhHeap@@3P6AHI@ZA       100c4080     LIBCMTD:handler.obj
 0004:00002084       __fmode                    100c4084     LIBCMTD:txtmode.obj
 0004:0000244c       ___lconv_static_null       100c444c     LIBCMTD:lconv.obj
 0004:00002450       ___lconv_static_W_null     100c4450     LIBCMTD:lconv.obj
 0004:00002458       __commode                  100c4458     LIBCMTD:ncommode.obj
 0004:00002474       ___locale_changed          100c4474     LIBCMTD:setlocal.obj
 0004:00002478       __stdbuf                   100c4478     LIBCMTD:_sftbuf.obj
 0004:000024a4       ?pArgList@UnDecorator@@0PAVReplicator@@A 100c44a4     LIBCMTD:undname.obj
 0004:000024a8       ?pZNameList@UnDecorator@@0PAVReplicator@@A 100c44a8     LIBCMTD:undname.obj
 0004:000024ac       ?pTemplateArgList@UnDecorator@@0PAVReplicator@@A 100c44ac     LIBCMTD:undname.obj
 0004:000024b0       ?gName@UnDecorator@@0PBDB  100c44b0     LIBCMTD:undname.obj
 0004:000024b4       ?name@UnDecorator@@0PBDB   100c44b4     LIBCMTD:undname.obj
 0004:000024b8       ?outputString@UnDecorator@@0PADA 100c44b8     LIBCMTD:undname.obj
 0004:000024bc       ?maxStringLength@UnDecorator@@0HA 100c44bc     LIBCMTD:undname.obj
 0004:000024c0       ?disableFlags@UnDecorator@@0KA 100c44c0     LIBCMTD:undname.obj
 0004:000024c4       ?m_pGetParameter@UnDecorator@@0P6APADJ@ZA 100c44c4     LIBCMTD:undname.obj
 0004:000024c8       ?fExplicitTemplateParams@UnDecorator@@0_NA 100c44c8     LIBCMTD:undname.obj
 0004:000024c9       ?fGetTemplateArgumentList@UnDecorator@@0_NA 100c44c9     LIBCMTD:undname.obj
 0004:00002538       ?nodes@?1??make@DNameStatusNode@@SAPAV2@W4DNameStatus@@@Z@4PAV2@A 100c4538     LIBCMTD:undname.obj
 0004:00002574       ??_B?1??make@DNameStatusNode@@SAPAV1@W4DNameStatus@@@Z@51 100c4574     LIBCMTD:undname.obj
 0004:00002578       ___setlc_active            100c4578     <common>
 0004:00002588       ___unguarded_readlc_active 100c4588     <common>
 0004:0000258c       __pfnReportHook            100c458c     <common>
 0004:0000259c       __pReportHookListW         100c459c     <common>
 0004:000025a0       __pReportHookList          100c45a0     <common>
 0004:000025a4       __debugger_hook_dummy      100c45a4     <common>
 0004:000025b0       ___piob                    100c45b0     <common>
 0004:00002900       __bufin                    100c4900     <common>
 0004:00003900       __nstream                  100c5900     <common>
 0004:00003904       ___env_initialized         100c5904     <common>
 0004:00003914       ___onexitend               100c5914     <common>
 0004:00003918       ___onexitbegin             100c5918     <common>
 0004:0000391c       ___mbctype_initialized     100c591c     <common>
 0004:00003920       __FPinit                   100c5920     <common>
 0004:00003924       ___dyn_tls_init_callback   100c5924     <common>
 0004:00003928       __nhandle                  100c5928     <common>
 0004:00003980       ___pioinfo                 100c5980     <common>
 0004:00003a80       ___sse2_available          100c5a80     <common>
 0004:00003a8c       __acmdln                   100c5a8c     <common>
 0005:00000000       __IMPORT_DESCRIPTOR_KERNEL32 100c6000     kernel32:KERNEL32.dll
 0005:00000014       __NULL_IMPORT_DESCRIPTOR   100c6014     kernel32:KERNEL32.dll
 0005:000001dc       __imp__CreateFileA@28      100c61dc     kernel32:KERNEL32.dll
 0005:000001e0       __imp__CloseHandle@4       100c61e0     kernel32:KERNEL32.dll
 0005:000001e4       __imp__CreateFileW@28      100c61e4     kernel32:KERNEL32.dll
 0005:000001e8       __imp__GetLastError@0      100c61e8     kernel32:KERNEL32.dll
 0005:000001ec       __imp__ReadFile@20         100c61ec     kernel32:KERNEL32.dll
 0005:000001f0       __imp__WriteFile@20        100c61f0     kernel32:KERNEL32.dll
 0005:000001f4       __imp__SetFilePointer@16   100c61f4     kernel32:KERNEL32.dll
 0005:000001f8       __imp__GetFileType@4       100c61f8     kernel32:KERNEL32.dll
 0005:000001fc       __imp__WideCharToMultiByte@32 100c61fc     kernel32:KERNEL32.dll
 0005:00000200       __imp__GetSystemTimeAsFileTime@4 100c6200     kernel32:KERNEL32.dll
 0005:00000204       __imp__GetCurrentThreadId@0 100c6204     kernel32:KERNEL32.dll
 0005:00000208       __imp__DecodePointer@4     100c6208     kernel32:KERNEL32.dll
 0005:0000020c       __imp__GetCommandLineA@0   100c620c     kernel32:KERNEL32.dll
 0005:00000210       __imp__IsProcessorFeaturePresent@4 100c6210     kernel32:KERNEL32.dll
 0005:00000214       __imp__LeaveCriticalSection@4 100c6214     kernel32:KERNEL32.dll
 0005:00000218       __imp__EnterCriticalSection@4 100c6218     kernel32:KERNEL32.dll
 0005:0000021c       __imp__InitializeCriticalSectionAndSpinCount@8 100c621c     kernel32:KERNEL32.dll
 0005:00000220       __imp__SetStdHandle@8      100c6220     kernel32:KERNEL32.dll
 0005:00000224       __imp__SetHandleCount@4    100c6224     kernel32:KERNEL32.dll
 0005:00000228       __imp__GetStdHandle@4      100c6228     kernel32:KERNEL32.dll
 0005:0000022c       __imp__GetStartupInfoW@4   100c622c     kernel32:KERNEL32.dll
 0005:00000230       __imp__DeleteCriticalSection@4 100c6230     kernel32:KERNEL32.dll
 0005:00000234       __imp__TerminateProcess@8  100c6234     kernel32:KERNEL32.dll
 0005:00000238       __imp__GetCurrentProcess@0 100c6238     kernel32:KERNEL32.dll
 0005:0000023c       __imp__UnhandledExceptionFilter@4 100c623c     kernel32:KERNEL32.dll
 0005:00000240       __imp__SetUnhandledExceptionFilter@4 100c6240     kernel32:KERNEL32.dll
 0005:00000244       __imp__IsDebuggerPresent@0 100c6244     kernel32:KERNEL32.dll
 0005:00000248       __imp__EncodePointer@4     100c6248     kernel32:KERNEL32.dll
 0005:0000024c       __imp__GetModuleFileNameW@12 100c624c     kernel32:KERNEL32.dll
 0005:00000250       __imp__GetConsoleCP@0      100c6250     kernel32:KERNEL32.dll
 0005:00000254       __imp__GetConsoleMode@8    100c6254     kernel32:KERNEL32.dll
 0005:00000258       __imp__SetEndOfFile@4      100c6258     kernel32:KERNEL32.dll
 0005:0000025c       __imp__HeapFree@12         100c625c     kernel32:KERNEL32.dll
 0005:00000260       __imp__HeapAlloc@12        100c6260     kernel32:KERNEL32.dll
 0005:00000264       __imp__GetProcessHeap@0    100c6264     kernel32:KERNEL32.dll
 0005:00000268       __imp__MultiByteToWideChar@24 100c6268     kernel32:KERNEL32.dll
 0005:0000026c       __imp__InterlockedIncrement@4 100c626c     kernel32:KERNEL32.dll
 0005:00000270       __imp__InterlockedDecrement@4 100c6270     kernel32:KERNEL32.dll
 0005:00000274       __imp__GetProcAddress@8    100c6274     kernel32:KERNEL32.dll
 0005:00000278       __imp__GetModuleHandleW@4  100c6278     kernel32:KERNEL32.dll
 0005:0000027c       __imp__ExitProcess@4       100c627c     kernel32:KERNEL32.dll
 0005:00000280       __imp__InterlockedExchange@8 100c6280     kernel32:KERNEL32.dll
 0005:00000284       __imp__GetACP@0            100c6284     kernel32:KERNEL32.dll
 0005:00000288       __imp__GetOEMCP@0          100c6288     kernel32:KERNEL32.dll
 0005:0000028c       __imp__GetCPInfo@8         100c628c     kernel32:KERNEL32.dll
 0005:00000290       __imp__IsValidCodePage@4   100c6290     kernel32:KERNEL32.dll
 0005:00000294       __imp__TlsAlloc@0          100c6294     kernel32:KERNEL32.dll
 0005:00000298       __imp__TlsGetValue@4       100c6298     kernel32:KERNEL32.dll
 0005:0000029c       __imp__TlsSetValue@8       100c629c     kernel32:KERNEL32.dll
 0005:000002a0       __imp__TlsFree@4           100c62a0     kernel32:KERNEL32.dll
 0005:000002a4       __imp__SetLastError@4      100c62a4     kernel32:KERNEL32.dll
 0005:000002a8       __imp__GetCurrentThread@0  100c62a8     kernel32:KERNEL32.dll
 0005:000002ac       __imp__HeapValidate@12     100c62ac     kernel32:KERNEL32.dll
 0005:000002b0       __imp__IsBadReadPtr@8      100c62b0     kernel32:KERNEL32.dll
 0005:000002b4       __imp__RtlUnwind@16        100c62b4     kernel32:KERNEL32.dll
 0005:000002b8       __imp__GetModuleFileNameA@12 100c62b8     kernel32:KERNEL32.dll
 0005:000002bc       __imp__FreeEnvironmentStringsW@4 100c62bc     kernel32:KERNEL32.dll
 0005:000002c0       __imp__GetEnvironmentStringsW@0 100c62c0     kernel32:KERNEL32.dll
 0005:000002c4       __imp__HeapCreate@12       100c62c4     kernel32:KERNEL32.dll
 0005:000002c8       __imp__HeapDestroy@4       100c62c8     kernel32:KERNEL32.dll
 0005:000002cc       __imp__QueryPerformanceCounter@4 100c62cc     kernel32:KERNEL32.dll
 0005:000002d0       __imp__GetTickCount@0      100c62d0     kernel32:KERNEL32.dll
 0005:000002d4       __imp__GetCurrentProcessId@0 100c62d4     kernel32:KERNEL32.dll
 0005:000002d8       __imp__FatalAppExitA@8     100c62d8     kernel32:KERNEL32.dll
 0005:000002dc       __imp__OutputDebugStringA@4 100c62dc     kernel32:KERNEL32.dll
 0005:000002e0       __imp__WriteConsoleW@20    100c62e0     kernel32:KERNEL32.dll
 0005:000002e4       __imp__OutputDebugStringW@4 100c62e4     kernel32:KERNEL32.dll
 0005:000002e8       __imp__SetConsoleCtrlHandler@8 100c62e8     kernel32:KERNEL32.dll
 0005:000002ec       __imp__LoadLibraryW@4      100c62ec     kernel32:KERNEL32.dll
 0005:000002f0       __imp__FreeLibrary@4       100c62f0     kernel32:KERNEL32.dll
 0005:000002f4       __imp__GetLocaleInfoW@16   100c62f4     kernel32:KERNEL32.dll
 0005:000002f8       __imp__LCMapStringW@24     100c62f8     kernel32:KERNEL32.dll
 0005:000002fc       __imp__GetStringTypeW@16   100c62fc     kernel32:KERNEL32.dll
 0005:00000300       __imp__HeapReAlloc@16      100c6300     kernel32:KERNEL32.dll
 0005:00000304       __imp__HeapSize@12         100c6304     kernel32:KERNEL32.dll
 0005:00000308       __imp__HeapQueryInformation@20 100c6308     kernel32:KERNEL32.dll
 0005:0000030c       __imp__FlushFileBuffers@4  100c630c     kernel32:KERNEL32.dll
 0005:00000310       __imp__RaiseException@16   100c6310     kernel32:KERNEL32.dll
 0005:00000314       __imp__GetLocaleInfoA@16   100c6314     kernel32:KERNEL32.dll
 0005:00000318       __imp__IsValidLocale@8     100c6318     kernel32:KERNEL32.dll
 0005:0000031c       __imp__EnumSystemLocalesA@8 100c631c     kernel32:KERNEL32.dll
 0005:00000320       __imp__GetUserDefaultLCID@0 100c6320     kernel32:KERNEL32.dll
 0005:00000324       \177KERNEL32_NULL_THUNK_DATA 100c6324     kernel32:KERNEL32.dll

 entry point at        0002:00000b5e

